Archive member included to satisfy reference by file (symbol)

/Applications/VEXcode.app/Contents/Resources/sdk/vexv5/libv5rt.a(v5_startup.c.obj)
                              (vexStartup)
/Applications/VEXcode.app/Contents/Resources/sdk/vexv5/libv5rt.a(v5_util.c.obj)
                              /Applications/VEXcode.app/Contents/Resources/sdk/vexv5/libv5rt.a(v5_startup.c.obj) (vexStdlibVersionLinked)
/Applications/VEXcode.app/Contents/Resources/sdk/vexv5/libv5rt.a(v5_apijump.c.obj)
                              /Applications/VEXcode.app/Contents/Resources/sdk/vexv5/libv5rt.a(v5_startup.c.obj) (vexPrivateApiEnable)
/Applications/VEXcode.app/Contents/Resources/sdk/vexv5/libv5rt.a(v5_apiversions.c.obj)
                              /Applications/VEXcode.app/Contents/Resources/sdk/vexv5/libv5rt.a(v5_apijump.c.obj) (vexSystemVersion)
/Applications/VEXcode.app/Contents/Resources/sdk/vexv5/libv5rt.a(vex_global.cpp.obj)
                              build/src/main.o (vex::PORT10)
/Applications/VEXcode.app/Contents/Resources/sdk/vexv5/libv5rt.a(vex_motor.cpp.obj)
                              build/src/main.o (vex::motor::~motor())
/Applications/VEXcode.app/Contents/Resources/sdk/vexv5/libv5rt.a(vex_controller.cpp.obj)
                              build/src/main.o (vex::controller::~controller())
/Applications/VEXcode.app/Contents/Resources/sdk/vexv5/libv5rt.a(vex_task.cpp.obj)
                              build/src/main.o (vex::task::sleep(unsigned long))
/Applications/VEXcode.app/Contents/Resources/sdk/vexv5/libv5rt.a(vex_event.cpp.obj)
                              /Applications/VEXcode.app/Contents/Resources/sdk/vexv5/libv5rt.a(vex_controller.cpp.obj) (vex::event::init(unsigned long, unsigned long, void (*)()))
/Applications/VEXcode.app/Contents/Resources/sdk/vexv5/libv5rt.a(vex_mevent.cpp.obj)
                              /Applications/VEXcode.app/Contents/Resources/sdk/vexv5/libv5rt.a(vex_controller.cpp.obj) (vex::mevent::mevent(unsigned long, unsigned long))
/Applications/VEXcode.app/Contents/Resources/sdk/vexv5/libv5rt.a(vex_brain.cpp.obj)
                              build/src/main.o (vex::brain::~brain())
/Applications/VEXcode.app/Contents/Resources/sdk/vexv5/libv5rt.a(vex_competition.cpp.obj)
                              build/src/main.o (vex::competition::competition())
/Applications/VEXcode.app/Contents/Resources/sdk/vexv5/libv5rt.a(vex_triport.cpp.obj)
                              /Applications/VEXcode.app/Contents/Resources/sdk/vexv5/libv5rt.a(vex_brain.cpp.obj) (vex::triport::~triport())
/Applications/VEXcode.app/Contents/Resources/sdk/vexv5/libv5rt.a(vex_color.cpp.obj)
                              /Applications/VEXcode.app/Contents/Resources/sdk/vexv5/libv5rt.a(vex_brain.cpp.obj) (vex::color::operator unsigned long() const)
/Applications/VEXcode.app/Contents/Resources/sdk/vexv5/libv5rt.a(vex_timer.cpp.obj)
                              /Applications/VEXcode.app/Contents/Resources/sdk/vexv5/libv5rt.a(vex_brain.cpp.obj) (vex::timer::~timer())
/Applications/VEXcode.app/Contents/Resources/sdk/vexv5/libv5rt.a(v5_apiuser.c.obj)
                              /Applications/VEXcode.app/Contents/Resources/sdk/vexv5/libv5rt.a(vex_triport.cpp.obj) (vexAdiPortConfigSet)
/Applications/VEXcode.app/Contents/Resources/sdk/vexv5/libv5rt.a(vex_device.cpp.obj)
                              /Applications/VEXcode.app/Contents/Resources/sdk/vexv5/libv5rt.a(vex_triport.cpp.obj) (vex::device::value())
/Applications/VEXcode.app/Contents/Resources/sdk/vexv5/gcc/libs/libc.a(lib_a-aeabi_memcpy.o)
                              build/src/main.o (__aeabi_memcpy4)
/Applications/VEXcode.app/Contents/Resources/sdk/vexv5/gcc/libs/libc.a(lib_a-fini.o)
                              /Applications/VEXcode.app/Contents/Resources/sdk/vexv5/libv5rt.a(v5_startup.c.obj) (__libc_fini_array)
/Applications/VEXcode.app/Contents/Resources/sdk/vexv5/gcc/libs/libc.a(lib_a-impure.o)
                              /Applications/VEXcode.app/Contents/Resources/sdk/vexv5/libv5rt.a(v5_startup.c.obj) (_impure_ptr)
/Applications/VEXcode.app/Contents/Resources/sdk/vexv5/gcc/libs/libc.a(lib_a-init.o)
                              /Applications/VEXcode.app/Contents/Resources/sdk/vexv5/libv5rt.a(v5_startup.c.obj) (__libc_init_array)
/Applications/VEXcode.app/Contents/Resources/sdk/vexv5/gcc/libs/libc.a(lib_a-memcpy.o)
                              /Applications/VEXcode.app/Contents/Resources/sdk/vexv5/gcc/libs/libc.a(lib_a-aeabi_memcpy.o) (memcpy)
/Applications/VEXcode.app/Contents/Resources/sdk/vexv5/gcc/libs/libc.a(lib_a-tolower.o)
                              /Applications/VEXcode.app/Contents/Resources/sdk/vexv5/libv5rt.a(vex_brain.cpp.obj) (tolower)
/Applications/VEXcode.app/Contents/Resources/sdk/vexv5/gcc/libs/libc.a(lib_a-ctype_.o)
                              /Applications/VEXcode.app/Contents/Resources/sdk/vexv5/gcc/libs/libc.a(lib_a-tolower.o) (__ctype_ptr__)

Allocating common symbols
Common symbol       size              file

[...]
Memory Configuration

Name             Origin             Length             Attributes
ps7_ddr_0_S_AXI_BASEADDR 0x0000000003800000 0x0000000004800000
*default*        0x0000000000000000 0xffffffffffffffff

Linker script and memory map

                0x0000000000002000                _STACK_SIZE = DEFINED (_STACK_SIZE)?_STACK_SIZE:0x2000
                0x0000000000100000                _HEAP_SIZE = DEFINED (_HEAP_SIZE)?_HEAP_SIZE:0x100000
                0x0000000000000400                _ABORT_STACK_SIZE = DEFINED (_ABORT_STACK_SIZE)?_ABORT_STACK_SIZE:0x400
                0x0000000000000800                _SUPERVISOR_STACK_SIZE = DEFINED (_SUPERVISOR_STACK_SIZE)?_SUPERVISOR_STACK_SIZE:0x800
                0x0000000000000400                _IRQ_STACK_SIZE = DEFINED (_IRQ_STACK_SIZE)?_IRQ_STACK_SIZE:0x400
                0x0000000000000400                _FIQ_STACK_SIZE = DEFINED (_FIQ_STACK_SIZE)?_FIQ_STACK_SIZE:0x400
                0x0000000000000400                _UNDEF_STACK_SIZE = DEFINED (_UNDEF_STACK_SIZE)?_UNDEF_STACK_SIZE:0x400

.text           0x0000000003800000     0x4210
 *(.vectors)
 *(.boot_data)
 .boot_data     0x0000000003800000       0x20 /Applications/VEXcode.app/Contents/Resources/sdk/vexv5/libv5rt.a(v5_startup.c.obj)
                0x0000000003800000                vexCodeSig
                0x0000000000000020                . = 0x20
 *(.boot)
 .boot          0x0000000003800020       0xbc /Applications/VEXcode.app/Contents/Resources/sdk/vexv5/libv5rt.a(v5_startup.c.obj)
                0x0000000003800020                vexStartup
                0x0000000003800100                . = ALIGN (0x40)
 *fill*         0x00000000038000dc       0x24 
 *(.freertos_vectors)
 *(.text)
 *(.text.*)
 .text._ZN13pidController5speedEdd
                0x0000000003800100       0x90 build/src/main.o
                0x0000000003800100                pidController::speed(double, double)
 .text._ZN4base8leftSpinEi
                0x0000000003800190       0x90 build/src/main.o
                0x0000000003800190                base::leftSpin(int)
 .text._ZN4base9rightSpinEi
                0x0000000003800220       0x90 build/src/main.o
                0x0000000003800220                base::rightSpin(int)
 .text._ZN4base4HoldEv
                0x00000000038002b0       0x58 build/src/main.o
                0x00000000038002b0                base::Hold()
 .text._ZN4base5BrakeEv
                0x0000000003800308       0x4c build/src/main.o
                0x0000000003800308                base::Brake()
 .text._ZN4base11userControlEib
                0x0000000003800354      0x240 build/src/main.o
                0x0000000003800354                base::userControl(int, bool)
 *fill*         0x0000000003800594        0x4 
 .text._ZN4base8drivePIDEddd
                0x0000000003800598      0x1d8 build/src/main.o
                0x0000000003800598                base::drivePID(double, double, double)
 .text._ZN4base7turnPIDEddd
                0x0000000003800770      0x26c build/src/main.o
                0x0000000003800770                base::turnPID(double, double, double)
 *fill*         0x00000000038009dc        0x4 
 .text._ZN4base15driveInches_EncE7dirTypedi
                0x00000000038009e0      0x168 build/src/main.o
                0x00000000038009e0                base::driveInches_Enc(dirType, double, int)
 .text._ZN6intake11userControlEv
                0x0000000003800b48      0x100 build/src/main.o
                0x0000000003800b48                intake::userControl()
 .text._ZN6tilter11buttonResetEv
                0x0000000003800c48       0x38 build/src/main.o
                0x0000000003800c48                tilter::buttonReset()
 .text._ZN6tilter11userControlEv
                0x0000000003800c80      0x180 build/src/main.o
                0x0000000003800c80                tilter::userControl()
 .text._ZN6tilter11robotDeployEv
                0x0000000003800e00      0x1d0 build/src/main.o
                0x0000000003800e00                tilter::robotDeploy()
 .text._Z9pre_autonv
                0x0000000003800fd0       0x50 build/src/main.o
                0x0000000003800fd0                pre_auton()
 .text._Z9autoScorev
                0x0000000003801020       0xd8 build/src/main.o
                0x0000000003801020                autoScore()
 .text._Z5scorev
                0x00000000038010f8      0x148 build/src/main.o
                0x00000000038010f8                score()
 .text._Z9blueAutonv
                0x0000000003801240      0x2c8 build/src/main.o
                0x0000000003801240                blueAuton()
 .text._Z10autonomousv
                0x0000000003801508       0x60 build/src/main.o
                0x0000000003801508                autonomous()
 .text._Z11usercontrolv
                0x0000000003801568       0xf4 build/src/main.o
                0x0000000003801568                usercontrol()
 .text.main     0x000000000380165c       0xb4 build/src/main.o
                0x000000000380165c                main
 .text._GLOBAL__sub_I_main.cpp
                0x0000000003801710      0x41c build/src/main.o
 .text.vexMain  0x0000000003801b2c       0xb0 /Applications/VEXcode.app/Contents/Resources/sdk/vexv5/libv5rt.a(v5_startup.c.obj)
                0x0000000003801b2c                vexMain
 .text.__vex_function_prolog
                0x0000000003801bdc       0x18 /Applications/VEXcode.app/Contents/Resources/sdk/vexv5/libv5rt.a(v5_startup.c.obj)
                0x0000000003801bdc                __vex_function_prolog
 .text._init    0x0000000003801bf4        0x4 /Applications/VEXcode.app/Contents/Resources/sdk/vexv5/libv5rt.a(v5_startup.c.obj)
                0x0000000003801bf4                _init
 .text._fini    0x0000000003801bf8        0x4 /Applications/VEXcode.app/Contents/Resources/sdk/vexv5/libv5rt.a(v5_startup.c.obj)
                0x0000000003801bf8                _fini
 .text.vexStdlibVersionLinked
                0x0000000003801bfc        0xc /Applications/VEXcode.app/Contents/Resources/sdk/vexv5/libv5rt.a(v5_util.c.obj)
                0x0000000003801bfc                vexStdlibVersionLinked
 .text.vexStdlibVersionVerify
                0x0000000003801c08       0x30 /Applications/VEXcode.app/Contents/Resources/sdk/vexv5/libv5rt.a(v5_util.c.obj)
                0x0000000003801c08                vexStdlibVersionVerify
 .text.vexPrivateApiEnable
                0x0000000003801c38       0x10 /Applications/VEXcode.app/Contents/Resources/sdk/vexv5/libv5rt.a(v5_apijump.c.obj)
                0x0000000003801c38                vexPrivateApiEnable
 .text.vexStdlibMismatchError
                0x0000000003801c48       0x3c /Applications/VEXcode.app/Contents/Resources/sdk/vexv5/libv5rt.a(v5_apijump.c.obj)
                0x0000000003801c48                vexStdlibMismatchError
 .text.vexTaskAdd
                0x0000000003801c84       0x10 /Applications/VEXcode.app/Contents/Resources/sdk/vexv5/libv5rt.a(v5_apijump.c.obj)
                0x0000000003801c84                vexTaskAdd
 .text.vexTaskStop
                0x0000000003801c94       0x10 /Applications/VEXcode.app/Contents/Resources/sdk/vexv5/libv5rt.a(v5_apijump.c.obj)
                0x0000000003801c94                vexTaskStop
 .text.vexTasksRun
                0x0000000003801ca4       0x10 /Applications/VEXcode.app/Contents/Resources/sdk/vexv5/libv5rt.a(v5_apijump.c.obj)
                0x0000000003801ca4                vexTasksRun
 .text.vexTaskYield
                0x0000000003801cb4       0x10 /Applications/VEXcode.app/Contents/Resources/sdk/vexv5/libv5rt.a(v5_apijump.c.obj)
                0x0000000003801cb4                vexTaskYield
 .text.vexTaskCheckTimeslice
                0x0000000003801cc4       0x10 /Applications/VEXcode.app/Contents/Resources/sdk/vexv5/libv5rt.a(v5_apijump.c.obj)
                0x0000000003801cc4                vexTaskCheckTimeslice
 .text.vexTaskSleep
                0x0000000003801cd4       0x10 /Applications/VEXcode.app/Contents/Resources/sdk/vexv5/libv5rt.a(v5_apijump.c.obj)
                0x0000000003801cd4                vexTaskSleep
 .text.vexTasksDump
                0x0000000003801ce4       0x1c /Applications/VEXcode.app/Contents/Resources/sdk/vexv5/libv5rt.a(v5_apijump.c.obj)
                0x0000000003801ce4                vexTasksDump
 .text.vexTaskGetTaskIndex
                0x0000000003801d00       0x10 /Applications/VEXcode.app/Contents/Resources/sdk/vexv5/libv5rt.a(v5_apijump.c.obj)
                0x0000000003801d00                vexTaskGetTaskIndex
 .text.vexTaskStopAll
                0x0000000003801d10       0x10 /Applications/VEXcode.app/Contents/Resources/sdk/vexv5/libv5rt.a(v5_apijump.c.obj)
                0x0000000003801d10                vexTaskStopAll
 .text.vexTaskRemoveAllUser
                0x0000000003801d20       0x34 /Applications/VEXcode.app/Contents/Resources/sdk/vexv5/libv5rt.a(v5_apijump.c.obj)
                0x0000000003801d20                vexTaskRemoveAllUser
 .text.vexTaskCompletionIdSet
                0x0000000003801d54       0x10 /Applications/VEXcode.app/Contents/Resources/sdk/vexv5/libv5rt.a(v5_apijump.c.obj)
                0x0000000003801d54                vexTaskCompletionIdSet
 .text.vexCriticalSection
                0x0000000003801d64       0x2c /Applications/VEXcode.app/Contents/Resources/sdk/vexv5/libv5rt.a(v5_apijump.c.obj)
                0x0000000003801d64                vexCriticalSection
 .text.vexEventAdd
                0x0000000003801d90       0x34 /Applications/VEXcode.app/Contents/Resources/sdk/vexv5/libv5rt.a(v5_apijump.c.obj)
                0x0000000003801d90                vexEventAdd
 .text.vexEventUserIndexGet
                0x0000000003801dc4       0x1c /Applications/VEXcode.app/Contents/Resources/sdk/vexv5/libv5rt.a(v5_apijump.c.obj)
                0x0000000003801dc4                vexEventUserIndexGet
 .text.vexEventAddWithArg
                0x0000000003801de0       0x3c /Applications/VEXcode.app/Contents/Resources/sdk/vexv5/libv5rt.a(v5_apijump.c.obj)
                0x0000000003801de0                vexEventAddWithArg
 .text.vexEventsCleanup
                0x0000000003801e1c       0x2c /Applications/VEXcode.app/Contents/Resources/sdk/vexv5/libv5rt.a(v5_apijump.c.obj)
                0x0000000003801e1c                vexEventsCleanup
 .text.vexDebug
                0x0000000003801e48       0x38 /Applications/VEXcode.app/Contents/Resources/sdk/vexv5/libv5rt.a(v5_apijump.c.obj)
                0x0000000003801e48                vexDebug
 .text.vex_sprintf
                0x0000000003801e80       0x40 /Applications/VEXcode.app/Contents/Resources/sdk/vexv5/libv5rt.a(v5_apijump.c.obj)
                0x0000000003801e80                vex_sprintf
 .text.vex_vsnprintf
                0x0000000003801ec0       0x3c /Applications/VEXcode.app/Contents/Resources/sdk/vexv5/libv5rt.a(v5_apijump.c.obj)
                0x0000000003801ec0                vex_vsnprintf
 .text.vexSystemTimeGet
                0x0000000003801efc       0x1c /Applications/VEXcode.app/Contents/Resources/sdk/vexv5/libv5rt.a(v5_apijump.c.obj)
                0x0000000003801efc                vexSystemTimeGet
 .text.vexSystemExitRequest
                0x0000000003801f18       0x1c /Applications/VEXcode.app/Contents/Resources/sdk/vexv5/libv5rt.a(v5_apijump.c.obj)
                0x0000000003801f18                vexSystemExitRequest
 .text.vexDeviceGetByIndex
                0x0000000003801f34       0x24 /Applications/VEXcode.app/Contents/Resources/sdk/vexv5/libv5rt.a(v5_apijump.c.obj)
                0x0000000003801f34                vexDeviceGetByIndex
 .text.vexControllerGet
                0x0000000003801f58       0x2c /Applications/VEXcode.app/Contents/Resources/sdk/vexv5/libv5rt.a(v5_apijump.c.obj)
                0x0000000003801f58                vexControllerGet
 .text.vexControllerTextSet
                0x0000000003801f84       0x74 /Applications/VEXcode.app/Contents/Resources/sdk/vexv5/libv5rt.a(v5_apijump.c.obj)
                0x0000000003801f84                vexControllerTextSet
 .text.vexDeviceAdiPortConfigSet
                0x0000000003801ff8       0x34 /Applications/VEXcode.app/Contents/Resources/sdk/vexv5/libv5rt.a(v5_apijump.c.obj)
                0x0000000003801ff8                vexDeviceAdiPortConfigSet
 .text.vexDeviceAdiPortConfigGet
                0x000000000380202c       0x2c /Applications/VEXcode.app/Contents/Resources/sdk/vexv5/libv5rt.a(v5_apijump.c.obj)
                0x000000000380202c                vexDeviceAdiPortConfigGet
 .text.vexDeviceAdiValueSet
                0x0000000003802058       0x34 /Applications/VEXcode.app/Contents/Resources/sdk/vexv5/libv5rt.a(v5_apijump.c.obj)
                0x0000000003802058                vexDeviceAdiValueSet
 .text.vexDeviceAdiValueGet
                0x000000000380208c       0x2c /Applications/VEXcode.app/Contents/Resources/sdk/vexv5/libv5rt.a(v5_apijump.c.obj)
                0x000000000380208c                vexDeviceAdiValueGet
 .text.vexDeviceMotorVelocitySet
                0x00000000038020b8       0x2c /Applications/VEXcode.app/Contents/Resources/sdk/vexv5/libv5rt.a(v5_apijump.c.obj)
                0x00000000038020b8                vexDeviceMotorVelocitySet
 .text.vexDeviceMotorActualVelocityGet
                0x00000000038020e4       0x24 /Applications/VEXcode.app/Contents/Resources/sdk/vexv5/libv5rt.a(v5_apijump.c.obj)
                0x00000000038020e4                vexDeviceMotorActualVelocityGet
 .text.vexDeviceMotorZeroPositionFlagGet
                0x0000000003802108       0x24 /Applications/VEXcode.app/Contents/Resources/sdk/vexv5/libv5rt.a(v5_apijump.c.obj)
                0x0000000003802108                vexDeviceMotorZeroPositionFlagGet
 .text.vexDeviceMotorReverseFlagSet
                0x000000000380212c       0x2c /Applications/VEXcode.app/Contents/Resources/sdk/vexv5/libv5rt.a(v5_apijump.c.obj)
                0x000000000380212c                vexDeviceMotorReverseFlagSet
 .text.vexDeviceMotorEncoderUnitsSet
                0x0000000003802158       0x2c /Applications/VEXcode.app/Contents/Resources/sdk/vexv5/libv5rt.a(v5_apijump.c.obj)
                0x0000000003802158                vexDeviceMotorEncoderUnitsSet
 .text.vexDeviceMotorBrakeModeSet
                0x0000000003802184       0x2c /Applications/VEXcode.app/Contents/Resources/sdk/vexv5/libv5rt.a(v5_apijump.c.obj)
                0x0000000003802184                vexDeviceMotorBrakeModeSet
 .text.vexDeviceMotorPositionSet
                0x00000000038021b0       0x34 /Applications/VEXcode.app/Contents/Resources/sdk/vexv5/libv5rt.a(v5_apijump.c.obj)
                0x00000000038021b0                vexDeviceMotorPositionSet
 .text.vexDeviceMotorPositionGet
                0x00000000038021e4       0x24 /Applications/VEXcode.app/Contents/Resources/sdk/vexv5/libv5rt.a(v5_apijump.c.obj)
                0x00000000038021e4                vexDeviceMotorPositionGet
 .text.vexDeviceMotorRelativeTargetSet
                0x0000000003802208       0x3c /Applications/VEXcode.app/Contents/Resources/sdk/vexv5/libv5rt.a(v5_apijump.c.obj)
                0x0000000003802208                vexDeviceMotorRelativeTargetSet
 .text.vexDeviceMotorGearingSet
                0x0000000003802244       0x2c /Applications/VEXcode.app/Contents/Resources/sdk/vexv5/libv5rt.a(v5_apijump.c.obj)
                0x0000000003802244                vexDeviceMotorGearingSet
 .text.vexDeviceMotorGearingGet
                0x0000000003802270       0x24 /Applications/VEXcode.app/Contents/Resources/sdk/vexv5/libv5rt.a(v5_apijump.c.obj)
                0x0000000003802270                vexDeviceMotorGearingGet
 .text.vexDisplayForegroundColor
                0x0000000003802294       0x24 /Applications/VEXcode.app/Contents/Resources/sdk/vexv5/libv5rt.a(v5_apijump.c.obj)
                0x0000000003802294                vexDisplayForegroundColor
 .text.vexDisplayBackgroundColor
                0x00000000038022b8       0x24 /Applications/VEXcode.app/Contents/Resources/sdk/vexv5/libv5rt.a(v5_apijump.c.obj)
                0x00000000038022b8                vexDisplayBackgroundColor
 .text.vexDisplayTextReference
                0x00000000038022dc       0x24 /Applications/VEXcode.app/Contents/Resources/sdk/vexv5/libv5rt.a(v5_apijump.c.obj)
                0x00000000038022dc                vexDisplayTextReference
 .text.vexDisplayTextSize
                0x0000000003802300       0x2c /Applications/VEXcode.app/Contents/Resources/sdk/vexv5/libv5rt.a(v5_apijump.c.obj)
                0x0000000003802300                vexDisplayTextSize
 .text.vexDisplayFontNamedSet
                0x000000000380232c       0x24 /Applications/VEXcode.app/Contents/Resources/sdk/vexv5/libv5rt.a(v5_apijump.c.obj)
                0x000000000380232c                vexDisplayFontNamedSet
 .text.vexSystemStdlibImpureDataAddr
                0x0000000003802350       0x28 /Applications/VEXcode.app/Contents/Resources/sdk/vexv5/libv5rt.a(v5_apijump.c.obj)
                0x0000000003802350                vexSystemStdlibImpureDataAddr
 .text.vexSystemStdlibImpureDataSize
                0x0000000003802378       0x28 /Applications/VEXcode.app/Contents/Resources/sdk/vexv5/libv5rt.a(v5_apijump.c.obj)
                0x0000000003802378                vexSystemStdlibImpureDataSize
 .text.vexSystemSaveUserData
                0x00000000038023a0       0x3c /Applications/VEXcode.app/Contents/Resources/sdk/vexv5/libv5rt.a(v5_apijump.c.obj)
                0x00000000038023a0                vexSystemSaveUserData
 .text.vexDisplayThemeIdGet
                0x00000000038023dc       0x38 /Applications/VEXcode.app/Contents/Resources/sdk/vexv5/libv5rt.a(v5_apijump.c.obj)
                0x00000000038023dc                vexDisplayThemeIdGet
 .text.vexBatteryCapacityGet
                0x0000000003802414       0x1c /Applications/VEXcode.app/Contents/Resources/sdk/vexv5/libv5rt.a(v5_apijump.c.obj)
                0x0000000003802414                vexBatteryCapacityGet
 .text.vexDeviceEventMaskSet
                0x0000000003802430       0x48 /Applications/VEXcode.app/Contents/Resources/sdk/vexv5/libv5rt.a(v5_apijump.c.obj)
                0x0000000003802430                vexDeviceEventMaskSet
 .text.vexDeviceEventMaskGet
                0x0000000003802478       0x3c /Applications/VEXcode.app/Contents/Resources/sdk/vexv5/libv5rt.a(v5_apijump.c.obj)
                0x0000000003802478                vexDeviceEventMaskGet
 .text.vexSystemVersion
                0x00000000038024b4       0x10 /Applications/VEXcode.app/Contents/Resources/sdk/vexv5/libv5rt.a(v5_apiversions.c.obj)
                0x00000000038024b4                vexSystemVersion
 .text.vexStdlibVersion
                0x00000000038024c4       0x10 /Applications/VEXcode.app/Contents/Resources/sdk/vexv5/libv5rt.a(v5_apiversions.c.obj)
                0x00000000038024c4                vexStdlibVersion
 .text._ZN3vex5motor9installedEv
                0x00000000038024d4       0x18 /Applications/VEXcode.app/Contents/Resources/sdk/vexv5/libv5rt.a(vex_motor.cpp.obj)
                0x00000000038024d4                vex::motor::installed()
 .text._ZN3vex5motorD2Ev
                0x00000000038024ec       0x20 /Applications/VEXcode.app/Contents/Resources/sdk/vexv5/libv5rt.a(vex_motor.cpp.obj)
                0x00000000038024ec                vex::motor::~motor()
                0x00000000038024ec                vex::motor::~motor()
 .text._ZN3vex5motor15defaultStoppingENS_9brakeTypeE
                0x000000000380250c       0x30 /Applications/VEXcode.app/Contents/Resources/sdk/vexv5/libv5rt.a(vex_motor.cpp.obj)
                0x000000000380250c                vex::motor::defaultStopping(vex::brakeType)
 .text._ZN3vex5motorC2El
                0x000000000380253c       0x70 /Applications/VEXcode.app/Contents/Resources/sdk/vexv5/libv5rt.a(vex_motor.cpp.obj)
                0x000000000380253c                vex::motor::motor(long)
                0x000000000380253c                vex::motor::motor(long)
 .text._ZN3vex5motorC2ElNS_11gearSettingEb
                0x00000000038025ac       0x34 /Applications/VEXcode.app/Contents/Resources/sdk/vexv5/libv5rt.a(vex_motor.cpp.obj)
                0x00000000038025ac                vex::motor::motor(long, vex::gearSetting, bool)
                0x00000000038025ac                vex::motor::motor(long, vex::gearSetting, bool)
 .text._ZN3vex5motorC2Elb
                0x00000000038025e0       0x24 /Applications/VEXcode.app/Contents/Resources/sdk/vexv5/libv5rt.a(vex_motor.cpp.obj)
                0x00000000038025e0                vex::motor::motor(long, bool)
                0x00000000038025e0                vex::motor::motor(long, bool)
 .text._ZN3vex5motor4stopENS_9brakeTypeE
                0x0000000003802604       0x30 /Applications/VEXcode.app/Contents/Resources/sdk/vexv5/libv5rt.a(vex_motor.cpp.obj)
                0x0000000003802604                vex::motor::stop(vex::brakeType)
 .text._ZN3vex5motor4stopEv
                0x0000000003802634        0x8 /Applications/VEXcode.app/Contents/Resources/sdk/vexv5/libv5rt.a(vex_motor.cpp.obj)
                0x0000000003802634                vex::motor::stop()
 .text._ZN3vex5motor16velocityToScaledEdNS_13velocityUnitsE
                0x000000000380263c       0x5c /Applications/VEXcode.app/Contents/Resources/sdk/vexv5/libv5rt.a(vex_motor.cpp.obj)
                0x000000000380263c                vex::motor::velocityToScaled(double, vex::velocityUnits)
 .text._ZN3vex5motor8velocityENS_13velocityUnitsE
                0x0000000003802698       0x30 /Applications/VEXcode.app/Contents/Resources/sdk/vexv5/libv5rt.a(vex_motor.cpp.obj)
                0x0000000003802698                vex::motor::velocity(vex::velocityUnits)
 .text._ZN3vex5motor5valueEv
                0x00000000038026c8       0x1c /Applications/VEXcode.app/Contents/Resources/sdk/vexv5/libv5rt.a(vex_motor.cpp.obj)
                0x00000000038026c8                vex::motor::value()
 .text._ZN3vex5motor16scaledToVelocityEdNS_13velocityUnitsE
                0x00000000038026e4       0xa4 /Applications/VEXcode.app/Contents/Resources/sdk/vexv5/libv5rt.a(vex_motor.cpp.obj)
                0x00000000038026e4                vex::motor::scaledToVelocity(double, vex::velocityUnits)
 .text._ZN3vex5motor4spinENS_13directionTypeEdNS_13velocityUnitsE
                0x0000000003802788       0x5c /Applications/VEXcode.app/Contents/Resources/sdk/vexv5/libv5rt.a(vex_motor.cpp.obj)
                0x0000000003802788                vex::motor::spin(vex::directionType, double, vex::velocityUnits)
 .text._ZN3vex5motor16setRotationUnitsENS_13rotationUnitsE
                0x00000000038027e4       0x1c /Applications/VEXcode.app/Contents/Resources/sdk/vexv5/libv5rt.a(vex_motor.cpp.obj)
                0x00000000038027e4                vex::motor::setRotationUnits(vex::rotationUnits)
 .text._ZN3vex5motor11setRotationEdNS_13rotationUnitsE
                0x0000000003802800       0x44 /Applications/VEXcode.app/Contents/Resources/sdk/vexv5/libv5rt.a(vex_motor.cpp.obj)
                0x0000000003802800                vex::motor::setRotation(double, vex::rotationUnits)
 .text._ZN3vex5motor13resetRotationEv
                0x0000000003802844       0x20 /Applications/VEXcode.app/Contents/Resources/sdk/vexv5/libv5rt.a(vex_motor.cpp.obj)
                0x0000000003802844                vex::motor::resetRotation()
 .text._ZN3vex5motor9rotateForEdNS_13rotationUnitsEdNS_13velocityUnitsEb
                0x0000000003802864       0xe0 /Applications/VEXcode.app/Contents/Resources/sdk/vexv5/libv5rt.a(vex_motor.cpp.obj)
                0x0000000003802864                vex::motor::rotateFor(double, vex::rotationUnits, double, vex::velocityUnits, bool)
 .text._ZN3vex5motor14startRotateForEdNS_13rotationUnitsEdNS_13velocityUnitsE
                0x0000000003802944       0x34 /Applications/VEXcode.app/Contents/Resources/sdk/vexv5/libv5rt.a(vex_motor.cpp.obj)
                0x0000000003802944                vex::motor::startRotateFor(double, vex::rotationUnits, double, vex::velocityUnits)
 .text._ZN3vex5motor8rotationENS_13rotationUnitsE
                0x0000000003802978       0x44 /Applications/VEXcode.app/Contents/Resources/sdk/vexv5/libv5rt.a(vex_motor.cpp.obj)
                0x0000000003802978                vex::motor::rotation(vex::rotationUnits)
 .text.startup._GLOBAL__sub_I__ZN3vex5motorC2El
                0x00000000038029bc       0x30 /Applications/VEXcode.app/Contents/Resources/sdk/vexv5/libv5rt.a(vex_motor.cpp.obj)
 .text._ZN3vex10controllerD2Ev
                0x00000000038029ec        0x4 /Applications/VEXcode.app/Contents/Resources/sdk/vexv5/libv5rt.a(vex_controller.cpp.obj)
                0x00000000038029ec                vex::controller::~controller()
                0x00000000038029ec                vex::controller::~controller()
 .text._ZN3vex10controller5valueE19_V5_ControllerIndex
                0x00000000038029f0        0x8 /Applications/VEXcode.app/Contents/Resources/sdk/vexv5/libv5rt.a(vex_controller.cpp.obj)
                0x00000000038029f0                vex::controller::value(_V5_ControllerIndex)
 .text._ZN3vex10controller6rumbleEPKc
                0x00000000038029f8       0x4c /Applications/VEXcode.app/Contents/Resources/sdk/vexv5/libv5rt.a(vex_controller.cpp.obj)
                0x00000000038029f8                vex::controller::rumble(char const*)
 .text._ZN3vex10controller6button8pressingEv
                0x0000000003802a44       0xc8 /Applications/VEXcode.app/Contents/Resources/sdk/vexv5/libv5rt.a(vex_controller.cpp.obj)
                0x0000000003802a44                vex::controller::button::pressing()
 .text._ZN3vex10controller6button21_buttonToPressedEventEv
                0x0000000003802b0c       0x20 /Applications/VEXcode.app/Contents/Resources/sdk/vexv5/libv5rt.a(vex_controller.cpp.obj)
                0x0000000003802b0c                vex::controller::button::_buttonToPressedEvent()
 .text._ZN3vex10controller6button22_buttonToReleasedEventEv
                0x0000000003802b2c       0x20 /Applications/VEXcode.app/Contents/Resources/sdk/vexv5/libv5rt.a(vex_controller.cpp.obj)
                0x0000000003802b2c                vex::controller::button::_buttonToReleasedEvent()
 .text._ZN3vex10controller6buttonC2ENS0_11tButtonTypeEPS0_
                0x0000000003802b4c       0x48 /Applications/VEXcode.app/Contents/Resources/sdk/vexv5/libv5rt.a(vex_controller.cpp.obj)
                0x0000000003802b4c                vex::controller::button::button(vex::controller::tButtonType, vex::controller*)
                0x0000000003802b4c                vex::controller::button::button(vex::controller::tButtonType, vex::controller*)
 .text._ZN3vex10controller4axis5valueEv
                0x0000000003802b94       0x58 /Applications/VEXcode.app/Contents/Resources/sdk/vexv5/libv5rt.a(vex_controller.cpp.obj)
                0x0000000003802b94                vex::controller::axis::value()
 .text._ZN3vex10controller4axis23_joystickToChangedEventEv
                0x0000000003802bec       0x20 /Applications/VEXcode.app/Contents/Resources/sdk/vexv5/libv5rt.a(vex_controller.cpp.obj)
                0x0000000003802bec                vex::controller::axis::_joystickToChangedEvent()
 .text._ZN3vex10controller4axisC2ENS0_9tAxisTypeEPS0_
                0x0000000003802c0c       0x2c /Applications/VEXcode.app/Contents/Resources/sdk/vexv5/libv5rt.a(vex_controller.cpp.obj)
                0x0000000003802c0c                vex::controller::axis::axis(vex::controller::tAxisType, vex::controller*)
                0x0000000003802c0c                vex::controller::axis::axis(vex::controller::tAxisType, vex::controller*)
 .text._ZN3vex10controllerC2Ev
                0x0000000003802c38      0x204 /Applications/VEXcode.app/Contents/Resources/sdk/vexv5/libv5rt.a(vex_controller.cpp.obj)
                0x0000000003802c38                vex::controller::controller()
                0x0000000003802c38                vex::controller::controller()
 .text._ZN3vex10controller3lcd15getControllerIdEv
                0x0000000003802e3c       0x10 /Applications/VEXcode.app/Contents/Resources/sdk/vexv5/libv5rt.a(vex_controller.cpp.obj)
                0x0000000003802e3c                vex::controller::lcd::getControllerId()
 .text._ZN3vex10controller3lcd9setCursorEll
                0x0000000003802e4c       0x40 /Applications/VEXcode.app/Contents/Resources/sdk/vexv5/libv5rt.a(vex_controller.cpp.obj)
                0x0000000003802e4c                vex::controller::lcd::setCursor(long, long)
 .text._ZN3vex10controller3lcd5printEPKcz
                0x0000000003802e8c       0x54 /Applications/VEXcode.app/Contents/Resources/sdk/vexv5/libv5rt.a(vex_controller.cpp.obj)
                0x0000000003802e8c                vex::controller::lcd::print(char const*, ...)
 .text._ZN3vex10controller3lcd9clearLineEi
                0x0000000003802ee0       0x44 /Applications/VEXcode.app/Contents/Resources/sdk/vexv5/libv5rt.a(vex_controller.cpp.obj)
                0x0000000003802ee0                vex::controller::lcd::clearLine(int)
 .text._ZN3vex10controller3lcd11clearScreenEv
                0x0000000003802f24       0x5c /Applications/VEXcode.app/Contents/Resources/sdk/vexv5/libv5rt.a(vex_controller.cpp.obj)
                0x0000000003802f24                vex::controller::lcd::clearScreen()
 .text._ZN3vex4taskC2EPFivE
                0x0000000003802f80       0x54 /Applications/VEXcode.app/Contents/Resources/sdk/vexv5/libv5rt.a(vex_task.cpp.obj)
                0x0000000003802f80                vex::task::task(int (*)())
                0x0000000003802f80                vex::task::task(int (*)())
 .text._ZN3vex4taskD2Ev
                0x0000000003802fd4        0x4 /Applications/VEXcode.app/Contents/Resources/sdk/vexv5/libv5rt.a(vex_task.cpp.obj)
                0x0000000003802fd4                vex::task::~task()
                0x0000000003802fd4                vex::task::~task()
 .text._ZN3vex4task4stopEPFivE
                0x0000000003802fd8        0xc /Applications/VEXcode.app/Contents/Resources/sdk/vexv5/libv5rt.a(vex_task.cpp.obj)
                0x0000000003802fd8                vex::task::stop(int (*)())
 .text._ZN3vex4task5sleepEm
                0x0000000003802fe4        0x4 /Applications/VEXcode.app/Contents/Resources/sdk/vexv5/libv5rt.a(vex_task.cpp.obj)
                0x0000000003802fe4                vex::task::sleep(unsigned long)
 .text._ZN3vex4task6_indexEPFivE
                0x0000000003802fe8       0x14 /Applications/VEXcode.app/Contents/Resources/sdk/vexv5/libv5rt.a(vex_task.cpp.obj)
                0x0000000003802fe8                vex::task::_index(int (*)())
 .text._ZN3vex4task8_stopAllEv
                0x0000000003802ffc       0x3c /Applications/VEXcode.app/Contents/Resources/sdk/vexv5/libv5rt.a(vex_task.cpp.obj)
                0x0000000003802ffc                vex::task::_stopAll()
 .text._ZN3vex5event4initEmmPFvvE
                0x0000000003803038        0x4 /Applications/VEXcode.app/Contents/Resources/sdk/vexv5/libv5rt.a(vex_event.cpp.obj)
                0x0000000003803038                vex::event::init(unsigned long, unsigned long, void (*)())
 .text._ZN3vex5event4initEmmPFvPvES1_
                0x000000000380303c        0x4 /Applications/VEXcode.app/Contents/Resources/sdk/vexv5/libv5rt.a(vex_event.cpp.obj)
                0x000000000380303c                vex::event::init(unsigned long, unsigned long, void (*)(void*), void*)
 .text._ZN3vex5event9userindexEv
                0x0000000003803040        0x4 /Applications/VEXcode.app/Contents/Resources/sdk/vexv5/libv5rt.a(vex_event.cpp.obj)
                0x0000000003803040                vex::event::userindex()
 .text._ZZN3vex6meventC4EmmENUlvE_4_FUNEv
                0x0000000003803044        0x4 /Applications/VEXcode.app/Contents/Resources/sdk/vexv5/libv5rt.a(vex_mevent.cpp.obj)
 .text._ZN3vex6meventC2Emm
                0x0000000003803048       0x70 /Applications/VEXcode.app/Contents/Resources/sdk/vexv5/libv5rt.a(vex_mevent.cpp.obj)
                0x0000000003803048                vex::mevent::mevent(unsigned long, unsigned long)
                0x0000000003803048                vex::mevent::mevent(unsigned long, unsigned long)
 .text._ZN3vex5brainD2Ev
                0x00000000038030b8       0x20 /Applications/VEXcode.app/Contents/Resources/sdk/vexv5/libv5rt.a(vex_brain.cpp.obj)
                0x00000000038030b8                vex::brain::~brain()
                0x00000000038030b8                vex::brain::~brain()
 .text._ZN3vex5brain9_getIndexEv
                0x00000000038030d8       0x10 /Applications/VEXcode.app/Contents/Resources/sdk/vexv5/libv5rt.a(vex_brain.cpp.obj)
                0x00000000038030d8                vex::brain::_getIndex()
 .text._ZN3vex5brain3lcd9setCursorEll
                0x00000000038030e8       0x44 /Applications/VEXcode.app/Contents/Resources/sdk/vexv5/libv5rt.a(vex_brain.cpp.obj)
                0x00000000038030e8                vex::brain::lcd::setCursor(long, long)
 .text._ZN3vex5brain3lcd7setFontENS_8fontTypeE
                0x000000000380312c      0x228 /Applications/VEXcode.app/Contents/Resources/sdk/vexv5/libv5rt.a(vex_brain.cpp.obj)
                0x000000000380312c                vex::brain::lcd::setFont(vex::fontType)
 .text._ZN3vex5brain3lcdC2Ev
                0x0000000003803354       0x94 /Applications/VEXcode.app/Contents/Resources/sdk/vexv5/libv5rt.a(vex_brain.cpp.obj)
                0x0000000003803354                vex::brain::lcd::lcd()
                0x0000000003803354                vex::brain::lcd::lcd()
 .text._ZN3vex5brainC2Ev
                0x00000000038033e8       0x40 /Applications/VEXcode.app/Contents/Resources/sdk/vexv5/libv5rt.a(vex_brain.cpp.obj)
                0x00000000038033e8                vex::brain::brain()
                0x00000000038033e8                vex::brain::brain()
 .text._ZN3vex5brain7battery8capacityENS_12percentUnitsE
                0x0000000003803428       0x18 /Applications/VEXcode.app/Contents/Resources/sdk/vexv5/libv5rt.a(vex_brain.cpp.obj)
                0x0000000003803428                vex::brain::battery::capacity(vex::percentUnits)
 .text._ZN3vex11competition8_disableEPv
                0x0000000003803440       0x9c /Applications/VEXcode.app/Contents/Resources/sdk/vexv5/libv5rt.a(vex_competition.cpp.obj)
                0x0000000003803440                vex::competition::_disable(void*)
 .text._ZN3vex11competition11_autonomousEv
                0x00000000038034dc       0x7c /Applications/VEXcode.app/Contents/Resources/sdk/vexv5/libv5rt.a(vex_competition.cpp.obj)
                0x00000000038034dc                vex::competition::_autonomous()
 .text._ZN3vex11competition14_drivercontrolEv
                0x0000000003803558       0x7c /Applications/VEXcode.app/Contents/Resources/sdk/vexv5/libv5rt.a(vex_competition.cpp.obj)
                0x0000000003803558                vex::competition::_drivercontrol()
 .text._ZN3vex11competitionC2Ev
                0x00000000038035d4      0x13c /Applications/VEXcode.app/Contents/Resources/sdk/vexv5/libv5rt.a(vex_competition.cpp.obj)
                0x00000000038035d4                vex::competition::competition()
                0x00000000038035d4                vex::competition::competition()
 .text._ZN3vex11competitionD2Ev
                0x0000000003803710        0x4 /Applications/VEXcode.app/Contents/Resources/sdk/vexv5/libv5rt.a(vex_competition.cpp.obj)
                0x0000000003803710                vex::competition::~competition()
                0x0000000003803710                vex::competition::~competition()
 .text._ZN3vex11competition10autonomousEPFvvE
                0x0000000003803714       0x44 /Applications/VEXcode.app/Contents/Resources/sdk/vexv5/libv5rt.a(vex_competition.cpp.obj)
                0x0000000003803714                vex::competition::autonomous(void (*)())
 .text._ZN3vex11competition13drivercontrolEPFvvE
                0x0000000003803758       0x44 /Applications/VEXcode.app/Contents/Resources/sdk/vexv5/libv5rt.a(vex_competition.cpp.obj)
                0x0000000003803758                vex::competition::drivercontrol(void (*)())
 .text._ZN3vex7triport9installedEv
                0x000000000380379c       0x18 /Applications/VEXcode.app/Contents/Resources/sdk/vexv5/libv5rt.a(vex_triport.cpp.obj)
                0x000000000380379c                vex::triport::installed()
 .text._ZN3vex7triportD2Ev
                0x00000000038037b4       0x38 /Applications/VEXcode.app/Contents/Resources/sdk/vexv5/libv5rt.a(vex_triport.cpp.obj)
                0x00000000038037b4                vex::triport::~triport()
                0x00000000038037b4                vex::triport::~triport()
 .text._ZN3vex7triport4portC2ElPS0_
                0x00000000038037ec       0x90 /Applications/VEXcode.app/Contents/Resources/sdk/vexv5/libv5rt.a(vex_triport.cpp.obj)
                0x00000000038037ec                vex::triport::port::port(long, vex::triport*)
                0x00000000038037ec                vex::triport::port::port(long, vex::triport*)
 .text._ZN3vex7triportC2El
                0x000000000380387c       0xf0 /Applications/VEXcode.app/Contents/Resources/sdk/vexv5/libv5rt.a(vex_triport.cpp.obj)
                0x000000000380387c                vex::triport::triport(long)
                0x000000000380387c                vex::triport::triport(long)
 .text._ZN3vex7triport4port4typeENS_11triportTypeE
                0x000000000380396c       0x34 /Applications/VEXcode.app/Contents/Resources/sdk/vexv5/libv5rt.a(vex_triport.cpp.obj)
                0x000000000380396c                vex::triport::port::type(vex::triportType)
 .text._ZN3vex7triport4port4typeEv
                0x00000000038039a0       0x38 /Applications/VEXcode.app/Contents/Resources/sdk/vexv5/libv5rt.a(vex_triport.cpp.obj)
                0x00000000038039a0                vex::triport::port::type()
 .text._ZN3vex7triport4port5valueEv
                0x00000000038039d8       0x14 /Applications/VEXcode.app/Contents/Resources/sdk/vexv5/libv5rt.a(vex_triport.cpp.obj)
                0x00000000038039d8                vex::triport::port::value()
 .text._ZN3vex7triport4port5valueEl
                0x00000000038039ec       0x18 /Applications/VEXcode.app/Contents/Resources/sdk/vexv5/libv5rt.a(vex_triport.cpp.obj)
                0x00000000038039ec                vex::triport::port::value(long)
 *fill*         0x0000000003803a04        0x4 
 .text._ZN3vex7triport4port11setRotationEdNS_13rotationUnitsE
                0x0000000003803a08       0x50 /Applications/VEXcode.app/Contents/Resources/sdk/vexv5/libv5rt.a(vex_triport.cpp.obj)
                0x0000000003803a08                vex::triport::port::setRotation(double, vex::rotationUnits)
 .text._ZN3vex7triport4port13resetRotationEv
                0x0000000003803a58       0x20 /Applications/VEXcode.app/Contents/Resources/sdk/vexv5/libv5rt.a(vex_triport.cpp.obj)
                0x0000000003803a58                vex::triport::port::resetRotation()
 .text._ZN3vex7triport4port8rotationENS_13rotationUnitsE
                0x0000000003803a78       0x40 /Applications/VEXcode.app/Contents/Resources/sdk/vexv5/libv5rt.a(vex_triport.cpp.obj)
                0x0000000003803a78                vex::triport::port::rotation(vex::rotationUnits)
 .text._ZN3vex7triport4port14_convertAnalogENS_11analogUnitsE
                0x0000000003803ab8       0x58 /Applications/VEXcode.app/Contents/Resources/sdk/vexv5/libv5rt.a(vex_triport.cpp.obj)
                0x0000000003803ab8                vex::triport::port::_convertAnalog(vex::analogUnits)
 .text._ZN3vex11__trideviceC2ERNS_7triport4portENS_11triportTypeE
                0x0000000003803b10       0x5c /Applications/VEXcode.app/Contents/Resources/sdk/vexv5/libv5rt.a(vex_triport.cpp.obj)
                0x0000000003803b10                vex::__tridevice::__tridevice(vex::triport::port&, vex::triportType)
                0x0000000003803b10                vex::__tridevice::__tridevice(vex::triport::port&, vex::triportType)
 .text._ZN3vex11__tridevice14_convertAnalogENS_11analogUnitsE
                0x0000000003803b6c        0x8 /Applications/VEXcode.app/Contents/Resources/sdk/vexv5/libv5rt.a(vex_triport.cpp.obj)
                0x0000000003803b6c                vex::__tridevice::_convertAnalog(vex::analogUnits)
 .text._ZN3vex6bumperC2ERNS_7triport4portE
                0x0000000003803b74       0x28 /Applications/VEXcode.app/Contents/Resources/sdk/vexv5/libv5rt.a(vex_triport.cpp.obj)
                0x0000000003803b74                vex::bumper::bumper(vex::triport::port&)
                0x0000000003803b74                vex::bumper::bumper(vex::triport::port&)
 .text._ZN3vex6bumperD2Ev
                0x0000000003803b9c        0x4 /Applications/VEXcode.app/Contents/Resources/sdk/vexv5/libv5rt.a(vex_triport.cpp.obj)
                0x0000000003803b9c                vex::bumper::~bumper()
                0x0000000003803b9c                vex::bumper::~bumper()
 .text._ZN3vex6bumper5valueEv
                0x0000000003803ba0        0x8 /Applications/VEXcode.app/Contents/Resources/sdk/vexv5/libv5rt.a(vex_triport.cpp.obj)
                0x0000000003803ba0                vex::bumper::value()
 .text._ZN3vex4gyroC2ERNS_7triport4portE
                0x0000000003803ba8       0x20 /Applications/VEXcode.app/Contents/Resources/sdk/vexv5/libv5rt.a(vex_triport.cpp.obj)
                0x0000000003803ba8                vex::gyro::gyro(vex::triport::port&)
                0x0000000003803ba8                vex::gyro::gyro(vex::triport::port&)
 .text._ZN3vex4gyroD2Ev
                0x0000000003803bc8        0x4 /Applications/VEXcode.app/Contents/Resources/sdk/vexv5/libv5rt.a(vex_triport.cpp.obj)
                0x0000000003803bc8                vex::gyro::~gyro()
                0x0000000003803bc8                vex::gyro::~gyro()
 .text._ZN3vex4gyro5valueENS_11analogUnitsE
                0x0000000003803bcc        0x4 /Applications/VEXcode.app/Contents/Resources/sdk/vexv5/libv5rt.a(vex_triport.cpp.obj)
                0x0000000003803bcc                vex::gyro::value(vex::analogUnits)
 .text._ZN3vex4gyro16startCalibrationEl
                0x0000000003803bd0        0x8 /Applications/VEXcode.app/Contents/Resources/sdk/vexv5/libv5rt.a(vex_triport.cpp.obj)
                0x0000000003803bd0                vex::gyro::startCalibration(long)
 .text._ZN3vex4gyro13isCalibratingEv
                0x0000000003803bd8       0x1c /Applications/VEXcode.app/Contents/Resources/sdk/vexv5/libv5rt.a(vex_triport.cpp.obj)
                0x0000000003803bd8                vex::gyro::isCalibrating()
 .text._ZN3vex7encoderC2ERNS_7triport4portE
                0x0000000003803bf4       0x20 /Applications/VEXcode.app/Contents/Resources/sdk/vexv5/libv5rt.a(vex_triport.cpp.obj)
                0x0000000003803bf4                vex::encoder::encoder(vex::triport::port&)
                0x0000000003803bf4                vex::encoder::encoder(vex::triport::port&)
 .text._ZN3vex7encoderD2Ev
                0x0000000003803c14        0x4 /Applications/VEXcode.app/Contents/Resources/sdk/vexv5/libv5rt.a(vex_triport.cpp.obj)
                0x0000000003803c14                vex::encoder::~encoder()
                0x0000000003803c14                vex::encoder::~encoder()
 .text._ZN3vex7encodercviEv
                0x0000000003803c18        0x8 /Applications/VEXcode.app/Contents/Resources/sdk/vexv5/libv5rt.a(vex_triport.cpp.obj)
                0x0000000003803c18                vex::encoder::operator int()
 .text._ZN3vex7encoder13resetRotationEv
                0x0000000003803c20        0x8 /Applications/VEXcode.app/Contents/Resources/sdk/vexv5/libv5rt.a(vex_triport.cpp.obj)
                0x0000000003803c20                vex::encoder::resetRotation()
 .text._ZN3vex7encoder8rotationENS_13rotationUnitsE
                0x0000000003803c28        0x8 /Applications/VEXcode.app/Contents/Resources/sdk/vexv5/libv5rt.a(vex_triport.cpp.obj)
                0x0000000003803c28                vex::encoder::rotation(vex::rotationUnits)
 .text.startup._GLOBAL__sub_I__ZN3vex7triportC2El
                0x0000000003803c30       0x30 /Applications/VEXcode.app/Contents/Resources/sdk/vexv5/libv5rt.a(vex_triport.cpp.obj)
 .text._ZN3vex5colorD2Ev
                0x0000000003803c60        0x4 /Applications/VEXcode.app/Contents/Resources/sdk/vexv5/libv5rt.a(vex_color.cpp.obj)
                0x0000000003803c60                vex::color::~color()
                0x0000000003803c60                vex::color::~color()
 .text.startup._GLOBAL__sub_I__ZN3vex5color5blackE
                0x0000000003803c64      0x164 /Applications/VEXcode.app/Contents/Resources/sdk/vexv5/libv5rt.a(vex_color.cpp.obj)
 .text._ZN3vex5timerD2Ev
                0x0000000003803dc8        0x4 /Applications/VEXcode.app/Contents/Resources/sdk/vexv5/libv5rt.a(vex_timer.cpp.obj)
                0x0000000003803dc8                vex::timer::~timer()
                0x0000000003803dc8                vex::timer::~timer()
 .text._ZN3vex5timer5clearEv
                0x0000000003803dcc       0x1c /Applications/VEXcode.app/Contents/Resources/sdk/vexv5/libv5rt.a(vex_timer.cpp.obj)
                0x0000000003803dcc                vex::timer::clear()
 .text._ZN3vex5timerC2Ev
                0x0000000003803de8       0x14 /Applications/VEXcode.app/Contents/Resources/sdk/vexv5/libv5rt.a(vex_timer.cpp.obj)
                0x0000000003803de8                vex::timer::timer()
                0x0000000003803de8                vex::timer::timer()
 .text.vexAdiPortConfigSet
                0x0000000003803dfc       0x28 /Applications/VEXcode.app/Contents/Resources/sdk/vexv5/libv5rt.a(v5_apiuser.c.obj)
                0x0000000003803dfc                vexAdiPortConfigSet
 .text.vexAdiPortConfigGet
                0x0000000003803e24       0x28 /Applications/VEXcode.app/Contents/Resources/sdk/vexv5/libv5rt.a(v5_apiuser.c.obj)
                0x0000000003803e24                vexAdiPortConfigGet
 .text.vexAdiValueSet
                0x0000000003803e4c       0x28 /Applications/VEXcode.app/Contents/Resources/sdk/vexv5/libv5rt.a(v5_apiuser.c.obj)
                0x0000000003803e4c                vexAdiValueSet
 .text.vexAdiValueGet
                0x0000000003803e74       0x20 /Applications/VEXcode.app/Contents/Resources/sdk/vexv5/libv5rt.a(v5_apiuser.c.obj)
                0x0000000003803e74                vexAdiValueGet
 .text.vexMotorVelocitySet
                0x0000000003803e94       0x20 /Applications/VEXcode.app/Contents/Resources/sdk/vexv5/libv5rt.a(v5_apiuser.c.obj)
                0x0000000003803e94                vexMotorVelocitySet
 .text.vexMotorActualVelocityGet
                0x0000000003803eb4       0x24 /Applications/VEXcode.app/Contents/Resources/sdk/vexv5/libv5rt.a(v5_apiuser.c.obj)
                0x0000000003803eb4                vexMotorActualVelocityGet
 .text.vexMotorZeroPositionFlagGet
                0x0000000003803ed8       0x18 /Applications/VEXcode.app/Contents/Resources/sdk/vexv5/libv5rt.a(v5_apiuser.c.obj)
                0x0000000003803ed8                vexMotorZeroPositionFlagGet
 .text.vexMotorReverseFlagSet
                0x0000000003803ef0       0x20 /Applications/VEXcode.app/Contents/Resources/sdk/vexv5/libv5rt.a(v5_apiuser.c.obj)
                0x0000000003803ef0                vexMotorReverseFlagSet
 .text.vexMotorEncoderUnitsSet
                0x0000000003803f10       0x20 /Applications/VEXcode.app/Contents/Resources/sdk/vexv5/libv5rt.a(v5_apiuser.c.obj)
                0x0000000003803f10                vexMotorEncoderUnitsSet
 .text.vexMotorBrakeModeSet
                0x0000000003803f30       0x20 /Applications/VEXcode.app/Contents/Resources/sdk/vexv5/libv5rt.a(v5_apiuser.c.obj)
                0x0000000003803f30                vexMotorBrakeModeSet
 .text.vexMotorPositionSet
                0x0000000003803f50       0x28 /Applications/VEXcode.app/Contents/Resources/sdk/vexv5/libv5rt.a(v5_apiuser.c.obj)
                0x0000000003803f50                vexMotorPositionSet
 .text.vexMotorPositionGet
                0x0000000003803f78       0x24 /Applications/VEXcode.app/Contents/Resources/sdk/vexv5/libv5rt.a(v5_apiuser.c.obj)
                0x0000000003803f78                vexMotorPositionGet
 .text.vexMotorRelativeTargetSet
                0x0000000003803f9c       0x30 /Applications/VEXcode.app/Contents/Resources/sdk/vexv5/libv5rt.a(v5_apiuser.c.obj)
                0x0000000003803f9c                vexMotorRelativeTargetSet
 .text.vexMotorGearingSet
                0x0000000003803fcc       0x20 /Applications/VEXcode.app/Contents/Resources/sdk/vexv5/libv5rt.a(v5_apiuser.c.obj)
                0x0000000003803fcc                vexMotorGearingSet
 .text.vexMotorGearingGet
                0x0000000003803fec       0x18 /Applications/VEXcode.app/Contents/Resources/sdk/vexv5/libv5rt.a(v5_apiuser.c.obj)
                0x0000000003803fec                vexMotorGearingGet
 .text.vexEventMaskSet
                0x0000000003804004       0x28 /Applications/VEXcode.app/Contents/Resources/sdk/vexv5/libv5rt.a(v5_apiuser.c.obj)
                0x0000000003804004                vexEventMaskSet
 .text.vexEventMaskGet
                0x000000000380402c       0x18 /Applications/VEXcode.app/Contents/Resources/sdk/vexv5/libv5rt.a(v5_apiuser.c.obj)
                0x000000000380402c                vexEventMaskGet
 .text._ZN3vex6device5valueEv
                0x0000000003804044        0x8 /Applications/VEXcode.app/Contents/Resources/sdk/vexv5/libv5rt.a(vex_device.cpp.obj)
                0x0000000003804044                vex::device::value()
 .text._ZN3vex6deviceD2Ev
                0x000000000380404c        0x4 /Applications/VEXcode.app/Contents/Resources/sdk/vexv5/libv5rt.a(vex_device.cpp.obj)
                0x000000000380404c                vex::device::~device()
                0x000000000380404c                vex::device::~device()
 .text._ZN3vex6device4initEl
                0x0000000003804050       0x30 /Applications/VEXcode.app/Contents/Resources/sdk/vexv5/libv5rt.a(vex_device.cpp.obj)
                0x0000000003804050                vex::device::init(long)
 .text._ZN3vex6deviceC2El
                0x0000000003804080       0x20 /Applications/VEXcode.app/Contents/Resources/sdk/vexv5/libv5rt.a(vex_device.cpp.obj)
                0x0000000003804080                vex::device::device(long)
                0x0000000003804080                vex::device::device(long)
 .text._ZN3vex6device4typeEv
                0x00000000038040a0       0x10 /Applications/VEXcode.app/Contents/Resources/sdk/vexv5/libv5rt.a(vex_device.cpp.obj)
                0x00000000038040a0                vex::device::type()
 .text._ZN3vex6device9installedEv
                0x00000000038040b0       0x14 /Applications/VEXcode.app/Contents/Resources/sdk/vexv5/libv5rt.a(vex_device.cpp.obj)
                0x00000000038040b0                vex::device::installed()
 .text.__aeabi_memcpy
                0x00000000038040c4        0x4 /Applications/VEXcode.app/Contents/Resources/sdk/vexv5/gcc/libs/libc.a(lib_a-aeabi_memcpy.o)
                0x00000000038040c4                __aeabi_memcpy4
                0x00000000038040c4                __aeabi_memcpy
                0x00000000038040c4                __aeabi_memcpy8
 .text.__libc_fini_array
                0x00000000038040c8       0x30 /Applications/VEXcode.app/Contents/Resources/sdk/vexv5/gcc/libs/libc.a(lib_a-fini.o)
                0x00000000038040c8                __libc_fini_array
 .text.__libc_init_array
                0x00000000038040f8       0x58 /Applications/VEXcode.app/Contents/Resources/sdk/vexv5/gcc/libs/libc.a(lib_a-init.o)
                0x00000000038040f8                __libc_init_array
 .text.memcpy   0x0000000003804150       0xa8 /Applications/VEXcode.app/Contents/Resources/sdk/vexv5/gcc/libs/libc.a(lib_a-memcpy.o)
                0x0000000003804150                memcpy
 .text.memcpy.__stub
                0x00000000038041f8       0x18 linker stubs
 *(.gnu.linkonce.t.*)
 *(.plt)
 *(.gnu_warning)
 *(.gcc_except_table)
 *(.glue_7)
 .glue_7        0x0000000003804210        0x0 linker stubs
 *(.glue_7t)
 .glue_7t       0x0000000003804210        0x0 linker stubs
 *(.vfp11_veneer)
 .vfp11_veneer  0x0000000003804210        0x0 linker stubs
 *(.ARM.extab)
 *(.gnu.linkonce.armextab.*)

.v4_bx          0x0000000003804210        0x0
 .v4_bx         0x0000000003804210        0x0 linker stubs

.iplt           0x0000000003804210        0x0
 .iplt          0x0000000003804210        0x0 build/src/main.o

.init
 *(.init)

.fini
 *(.fini)

.rodata         0x0000000003804210      0x32c
                0x0000000003804210                __rodata_start = .
 *(.rodata)
 *(.rodata.*)
 .rodata..Lconstinit
                0x0000000003804210      0x200 build/src/main.o
 .rodata.str1.1
                0x0000000003804410       0x2e build/src/main.o
 .rodata.str1.1
                0x000000000380443e       0x2e /Applications/VEXcode.app/Contents/Resources/sdk/vexv5/libv5rt.a(v5_startup.c.obj)
 .rodata._ZN3vex6PORT22E
                0x000000000380446c        0x4 /Applications/VEXcode.app/Contents/Resources/sdk/vexv5/libv5rt.a(vex_global.cpp.obj)
                0x000000000380446c                vex::PORT22
 .rodata._ZN3vex5PORT2E
                0x0000000003804470        0x4 /Applications/VEXcode.app/Contents/Resources/sdk/vexv5/libv5rt.a(vex_global.cpp.obj)
                0x0000000003804470                vex::PORT2
 .rodata._ZN3vex5PORT4E
                0x0000000003804474        0x4 /Applications/VEXcode.app/Contents/Resources/sdk/vexv5/libv5rt.a(vex_global.cpp.obj)
                0x0000000003804474                vex::PORT4
 .rodata._ZN3vex5PORT7E
                0x0000000003804478        0x4 /Applications/VEXcode.app/Contents/Resources/sdk/vexv5/libv5rt.a(vex_global.cpp.obj)
                0x0000000003804478                vex::PORT7
 .rodata._ZN3vex5PORT1E
                0x000000000380447c        0x4 /Applications/VEXcode.app/Contents/Resources/sdk/vexv5/libv5rt.a(vex_global.cpp.obj)
                0x000000000380447c                vex::PORT1
 .rodata._ZN3vex5PORT8E
                0x0000000003804480        0x4 /Applications/VEXcode.app/Contents/Resources/sdk/vexv5/libv5rt.a(vex_global.cpp.obj)
                0x0000000003804480                vex::PORT8
 .rodata._ZN3vex5PORT9E
                0x0000000003804484        0x4 /Applications/VEXcode.app/Contents/Resources/sdk/vexv5/libv5rt.a(vex_global.cpp.obj)
                0x0000000003804484                vex::PORT9
 .rodata._ZN3vex6PORT10E
                0x0000000003804488        0x4 /Applications/VEXcode.app/Contents/Resources/sdk/vexv5/libv5rt.a(vex_global.cpp.obj)
                0x0000000003804488                vex::PORT10
 .rodata._ZN3vex5PORT3E
                0x000000000380448c        0x4 /Applications/VEXcode.app/Contents/Resources/sdk/vexv5/libv5rt.a(vex_global.cpp.obj)
                0x000000000380448c                vex::PORT3
 .rodata._ZTVN3vex5motorE
                0x0000000003804490       0x10 /Applications/VEXcode.app/Contents/Resources/sdk/vexv5/libv5rt.a(vex_motor.cpp.obj)
                0x0000000003804490                vtable for vex::motor
 .rodata.str1.1
                0x00000000038044a0       0x15 /Applications/VEXcode.app/Contents/Resources/sdk/vexv5/libv5rt.a(vex_controller.cpp.obj)
                                         0x16 (size before relaxing)
 .rodata.CSWTCH.15
                0x00000000038044b5        0xb /Applications/VEXcode.app/Contents/Resources/sdk/vexv5/libv5rt.a(vex_controller.cpp.obj)
 .rodata.CSWTCH.17
                0x00000000038044c0        0xb /Applications/VEXcode.app/Contents/Resources/sdk/vexv5/libv5rt.a(vex_controller.cpp.obj)
 .rodata.CSWTCH.23
                0x00000000038044cb        0x3 /Applications/VEXcode.app/Contents/Resources/sdk/vexv5/libv5rt.a(vex_controller.cpp.obj)
 .rodata.str1.1
                0x00000000038044ce        0xa /Applications/VEXcode.app/Contents/Resources/sdk/vexv5/libv5rt.a(vex_task.cpp.obj)
 .rodata.str1.1
                0x00000000038044d8       0x1a /Applications/VEXcode.app/Contents/Resources/sdk/vexv5/libv5rt.a(vex_brain.cpp.obj)
 *fill*         0x00000000038044f2        0x6 
 .rodata._ZTVN3vex7triportE
                0x00000000038044f8       0x10 /Applications/VEXcode.app/Contents/Resources/sdk/vexv5/libv5rt.a(vex_triport.cpp.obj)
                0x00000000038044f8                vtable for vex::triport
 .rodata.CSWTCH.30
                0x0000000003804508       0x10 /Applications/VEXcode.app/Contents/Resources/sdk/vexv5/libv5rt.a(vex_triport.cpp.obj)
 .rodata.CSWTCH.25
                0x0000000003804518        0xe /Applications/VEXcode.app/Contents/Resources/sdk/vexv5/libv5rt.a(vex_triport.cpp.obj)
 *fill*         0x0000000003804526        0x2 
 .rodata._ZTVN3vex6deviceE
                0x0000000003804528       0x10 /Applications/VEXcode.app/Contents/Resources/sdk/vexv5/libv5rt.a(vex_device.cpp.obj)
                0x0000000003804528                vtable for vex::device
 .rodata.str1.4
                0x0000000003804538        0x4 /Applications/VEXcode.app/Contents/Resources/sdk/vexv5/gcc/libs/libc.a(lib_a-impure.o)
                                          0x2 (size before relaxing)
 *(.gnu.linkonce.r.*)
                0x000000000380453c                __rodata_end = .

.rodata1        0x000000000380453c        0x0
                0x000000000380453c                __rodata1_start = .
 *(.rodata1)
 *(.rodata1.*)
                0x000000000380453c                __rodata1_end = .

.sdata2         0x000000000380453c        0x0
                0x000000000380453c                __sdata2_start = .
 *(.sdata2)
 *(.sdata2.*)
 *(.gnu.linkonce.s2.*)
                0x000000000380453c                __sdata2_end = .

.sbss2          0x000000000380453c        0x0
                0x000000000380453c                __sbss2_start = .
 *(.sbss2)
 *(.sbss2.*)
 *(.gnu.linkonce.sb2.*)
                0x000000000380453c                __sbss2_end = .

.data           0x0000000003804540      0x434
                0x0000000003804540                __data_start = .
 *(.data)
 *(.data.*)
 .data.appRunning
                0x0000000003804540        0x4 /Applications/VEXcode.app/Contents/Resources/sdk/vexv5/libv5rt.a(v5_startup.c.obj)
                0x0000000003804540                appRunning
 *fill*         0x0000000003804544        0x4 
 .data.impure_data
                0x0000000003804548      0x428 /Applications/VEXcode.app/Contents/Resources/sdk/vexv5/gcc/libs/libc.a(lib_a-impure.o)
 .data._impure_ptr
                0x0000000003804970        0x4 /Applications/VEXcode.app/Contents/Resources/sdk/vexv5/gcc/libs/libc.a(lib_a-impure.o)
                0x0000000003804970                _impure_ptr
 *(.gnu.linkonce.d.*)
 *(.jcr)
 *(.got)
 *(.got.plt)
                0x0000000003804974                __data_end = .

.igot.plt       0x0000000003804974        0x0
 .igot.plt      0x0000000003804974        0x0 build/src/main.o

.data1          0x0000000003804974        0x0
                0x0000000003804974                __data1_start = .
 *(.data1)
 *(.data1.*)
                0x0000000003804974                __data1_end = .

.got
 *(.got)

.ctors          0x0000000003804974        0x0
                0x0000000003804974                __CTOR_LIST__ = .
                0x0000000003804974                ___CTORS_LIST___ = .
 *crtbegin.o(.ctors)
 *(EXCLUDE_FILE(*crtend.o) .ctors)
 *(SORT_BY_NAME(.ctors.*))
 *(.ctors)
                0x0000000003804974                __CTOR_END__ = .
                0x0000000003804974                ___CTORS_END___ = .

.dtors          0x0000000003804974        0x0
                0x0000000003804974                __DTOR_LIST__ = .
                0x0000000003804974                ___DTORS_LIST___ = .
 *crtbegin.o(.dtors)
 *(EXCLUDE_FILE(*crtend.o) .dtors)
 *(SORT_BY_NAME(.dtors.*))
 *(.dtors)
                0x0000000003804974                __DTOR_END__ = .
                0x0000000003804974                ___DTORS_END___ = .

.fixup          0x0000000003804974        0x0
                0x0000000003804974                __fixup_start = .
 *(.fixup)
                0x0000000003804974                __fixup_end = .

.eh_frame
 *(.eh_frame)

.eh_framehdr    0x0000000003804974        0x0
                0x0000000003804974                __eh_framehdr_start = .
 *(.eh_framehdr)
                0x0000000003804974                __eh_framehdr_end = .

.gcc_except_table
 *(.gcc_except_table)

.mmu_tbl        0x0000000003808000        0x0
                0x0000000003808000                __mmu_tbl_start = .
 *(.mmu_tbl)
                0x0000000003808000                __mmu_tbl_end = .

.ARM.exidx      0x0000000003804974        0x8
                0x0000000003804974                __exidx_start = .
 *(.ARM.exidx*)
 .ARM.exidx.text._ZN13pidController5speedEdd
                0x0000000003804974        0x8 build/src/main.o
 .ARM.exidx.text._ZN4base8leftSpinEi
                0x000000000380497c        0x0 build/src/main.o
                                          0x8 (size before relaxing)
 .ARM.exidx.text._ZN4base9rightSpinEi
                0x000000000380497c        0x0 build/src/main.o
                                          0x8 (size before relaxing)
 .ARM.exidx.text._ZN4base4HoldEv
                0x000000000380497c        0x0 build/src/main.o
                                          0x8 (size before relaxing)
 .ARM.exidx.text._ZN4base5BrakeEv
                0x000000000380497c        0x0 build/src/main.o
                                          0x8 (size before relaxing)
 .ARM.exidx.text._ZN4base11userControlEib
                0x000000000380497c        0x0 build/src/main.o
                                          0x8 (size before relaxing)
 .ARM.exidx.text._ZN4base8drivePIDEddd
                0x000000000380497c        0x0 build/src/main.o
                                          0x8 (size before relaxing)
 .ARM.exidx.text._ZN4base7turnPIDEddd
                0x000000000380497c        0x0 build/src/main.o
                                          0x8 (size before relaxing)
 .ARM.exidx.text._ZN4base15driveInches_EncE7dirTypedi
                0x000000000380497c        0x0 build/src/main.o
                                          0x8 (size before relaxing)
 .ARM.exidx.text._ZN6intake11userControlEv
                0x000000000380497c        0x0 build/src/main.o
                                          0x8 (size before relaxing)
 .ARM.exidx.text._ZN6tilter11buttonResetEv
                0x000000000380497c        0x0 build/src/main.o
                                          0x8 (size before relaxing)
 .ARM.exidx.text._ZN6tilter11userControlEv
                0x000000000380497c        0x0 build/src/main.o
                                          0x8 (size before relaxing)
 .ARM.exidx.text._ZN6tilter11robotDeployEv
                0x000000000380497c        0x0 build/src/main.o
                                          0x8 (size before relaxing)
 .ARM.exidx.text._Z9pre_autonv
                0x000000000380497c        0x0 build/src/main.o
                                          0x8 (size before relaxing)
 .ARM.exidx.text._Z9autoScorev
                0x000000000380497c        0x0 build/src/main.o
                                          0x8 (size before relaxing)
 .ARM.exidx.text._Z5scorev
                0x000000000380497c        0x0 build/src/main.o
                                          0x8 (size before relaxing)
 .ARM.exidx.text._Z9blueAutonv
                0x000000000380497c        0x0 build/src/main.o
                                          0x8 (size before relaxing)
 .ARM.exidx.text._Z10autonomousv
                0x000000000380497c        0x0 build/src/main.o
                                          0x8 (size before relaxing)
 .ARM.exidx.text._Z11usercontrolv
                0x000000000380497c        0x0 build/src/main.o
                                          0x8 (size before relaxing)
 .ARM.exidx.text.main
                0x000000000380497c        0x0 build/src/main.o
                                          0x8 (size before relaxing)
 .ARM.exidx.text._GLOBAL__sub_I_main.cpp
                0x000000000380497c        0x0 build/src/main.o
                                          0x8 (size before relaxing)
 *(.gnu.linkonce.armexidix.*.*)
                0x000000000380497c                __exidx_end = .

.rel.dyn        0x000000000380497c        0x0
 .rel.iplt      0x000000000380497c        0x0 build/src/main.o

.preinit_array  0x000000000380497c        0x0
                0x000000000380497c                __preinit_array_start = .
 *(SORT_BY_NAME(.preinit_array.*))
 *(.preinit_array)
                0x000000000380497c                __preinit_array_end = .

.init_array     0x000000000380497c       0x10
                0x000000000380497c                __init_array_start = .
 *(SORT_BY_NAME(.init_array.*))
 *(.init_array)
 .init_array    0x000000000380497c        0x4 build/src/main.o
 .init_array    0x0000000003804980        0x4 /Applications/VEXcode.app/Contents/Resources/sdk/vexv5/libv5rt.a(vex_motor.cpp.obj)
 .init_array    0x0000000003804984        0x4 /Applications/VEXcode.app/Contents/Resources/sdk/vexv5/libv5rt.a(vex_triport.cpp.obj)
 .init_array    0x0000000003804988        0x4 /Applications/VEXcode.app/Contents/Resources/sdk/vexv5/libv5rt.a(vex_color.cpp.obj)
                0x000000000380498c                __init_array_end = .

.fini_array     0x000000000380498c        0x0
                0x000000000380498c                __fini_array_start = .
 *(SORT_BY_NAME(.fini_array.*))
 *(.fini_array)
                0x000000000380498c                __fini_array_end = .

.ARM.attributes
                0x000000000380498c       0x3c
                0x000000000380498c                __ARM.attributes_start = .
 *(.ARM.attributes)
 .ARM.attributes
                0x000000000380498c       0x3a build/src/main.o
 .ARM.attributes
                0x00000000038049c6       0x35 /Applications/VEXcode.app/Contents/Resources/sdk/vexv5/libv5rt.a(v5_startup.c.obj)
 .ARM.attributes
                0x00000000038049fb       0x35 /Applications/VEXcode.app/Contents/Resources/sdk/vexv5/libv5rt.a(v5_util.c.obj)
 .ARM.attributes
                0x0000000003804a30       0x35 /Applications/VEXcode.app/Contents/Resources/sdk/vexv5/libv5rt.a(v5_apijump.c.obj)
 .ARM.attributes
                0x0000000003804a65       0x35 /Applications/VEXcode.app/Contents/Resources/sdk/vexv5/libv5rt.a(v5_apiversions.c.obj)
 .ARM.attributes
                0x0000000003804a9a       0x35 /Applications/VEXcode.app/Contents/Resources/sdk/vexv5/libv5rt.a(vex_global.cpp.obj)
 .ARM.attributes
                0x0000000003804acf       0x35 /Applications/VEXcode.app/Contents/Resources/sdk/vexv5/libv5rt.a(vex_motor.cpp.obj)
 .ARM.attributes
                0x0000000003804b04       0x35 /Applications/VEXcode.app/Contents/Resources/sdk/vexv5/libv5rt.a(vex_controller.cpp.obj)
 .ARM.attributes
                0x0000000003804b39       0x35 /Applications/VEXcode.app/Contents/Resources/sdk/vexv5/libv5rt.a(vex_task.cpp.obj)
 .ARM.attributes
                0x0000000003804b6e       0x35 /Applications/VEXcode.app/Contents/Resources/sdk/vexv5/libv5rt.a(vex_event.cpp.obj)
 .ARM.attributes
                0x0000000003804ba3       0x35 /Applications/VEXcode.app/Contents/Resources/sdk/vexv5/libv5rt.a(vex_mevent.cpp.obj)
 .ARM.attributes
                0x0000000003804bd8       0x35 /Applications/VEXcode.app/Contents/Resources/sdk/vexv5/libv5rt.a(vex_brain.cpp.obj)
 .ARM.attributes
                0x0000000003804c0d       0x35 /Applications/VEXcode.app/Contents/Resources/sdk/vexv5/libv5rt.a(vex_competition.cpp.obj)
 .ARM.attributes
                0x0000000003804c42       0x35 /Applications/VEXcode.app/Contents/Resources/sdk/vexv5/libv5rt.a(vex_triport.cpp.obj)
 .ARM.attributes
                0x0000000003804c77       0x35 /Applications/VEXcode.app/Contents/Resources/sdk/vexv5/libv5rt.a(vex_color.cpp.obj)
 .ARM.attributes
                0x0000000003804cac       0x35 /Applications/VEXcode.app/Contents/Resources/sdk/vexv5/libv5rt.a(vex_timer.cpp.obj)
 .ARM.attributes
                0x0000000003804ce1       0x35 /Applications/VEXcode.app/Contents/Resources/sdk/vexv5/libv5rt.a(v5_apiuser.c.obj)
 .ARM.attributes
                0x0000000003804d16       0x35 /Applications/VEXcode.app/Contents/Resources/sdk/vexv5/libv5rt.a(vex_device.cpp.obj)
 .ARM.attributes
                0x0000000003804d4b       0x2b /Applications/VEXcode.app/Contents/Resources/sdk/vexv5/gcc/libs/libc.a(lib_a-aeabi_memcpy.o)
 .ARM.attributes
                0x0000000003804d76       0x2b /Applications/VEXcode.app/Contents/Resources/sdk/vexv5/gcc/libs/libc.a(lib_a-fini.o)
 .ARM.attributes
                0x0000000003804da1       0x2b /Applications/VEXcode.app/Contents/Resources/sdk/vexv5/gcc/libs/libc.a(lib_a-impure.o)
 .ARM.attributes
                0x0000000003804dcc       0x2b /Applications/VEXcode.app/Contents/Resources/sdk/vexv5/gcc/libs/libc.a(lib_a-init.o)
 .ARM.attributes
                0x0000000003804df7       0x2b /Applications/VEXcode.app/Contents/Resources/sdk/vexv5/gcc/libs/libc.a(lib_a-memcpy.o)
                0x0000000003804e22                __ARM.attributes_end = .

.sdata          0x000000000380498c        0x0
                0x000000000380498c                __sdata_start = .
 *(.sdata)
 *(.sdata.*)
 *(.gnu.linkonce.s.*)
                0x000000000380498c                __sdata_end = .

.sbss           0x000000000380498c        0x0
                0x000000000380498c                __sbss_start = .
 *(.sbss)
 *(.sbss.*)
 *(.gnu.linkonce.sb.*)
                0x000000000380498c                __sbss_end = .

.tdata          0x000000000380498c        0x0
                0x000000000380498c                __tdata_start = .
 *(.tdata)
 *(.tdata.*)
 *(.gnu.linkonce.td.*)
                0x000000000380498c                __tdata_end = .

.tbss           0x000000000380498c        0x0
                0x000000000380498c                __tbss_start = .
 *(.tbss)
 *(.tbss.*)
 *(.gnu.linkonce.tb.*)
                0x000000000380498c                __tbss_end = .

.bss            0x0000000003804990      0x9d5
                0x0000000003804990                __bss_start = .
 *(.bss)
 *(.bss.*)
 .bss.Brain     0x0000000003804990      0x2e0 build/src/main.o
                0x0000000003804990                Brain
 .bss.LF        0x0000000003804c70       0x28 build/src/main.o
                0x0000000003804c70                LF
 .bss.LB        0x0000000003804c98       0x28 build/src/main.o
                0x0000000003804c98                LB
 .bss.RF        0x0000000003804cc0       0x28 build/src/main.o
                0x0000000003804cc0                RF
 .bss.RB        0x0000000003804ce8       0x28 build/src/main.o
                0x0000000003804ce8                RB
 .bss.leftIntake
                0x0000000003804d10       0x28 build/src/main.o
                0x0000000003804d10                leftIntake
 .bss.rightIntake
                0x0000000003804d38       0x28 build/src/main.o
                0x0000000003804d38                rightIntake
 .bss.tilt1     0x0000000003804d60       0x28 build/src/main.o
                0x0000000003804d60                tilt1
 .bss.tilt2     0x0000000003804d88       0x28 build/src/main.o
                0x0000000003804d88                tilt2
 .bss.Controller1
                0x0000000003804db0      0x1e0 build/src/main.o
                0x0000000003804db0                Controller1
 .bss.Gyro      0x0000000003804f90       0x1c build/src/main.o
                0x0000000003804f90                Gyro
 .bss.leftEncoder
                0x0000000003804fac       0x1c build/src/main.o
                0x0000000003804fac                leftEncoder
 .bss.rightEncoder
                0x0000000003804fc8       0x1c build/src/main.o
                0x0000000003804fc8                rightEncoder
 .bss.Bumper    0x0000000003804fe4       0x20 build/src/main.o
                0x0000000003804fe4                Bumper
 *fill*         0x0000000003805004        0x4 
 .bss.drive     0x0000000003805008       0x50 build/src/main.o
                0x0000000003805008                drive
 .bss.turn      0x0000000003805058       0x50 build/src/main.o
                0x0000000003805058                turn
 .bss.myBase    0x00000000038050a8      0x20c build/src/main.o
                0x00000000038050a8                myBase
 .bss.myIntake  0x00000000038052b4        0xc build/src/main.o
                0x00000000038052b4                myIntake
 .bss.myTilter  0x00000000038052c0        0xc build/src/main.o
                0x00000000038052c0                myTilter
 .bss.Competition
                0x00000000038052cc       0x28 build/src/main.o
                0x00000000038052cc                Competition
 .bss.__dso_handle
                0x00000000038052f4        0x4 /Applications/VEXcode.app/Contents/Resources/sdk/vexv5/libv5rt.a(v5_startup.c.obj)
                0x00000000038052f4                __dso_handle
 .bss.lastTime.8082
                0x00000000038052f8        0x4 /Applications/VEXcode.app/Contents/Resources/sdk/vexv5/libv5rt.a(v5_apijump.c.obj)
 .bss._ZStL8__ioinit
                0x00000000038052fc        0x1 /Applications/VEXcode.app/Contents/Resources/sdk/vexv5/libv5rt.a(vex_motor.cpp.obj)
 *fill*         0x00000000038052fd        0x3 
 .bss._ZN3vex4task8_labelIdE
                0x0000000003805300        0x4 /Applications/VEXcode.app/Contents/Resources/sdk/vexv5/libv5rt.a(vex_task.cpp.obj)
                0x0000000003805300                vex::task::_labelId
 .bss._ZN3vex11competition22bStopTasksBetweenModesE
                0x0000000003805304        0x1 /Applications/VEXcode.app/Contents/Resources/sdk/vexv5/libv5rt.a(vex_competition.cpp.obj)
                0x0000000003805304                vex::competition::bStopTasksBetweenModes
 .bss._ZN3vex11competition25bStopAllTasksBetweenModesE
                0x0000000003805305        0x1 /Applications/VEXcode.app/Contents/Resources/sdk/vexv5/libv5rt.a(vex_competition.cpp.obj)
                0x0000000003805305                vex::competition::bStopAllTasksBetweenModes
 .bss._ZN3vex11competition14_auton_pendingE
                0x0000000003805306        0x1 /Applications/VEXcode.app/Contents/Resources/sdk/vexv5/libv5rt.a(vex_competition.cpp.obj)
                0x0000000003805306                vex::competition::_auton_pending
 *fill*         0x0000000003805307        0x1 
 .bss._ZN3vex11competition20_autonomous_callbackE
                0x0000000003805308        0x4 /Applications/VEXcode.app/Contents/Resources/sdk/vexv5/libv5rt.a(vex_competition.cpp.obj)
                0x0000000003805308                vex::competition::_autonomous_callback
 .bss._ZN3vex11competition23_drivercontrol_callbackE
                0x000000000380530c        0x4 /Applications/VEXcode.app/Contents/Resources/sdk/vexv5/libv5rt.a(vex_competition.cpp.obj)
                0x000000000380530c                vex::competition::_drivercontrol_callback
 .bss._ZN3vex11competition15_driver_pendingE
                0x0000000003805310        0x1 /Applications/VEXcode.app/Contents/Resources/sdk/vexv5/libv5rt.a(vex_competition.cpp.obj)
                0x0000000003805310                vex::competition::_driver_pending
 .bss._ZStL8__ioinit
                0x0000000003805311        0x1 /Applications/VEXcode.app/Contents/Resources/sdk/vexv5/libv5rt.a(vex_triport.cpp.obj)
 *fill*         0x0000000003805312        0x2 
 .bss._ZN3vex5color6orangeE
                0x0000000003805314        0x8 /Applications/VEXcode.app/Contents/Resources/sdk/vexv5/libv5rt.a(vex_color.cpp.obj)
                0x0000000003805314                vex::color::orange
 .bss._ZN3vex5color5blackE
                0x000000000380531c        0x8 /Applications/VEXcode.app/Contents/Resources/sdk/vexv5/libv5rt.a(vex_color.cpp.obj)
                0x000000000380531c                vex::color::black
 .bss._ZN3vex5color6yellowE
                0x0000000003805324        0x8 /Applications/VEXcode.app/Contents/Resources/sdk/vexv5/libv5rt.a(vex_color.cpp.obj)
                0x0000000003805324                vex::color::yellow
 .bss._ZN3vex5color5greenE
                0x000000000380532c        0x8 /Applications/VEXcode.app/Contents/Resources/sdk/vexv5/libv5rt.a(vex_color.cpp.obj)
                0x000000000380532c                vex::color::green
 .bss._ZN3vex5color6purpleE
                0x0000000003805334        0x8 /Applications/VEXcode.app/Contents/Resources/sdk/vexv5/libv5rt.a(vex_color.cpp.obj)
                0x0000000003805334                vex::color::purple
 .bss._ZN3vex5color4cyanE
                0x000000000380533c        0x8 /Applications/VEXcode.app/Contents/Resources/sdk/vexv5/libv5rt.a(vex_color.cpp.obj)
                0x000000000380533c                vex::color::cyan
 .bss._ZN3vex5color4blueE
                0x0000000003805344        0x8 /Applications/VEXcode.app/Contents/Resources/sdk/vexv5/libv5rt.a(vex_color.cpp.obj)
                0x0000000003805344                vex::color::blue
 .bss._ZN3vex5color3redE
                0x000000000380534c        0x8 /Applications/VEXcode.app/Contents/Resources/sdk/vexv5/libv5rt.a(vex_color.cpp.obj)
                0x000000000380534c                vex::color::red
 .bss._ZN3vex5color11transparentE
                0x0000000003805354        0x8 /Applications/VEXcode.app/Contents/Resources/sdk/vexv5/libv5rt.a(vex_color.cpp.obj)
                0x0000000003805354                vex::color::transparent
 .bss._ZN3vex5color5whiteE
                0x000000000380535c        0x8 /Applications/VEXcode.app/Contents/Resources/sdk/vexv5/libv5rt.a(vex_color.cpp.obj)
                0x000000000380535c                vex::color::white
 *(.gnu.linkonce.b.*)
 *(COMMON)
 COMMON         0x0000000003805364        0x1 /Applications/VEXcode.app/Contents/Resources/sdk/vexv5/libv5rt.a(v5_startup.c.obj)
                0x0000000003805364                __vex_critical_section
                0x0000000003805365                __bss_end = .
                0x000000000380498c                _SDA_BASE_ = (__sdata_start + ((__sbss_end - __sdata_start) / 0x2))
                0x000000000380453c                _SDA2_BASE_ = (__sdata2_start + ((__sbss2_end - __sdata2_start) / 0x2))

.heap           0x0000000003805365   0x10000b
                0x0000000003805370                . = ALIGN (0x10)
 *fill*         0x0000000003805365        0xb 
                0x0000000003805370                _heap = .
                0x0000000003805370                HeapBase = .
                0x0000000003805370                _heap_start = .
                0x0000000003905370                . = (. + _HEAP_SIZE)
 *fill*         0x0000000003805370   0x100000 
                0x0000000003905370                _heap_end = .
                0x0000000003905370                HeapLimit = .

.stack          0x0000000003905370     0x3800
                0x0000000003905370                . = ALIGN (0x10)
                0x0000000003905370                _stack_end = .
                0x0000000003907370                . = (. + _STACK_SIZE)
 *fill*         0x0000000003905370     0x2000 
                0x0000000003907370                . = ALIGN (0x10)
                0x0000000003907370                _stack = .
                0x0000000003907370                __stack = _stack
                0x0000000003907370                . = ALIGN (0x10)
                0x0000000003907370                _irq_stack_end = .
                0x0000000003907770                . = (. + _IRQ_STACK_SIZE)
 *fill*         0x0000000003907370      0x400 
                0x0000000003907770                . = ALIGN (0x10)
                0x0000000003907770                __irq_stack = .
                0x0000000003907770                _supervisor_stack_end = .
                0x0000000003907f70                . = (. + _SUPERVISOR_STACK_SIZE)
 *fill*         0x0000000003907770      0x800 
                0x0000000003907f70                . = ALIGN (0x10)
                0x0000000003907f70                __supervisor_stack = .
                0x0000000003907f70                _abort_stack_end = .
                0x0000000003908370                . = (. + _ABORT_STACK_SIZE)
 *fill*         0x0000000003907f70      0x400 
                0x0000000003908370                . = ALIGN (0x10)
                0x0000000003908370                __abort_stack = .
                0x0000000003908370                _fiq_stack_end = .
                0x0000000003908770                . = (. + _FIQ_STACK_SIZE)
 *fill*         0x0000000003908370      0x400 
                0x0000000003908770                . = ALIGN (0x10)
                0x0000000003908770                __fiq_stack = .
                0x0000000003908770                _undef_stack_end = .
                0x0000000003908b70                . = (. + _UNDEF_STACK_SIZE)
 *fill*         0x0000000003908770      0x400 
                0x0000000003908b70                . = ALIGN (0x10)
                0x0000000003908b70                __undef_stack = .
                0x0000000003908b70                _end = .
LOAD /Applications/VEXcode.app/Contents/Resources/sdk/vexv5/stdlib_0.lib
LOAD build/src/main.o
START GROUP
LOAD /Applications/VEXcode.app/Contents/Resources/sdk/vexv5/libv5rt.a
LOAD /Applications/VEXcode.app/Contents/Resources/sdk/vexv5/gcc/libs/libstdc++.a
LOAD /Applications/VEXcode.app/Contents/Resources/sdk/vexv5/gcc/libs/libc.a
LOAD /Applications/VEXcode.app/Contents/Resources/sdk/vexv5/gcc/libs/libm.a
LOAD /Applications/VEXcode.app/Contents/Resources/sdk/vexv5/gcc/libs/libgcc.a
END GROUP
OUTPUT(build/3303D_DL1.elf elf32-littlearm)

.comment        0x0000000000000000       0x9d
 .comment       0x0000000000000000       0x2d build/src/main.o
                                         0x2e (size before relaxing)
 .comment       0x000000000000002d       0x70 /Applications/VEXcode.app/Contents/Resources/sdk/vexv5/libv5rt.a(v5_startup.c.obj)
                                         0x71 (size before relaxing)
 .comment       0x000000000000009d       0x71 /Applications/VEXcode.app/Contents/Resources/sdk/vexv5/libv5rt.a(v5_util.c.obj)
 .comment       0x000000000000009d       0x71 /Applications/VEXcode.app/Contents/Resources/sdk/vexv5/libv5rt.a(v5_apijump.c.obj)
 .comment       0x000000000000009d       0x71 /Applications/VEXcode.app/Contents/Resources/sdk/vexv5/libv5rt.a(v5_apiversions.c.obj)
 .comment       0x000000000000009d       0x71 /Applications/VEXcode.app/Contents/Resources/sdk/vexv5/libv5rt.a(vex_global.cpp.obj)
 .comment       0x000000000000009d       0x71 /Applications/VEXcode.app/Contents/Resources/sdk/vexv5/libv5rt.a(vex_motor.cpp.obj)
 .comment       0x000000000000009d       0x71 /Applications/VEXcode.app/Contents/Resources/sdk/vexv5/libv5rt.a(vex_controller.cpp.obj)
 .comment       0x000000000000009d       0x71 /Applications/VEXcode.app/Contents/Resources/sdk/vexv5/libv5rt.a(vex_task.cpp.obj)
 .comment       0x000000000000009d       0x71 /Applications/VEXcode.app/Contents/Resources/sdk/vexv5/libv5rt.a(vex_event.cpp.obj)
 .comment       0x000000000000009d       0x71 /Applications/VEXcode.app/Contents/Resources/sdk/vexv5/libv5rt.a(vex_mevent.cpp.obj)
 .comment       0x000000000000009d       0x71 /Applications/VEXcode.app/Contents/Resources/sdk/vexv5/libv5rt.a(vex_brain.cpp.obj)
 .comment       0x000000000000009d       0x71 /Applications/VEXcode.app/Contents/Resources/sdk/vexv5/libv5rt.a(vex_competition.cpp.obj)
 .comment       0x000000000000009d       0x71 /Applications/VEXcode.app/Contents/Resources/sdk/vexv5/libv5rt.a(vex_triport.cpp.obj)
 .comment       0x000000000000009d       0x71 /Applications/VEXcode.app/Contents/Resources/sdk/vexv5/libv5rt.a(vex_color.cpp.obj)
 .comment       0x000000000000009d       0x71 /Applications/VEXcode.app/Contents/Resources/sdk/vexv5/libv5rt.a(vex_timer.cpp.obj)
 .comment       0x000000000000009d       0x71 /Applications/VEXcode.app/Contents/Resources/sdk/vexv5/libv5rt.a(v5_apiuser.c.obj)
 .comment       0x000000000000009d       0x71 /Applications/VEXcode.app/Contents/Resources/sdk/vexv5/libv5rt.a(vex_device.cpp.obj)

.note.GNU-stack
                0x0000000000000000        0x0
 .note.GNU-stack
                0x0000000000000000        0x0 build/src/main.o

.debug_frame    0x0000000000000000       0xb0
 .debug_frame   0x0000000000000000       0x20 /Applications/VEXcode.app/Contents/Resources/sdk/vexv5/gcc/libs/libc.a(lib_a-aeabi_memcpy.o)
 .debug_frame   0x0000000000000020       0x34 /Applications/VEXcode.app/Contents/Resources/sdk/vexv5/gcc/libs/libc.a(lib_a-fini.o)
 .debug_frame   0x0000000000000054       0x2c /Applications/VEXcode.app/Contents/Resources/sdk/vexv5/gcc/libs/libc.a(lib_a-init.o)
 .debug_frame   0x0000000000000080       0x30 /Applications/VEXcode.app/Contents/Resources/sdk/vexv5/gcc/libs/libc.a(lib_a-memcpy.o)
