Archive member included to satisfy reference by file (symbol)

/Applications/VEXcode V5 Text.app/Contents/Resources/sdk/vexv5/libv5rt.a(v5_startup.c.obj)
                              (vexStartup)
/Applications/VEXcode V5 Text.app/Contents/Resources/sdk/vexv5/libv5rt.a(v5_util.c.obj)
                              /Applications/VEXcode V5 Text.app/Contents/Resources/sdk/vexv5/libv5rt.a(v5_startup.c.obj) (vexStdlibVersionLinked)
/Applications/VEXcode V5 Text.app/Contents/Resources/sdk/vexv5/libv5rt.a(v5_apijump.c.obj)
                              /Applications/VEXcode V5 Text.app/Contents/Resources/sdk/vexv5/libv5rt.a(v5_startup.c.obj) (vexPrivateApiEnable)
/Applications/VEXcode V5 Text.app/Contents/Resources/sdk/vexv5/libv5rt.a(v5_apiversions.c.obj)
                              /Applications/VEXcode V5 Text.app/Contents/Resources/sdk/vexv5/libv5rt.a(v5_apijump.c.obj) (vexSystemVersion)
/Applications/VEXcode V5 Text.app/Contents/Resources/sdk/vexv5/libv5rt.a(vex_global.cpp.obj)
                              build/src/main.o (vex::wait(double, vex::timeUnits))
/Applications/VEXcode V5 Text.app/Contents/Resources/sdk/vexv5/libv5rt.a(vex_motor.cpp.obj)
                              build/src/main.o (vex::motor::~motor())
/Applications/VEXcode V5 Text.app/Contents/Resources/sdk/vexv5/libv5rt.a(vex_imu.cpp.obj)
                              build/src/main.o (vex::inertial::rotation(vex::rotationUnits))
/Applications/VEXcode V5 Text.app/Contents/Resources/sdk/vexv5/libv5rt.a(vex_controller.cpp.obj)
                              build/src/main.o (vex::controller::~controller())
/Applications/VEXcode V5 Text.app/Contents/Resources/sdk/vexv5/libv5rt.a(vex_task.cpp.obj)
                              build/src/main.o (vex::task::task(int (*)()))
/Applications/VEXcode V5 Text.app/Contents/Resources/sdk/vexv5/libv5rt.a(vex_thread.cpp.obj)
                              /Applications/VEXcode V5 Text.app/Contents/Resources/sdk/vexv5/libv5rt.a(vex_global.cpp.obj) (vex::this_thread::sleep_for(unsigned long))
/Applications/VEXcode V5 Text.app/Contents/Resources/sdk/vexv5/libv5rt.a(vex_event.cpp.obj)
                              /Applications/VEXcode V5 Text.app/Contents/Resources/sdk/vexv5/libv5rt.a(vex_imu.cpp.obj) (vex::event::init(unsigned long, unsigned long, void (*)()))
/Applications/VEXcode V5 Text.app/Contents/Resources/sdk/vexv5/libv5rt.a(vex_mevent.cpp.obj)
                              /Applications/VEXcode V5 Text.app/Contents/Resources/sdk/vexv5/libv5rt.a(vex_controller.cpp.obj) (vex::mevent::mevent(unsigned long, unsigned long))
/Applications/VEXcode V5 Text.app/Contents/Resources/sdk/vexv5/libv5rt.a(vex_brain.cpp.obj)
                              build/src/main.o (vex::brain::~brain())
/Applications/VEXcode V5 Text.app/Contents/Resources/sdk/vexv5/libv5rt.a(vex_competition.cpp.obj)
                              build/src/main.o (vex::competition::competition())
/Applications/VEXcode V5 Text.app/Contents/Resources/sdk/vexv5/libv5rt.a(vex_triport.cpp.obj)
                              /Applications/VEXcode V5 Text.app/Contents/Resources/sdk/vexv5/libv5rt.a(vex_brain.cpp.obj) (vex::triport::~triport())
/Applications/VEXcode V5 Text.app/Contents/Resources/sdk/vexv5/libv5rt.a(vex_color.cpp.obj)
                              /Applications/VEXcode V5 Text.app/Contents/Resources/sdk/vexv5/libv5rt.a(vex_brain.cpp.obj) (vex::color::operator unsigned long() const)
/Applications/VEXcode V5 Text.app/Contents/Resources/sdk/vexv5/libv5rt.a(vex_timer.cpp.obj)
                              /Applications/VEXcode V5 Text.app/Contents/Resources/sdk/vexv5/libv5rt.a(vex_brain.cpp.obj) (vex::timer::~timer())
/Applications/VEXcode V5 Text.app/Contents/Resources/sdk/vexv5/libv5rt.a(vex_motorgroup.cpp.obj)
                              build/src/main.o (vex::motor_group::motor_group())
/Applications/VEXcode V5 Text.app/Contents/Resources/sdk/vexv5/libv5rt.a(vex_drivetrain.cpp.obj)
                              build/src/main.o (vex::drivetrain::setDriveVelocity(double, vex::percentUnits))
/Applications/VEXcode V5 Text.app/Contents/Resources/sdk/vexv5/libv5rt.a(vex_smartdrive.cpp.obj)
                              build/src/main.o (vex::smartdrive::smartdrive(vex::motor_group&, vex::motor_group&, vex::inertial&, double, double, double, vex::distanceUnits, double))
/Applications/VEXcode V5 Text.app/Contents/Resources/sdk/vexv5/libv5rt.a(v5_apiuser.c.obj)
                              /Applications/VEXcode V5 Text.app/Contents/Resources/sdk/vexv5/libv5rt.a(vex_triport.cpp.obj) (vexAdiPortConfigSet)
/Applications/VEXcode V5 Text.app/Contents/Resources/sdk/vexv5/libv5rt.a(vex_device.cpp.obj)
                              /Applications/VEXcode V5 Text.app/Contents/Resources/sdk/vexv5/libv5rt.a(vex_triport.cpp.obj) (vex::device::value())
/Applications/VEXcode V5 Text.app/Contents/Resources/sdk/vexv5/gcc/libs/libc.a(lib_a-aeabi_memcpy.o)
                              build/src/main.o (__aeabi_memcpy4)
[...]
Memory Configuration

Name             Origin             Length             Attributes
ps7_ddr_0_S_AXI_BASEADDR 0x0000000003800000 0x0000000004800000
*default*        0x0000000000000000 0xffffffffffffffff

Linker script and memory map

                0x0000000000002000                _STACK_SIZE = DEFINED (_STACK_SIZE)?_STACK_SIZE:0x2000
                0x0000000000100000                _HEAP_SIZE = DEFINED (_HEAP_SIZE)?_HEAP_SIZE:0x100000
                0x0000000000000400                _ABORT_STACK_SIZE = DEFINED (_ABORT_STACK_SIZE)?_ABORT_STACK_SIZE:0x400
                0x0000000000000800                _SUPERVISOR_STACK_SIZE = DEFINED (_SUPERVISOR_STACK_SIZE)?_SUPERVISOR_STACK_SIZE:0x800
                0x0000000000000400                _IRQ_STACK_SIZE = DEFINED (_IRQ_STACK_SIZE)?_IRQ_STACK_SIZE:0x400
                0x0000000000000400                _FIQ_STACK_SIZE = DEFINED (_FIQ_STACK_SIZE)?_FIQ_STACK_SIZE:0x400
                0x0000000000000400                _UNDEF_STACK_SIZE = DEFINED (_UNDEF_STACK_SIZE)?_UNDEF_STACK_SIZE:0x400

.text           0x0000000003800000     0x6418
 *(.vectors)
 *(.boot_data)
 .boot_data     0x0000000003800000       0x20 /Applications/VEXcode V5 Text.app/Contents/Resources/sdk/vexv5/libv5rt.a(v5_startup.c.obj)
                0x0000000003800000                vexCodeSig
                0x0000000000000020                . = 0x20
 *(.boot)
 .boot          0x0000000003800020       0xbc /Applications/VEXcode V5 Text.app/Contents/Resources/sdk/vexv5/libv5rt.a(v5_startup.c.obj)
                0x0000000003800020                vexStartup
                0x0000000003800100                . = ALIGN (0x40)
 *fill*         0x00000000038000dc       0x24 
 *(.freertos_vectors)
 *(.text)
 *(.text.*)
 .text._ZN13pidController5speedEdd
                0x0000000003800100       0x90 build/src/main.o
                0x0000000003800100                pidController::speed(double, double)
 .text._ZN4base8leftSpinEi
                0x0000000003800190       0x90 build/src/main.o
                0x0000000003800190                base::leftSpin(int)
 .text._ZN4base9rightSpinEi
                0x0000000003800220       0x90 build/src/main.o
                0x0000000003800220                base::rightSpin(int)
 .text._ZN4base5BrakeEv
                0x00000000038002b0       0x58 build/src/main.o
                0x00000000038002b0                base::Brake()
 .text._ZN4base11userControlEib
                0x0000000003800308      0x1e0 build/src/main.o
                0x0000000003800308                base::userControl(int, bool)
 .text._ZN4base8drivePIDEddd
                0x00000000038004e8      0x1c0 build/src/main.o
                0x00000000038004e8                base::drivePID(double, double, double)
 .text._ZN4base12driveBackPIDEddd
                0x00000000038006a8      0x1b0 build/src/main.o
                0x00000000038006a8                base::driveBackPID(double, double, double)
 .text._ZN4base7turnPIDEddd
                0x0000000003800858      0x208 build/src/main.o
                0x0000000003800858                base::turnPID(double, double, double)
 .text._ZN6intake11userControlEv
                0x0000000003800a60      0x1f0 build/src/main.o
                0x0000000003800a60                intake::userControl()
 .text._ZN4lift4SpinEii
                0x0000000003800c50       0x90 build/src/main.o
                0x0000000003800c50                lift::Spin(int, int)
 .text._ZN4lift6liftUpEiii
                0x0000000003800ce0       0xb4 build/src/main.o
                0x0000000003800ce0                lift::liftUp(int, int, int)
 .text._ZN4lift8liftDownEiii
                0x0000000003800d94       0xb8 build/src/main.o
                0x0000000003800d94                lift::liftDown(int, int, int)
 *fill*         0x0000000003800e4c        0x4 
 .text._ZN4lift11userControlEv
                0x0000000003800e50      0x330 build/src/main.o
                0x0000000003800e50                lift::userControl()
 .text._ZN17AutonomusRoutines16blueBack8CubePIDEv
                0x0000000003801180      0x648 build/src/main.o
                0x0000000003801180                AutonomusRoutines::blueBack8CubePID()
 .text._ZN17AutonomusRoutines11userControlEv
                0x00000000038017c8       0xc8 build/src/main.o
                0x00000000038017c8                AutonomusRoutines::userControl()
 .text._ZN17AutonomusRoutines17blueFront8CubePIDEv
                0x0000000003801890      0x610 build/src/main.o
                0x0000000003801890                AutonomusRoutines::blueFront8CubePID()
 .text._Z33rc_auto_loop_callback_Controller1v
                0x0000000003801ea0       0x88 build/src/main.o
                0x0000000003801ea0                rc_auto_loop_callback_Controller1()
 .text._Z11vexcodeInitv
                0x0000000003801f28      0x120 build/src/main.o
                0x0000000003801f28                vexcodeInit()
 .text._Z10autonomousv
                0x0000000003802048       0x34 build/src/main.o
                0x0000000003802048                autonomous()
 .text._Z11usercontrolv
                0x000000000380207c       0x54 build/src/main.o
                0x000000000380207c                usercontrol()
 .text.main     0x00000000038020d0       0x6c build/src/main.o
                0x00000000038020d0                main
 *fill*         0x000000000380213c        0x4 
 .text._GLOBAL__sub_I_main.cpp
                0x0000000003802140      0x698 build/src/main.o
 .text.vexMain  0x00000000038027d8       0xb0 /Applications/VEXcode V5 Text.app/Contents/Resources/sdk/vexv5/libv5rt.a(v5_startup.c.obj)
                0x00000000038027d8                vexMain
 .text.__vex_function_prolog
                0x0000000003802888       0x18 /Applications/VEXcode V5 Text.app/Contents/Resources/sdk/vexv5/libv5rt.a(v5_startup.c.obj)
                0x0000000003802888                __vex_function_prolog
 .text._init    0x00000000038028a0        0x4 /Applications/VEXcode V5 Text.app/Contents/Resources/sdk/vexv5/libv5rt.a(v5_startup.c.obj)
                0x00000000038028a0                _init
 .text._fini    0x00000000038028a4        0x4 /Applications/VEXcode V5 Text.app/Contents/Resources/sdk/vexv5/libv5rt.a(v5_startup.c.obj)
                0x00000000038028a4                _fini
 .text.vexStdlibVersionLinked
                0x00000000038028a8        0xc /Applications/VEXcode V5 Text.app/Contents/Resources/sdk/vexv5/libv5rt.a(v5_util.c.obj)
                0x00000000038028a8                vexStdlibVersionLinked
 .text.vexStdlibVersionVerify
                0x00000000038028b4       0x30 /Applications/VEXcode V5 Text.app/Contents/Resources/sdk/vexv5/libv5rt.a(v5_util.c.obj)
                0x00000000038028b4                vexStdlibVersionVerify
 .text.vexPrivateApiEnable
                0x00000000038028e4       0x10 /Applications/VEXcode V5 Text.app/Contents/Resources/sdk/vexv5/libv5rt.a(v5_apijump.c.obj)
                0x00000000038028e4                vexPrivateApiEnable
 .text.vexStdlibMismatchError
                0x00000000038028f4       0x3c /Applications/VEXcode V5 Text.app/Contents/Resources/sdk/vexv5/libv5rt.a(v5_apijump.c.obj)
                0x00000000038028f4                vexStdlibMismatchError
 .text.vexTaskAdd
                0x0000000003802930       0x10 /Applications/VEXcode V5 Text.app/Contents/Resources/sdk/vexv5/libv5rt.a(v5_apijump.c.obj)
                0x0000000003802930                vexTaskAdd
 .text.vexTaskStop
                0x0000000003802940       0x10 /Applications/VEXcode V5 Text.app/Contents/Resources/sdk/vexv5/libv5rt.a(v5_apijump.c.obj)
                0x0000000003802940                vexTaskStop
 .text.vexTasksRun
                0x0000000003802950       0x10 /Applications/VEXcode V5 Text.app/Contents/Resources/sdk/vexv5/libv5rt.a(v5_apijump.c.obj)
                0x0000000003802950                vexTasksRun
 .text.vexTaskYield
                0x0000000003802960       0x10 /Applications/VEXcode V5 Text.app/Contents/Resources/sdk/vexv5/libv5rt.a(v5_apijump.c.obj)
                0x0000000003802960                vexTaskYield
 .text.vexTaskCheckTimeslice
                0x0000000003802970       0x10 /Applications/VEXcode V5 Text.app/Contents/Resources/sdk/vexv5/libv5rt.a(v5_apijump.c.obj)
                0x0000000003802970                vexTaskCheckTimeslice
 .text.vexTaskSleep
                0x0000000003802980       0x10 /Applications/VEXcode V5 Text.app/Contents/Resources/sdk/vexv5/libv5rt.a(v5_apijump.c.obj)
                0x0000000003802980                vexTaskSleep
 .text.vexTasksDump
                0x0000000003802990       0x1c /Applications/VEXcode V5 Text.app/Contents/Resources/sdk/vexv5/libv5rt.a(v5_apijump.c.obj)
                0x0000000003802990                vexTasksDump
 .text.vexTaskStateGet
                0x00000000038029ac       0x10 /Applications/VEXcode V5 Text.app/Contents/Resources/sdk/vexv5/libv5rt.a(v5_apijump.c.obj)
                0x00000000038029ac                vexTaskStateGet
 .text.vexTaskGetTaskIndex
                0x00000000038029bc       0x10 /Applications/VEXcode V5 Text.app/Contents/Resources/sdk/vexv5/libv5rt.a(v5_apijump.c.obj)
                0x00000000038029bc                vexTaskGetTaskIndex
 .text.vexTaskStopAll
                0x00000000038029cc       0x10 /Applications/VEXcode V5 Text.app/Contents/Resources/sdk/vexv5/libv5rt.a(v5_apijump.c.obj)
                0x00000000038029cc                vexTaskStopAll
 .text.vexTaskRemoveAllUser
                0x00000000038029dc       0x34 /Applications/VEXcode V5 Text.app/Contents/Resources/sdk/vexv5/libv5rt.a(v5_apijump.c.obj)
                0x00000000038029dc                vexTaskRemoveAllUser
 .text.vexTaskCompletionIdSet
                0x0000000003802a10       0x10 /Applications/VEXcode V5 Text.app/Contents/Resources/sdk/vexv5/libv5rt.a(v5_apijump.c.obj)
                0x0000000003802a10                vexTaskCompletionIdSet
 .text.vexTaskAddWithArg
                0x0000000003802a20       0x10 /Applications/VEXcode V5 Text.app/Contents/Resources/sdk/vexv5/libv5rt.a(v5_apijump.c.obj)
                0x0000000003802a20                vexTaskAddWithArg
 .text.vexTaskStopWithId
                0x0000000003802a30       0x10 /Applications/VEXcode V5 Text.app/Contents/Resources/sdk/vexv5/libv5rt.a(v5_apijump.c.obj)
                0x0000000003802a30                vexTaskStopWithId
 .text.vexCriticalSection
                0x0000000003802a40       0x2c /Applications/VEXcode V5 Text.app/Contents/Resources/sdk/vexv5/libv5rt.a(v5_apijump.c.obj)
                0x0000000003802a40                vexCriticalSection
 .text.vexEventAdd
                0x0000000003802a6c       0x34 /Applications/VEXcode V5 Text.app/Contents/Resources/sdk/vexv5/libv5rt.a(v5_apijump.c.obj)
                0x0000000003802a6c                vexEventAdd
 .text.vexEventUserIndexGet
                0x0000000003802aa0       0x1c /Applications/VEXcode V5 Text.app/Contents/Resources/sdk/vexv5/libv5rt.a(v5_apijump.c.obj)
                0x0000000003802aa0                vexEventUserIndexGet
 .text.vexEventAddWithArg
                0x0000000003802abc       0x3c /Applications/VEXcode V5 Text.app/Contents/Resources/sdk/vexv5/libv5rt.a(v5_apijump.c.obj)
                0x0000000003802abc                vexEventAddWithArg
 .text.vexEventsCleanup
                0x0000000003802af8       0x2c /Applications/VEXcode V5 Text.app/Contents/Resources/sdk/vexv5/libv5rt.a(v5_apijump.c.obj)
                0x0000000003802af8                vexEventsCleanup
 .text.vexDebug
                0x0000000003802b24       0x38 /Applications/VEXcode V5 Text.app/Contents/Resources/sdk/vexv5/libv5rt.a(v5_apijump.c.obj)
                0x0000000003802b24                vexDebug
 .text.vex_sprintf
                0x0000000003802b5c       0x40 /Applications/VEXcode V5 Text.app/Contents/Resources/sdk/vexv5/libv5rt.a(v5_apijump.c.obj)
                0x0000000003802b5c                vex_sprintf
 .text.vex_vsnprintf
                0x0000000003802b9c       0x3c /Applications/VEXcode V5 Text.app/Contents/Resources/sdk/vexv5/libv5rt.a(v5_apijump.c.obj)
                0x0000000003802b9c                vex_vsnprintf
 .text.vexSystemTimeGet
                0x0000000003802bd8       0x1c /Applications/VEXcode V5 Text.app/Contents/Resources/sdk/vexv5/libv5rt.a(v5_apijump.c.obj)
                0x0000000003802bd8                vexSystemTimeGet
 .text.vexSystemExitRequest
                0x0000000003802bf4       0x1c /Applications/VEXcode V5 Text.app/Contents/Resources/sdk/vexv5/libv5rt.a(v5_apijump.c.obj)
                0x0000000003802bf4                vexSystemExitRequest
 .text.vexDeviceGetByIndex
                0x0000000003802c10       0x24 /Applications/VEXcode V5 Text.app/Contents/Resources/sdk/vexv5/libv5rt.a(v5_apijump.c.obj)
                0x0000000003802c10                vexDeviceGetByIndex
 .text.vexControllerGet
                0x0000000003802c34       0x2c /Applications/VEXcode V5 Text.app/Contents/Resources/sdk/vexv5/libv5rt.a(v5_apijump.c.obj)
                0x0000000003802c34                vexControllerGet
 .text.vexDeviceAdiPortConfigSet
                0x0000000003802c60       0x34 /Applications/VEXcode V5 Text.app/Contents/Resources/sdk/vexv5/libv5rt.a(v5_apijump.c.obj)
                0x0000000003802c60                vexDeviceAdiPortConfigSet
 .text.vexDeviceAdiPortConfigGet
                0x0000000003802c94       0x2c /Applications/VEXcode V5 Text.app/Contents/Resources/sdk/vexv5/libv5rt.a(v5_apijump.c.obj)
                0x0000000003802c94                vexDeviceAdiPortConfigGet
 .text.vexDeviceAdiValueSet
                0x0000000003802cc0       0x34 /Applications/VEXcode V5 Text.app/Contents/Resources/sdk/vexv5/libv5rt.a(v5_apijump.c.obj)
                0x0000000003802cc0                vexDeviceAdiValueSet
 .text.vexDeviceAdiValueGet
                0x0000000003802cf4       0x2c /Applications/VEXcode V5 Text.app/Contents/Resources/sdk/vexv5/libv5rt.a(v5_apijump.c.obj)
                0x0000000003802cf4                vexDeviceAdiValueGet
 .text.vexDeviceMotorVelocitySet
                0x0000000003802d20       0x2c /Applications/VEXcode V5 Text.app/Contents/Resources/sdk/vexv5/libv5rt.a(v5_apijump.c.obj)
                0x0000000003802d20                vexDeviceMotorVelocitySet
 .text.vexDeviceMotorActualVelocityGet
                0x0000000003802d4c       0x24 /Applications/VEXcode V5 Text.app/Contents/Resources/sdk/vexv5/libv5rt.a(v5_apijump.c.obj)
                0x0000000003802d4c                vexDeviceMotorActualVelocityGet
 .text.vexDeviceMotorZeroPositionFlagGet
                0x0000000003802d70       0x24 /Applications/VEXcode V5 Text.app/Contents/Resources/sdk/vexv5/libv5rt.a(v5_apijump.c.obj)
                0x0000000003802d70                vexDeviceMotorZeroPositionFlagGet
 .text.vexDeviceMotorReverseFlagSet
                0x0000000003802d94       0x2c /Applications/VEXcode V5 Text.app/Contents/Resources/sdk/vexv5/libv5rt.a(v5_apijump.c.obj)
                0x0000000003802d94                vexDeviceMotorReverseFlagSet
 .text.vexDeviceMotorEncoderUnitsSet
                0x0000000003802dc0       0x2c /Applications/VEXcode V5 Text.app/Contents/Resources/sdk/vexv5/libv5rt.a(v5_apijump.c.obj)
                0x0000000003802dc0                vexDeviceMotorEncoderUnitsSet
 .text.vexDeviceMotorBrakeModeSet
                0x0000000003802dec       0x2c /Applications/VEXcode V5 Text.app/Contents/Resources/sdk/vexv5/libv5rt.a(v5_apijump.c.obj)
                0x0000000003802dec                vexDeviceMotorBrakeModeSet
 .text.vexDeviceMotorPositionSet
                0x0000000003802e18       0x34 /Applications/VEXcode V5 Text.app/Contents/Resources/sdk/vexv5/libv5rt.a(v5_apijump.c.obj)
                0x0000000003802e18                vexDeviceMotorPositionSet
 .text.vexDeviceMotorRelativeTargetSet
                0x0000000003802e4c       0x3c /Applications/VEXcode V5 Text.app/Contents/Resources/sdk/vexv5/libv5rt.a(v5_apijump.c.obj)
                0x0000000003802e4c                vexDeviceMotorRelativeTargetSet
 .text.vexDeviceMotorGearingSet
                0x0000000003802e88       0x2c /Applications/VEXcode V5 Text.app/Contents/Resources/sdk/vexv5/libv5rt.a(v5_apijump.c.obj)
                0x0000000003802e88                vexDeviceMotorGearingSet
 .text.vexDeviceMotorGearingGet
                0x0000000003802eb4       0x24 /Applications/VEXcode V5 Text.app/Contents/Resources/sdk/vexv5/libv5rt.a(v5_apijump.c.obj)
                0x0000000003802eb4                vexDeviceMotorGearingGet
 .text.vexDeviceImuReset
                0x0000000003802ed8       0x24 /Applications/VEXcode V5 Text.app/Contents/Resources/sdk/vexv5/libv5rt.a(v5_apijump.c.obj)
                0x0000000003802ed8                vexDeviceImuReset
 .text.vexDeviceImuHeadingGet
                0x0000000003802efc       0x24 /Applications/VEXcode V5 Text.app/Contents/Resources/sdk/vexv5/libv5rt.a(v5_apijump.c.obj)
                0x0000000003802efc                vexDeviceImuHeadingGet
 .text.vexDeviceImuDegreesGet
                0x0000000003802f20       0x24 /Applications/VEXcode V5 Text.app/Contents/Resources/sdk/vexv5/libv5rt.a(v5_apijump.c.obj)
                0x0000000003802f20                vexDeviceImuDegreesGet
 .text.vexDeviceImuStatusGet
                0x0000000003802f44       0x24 /Applications/VEXcode V5 Text.app/Contents/Resources/sdk/vexv5/libv5rt.a(v5_apijump.c.obj)
                0x0000000003802f44                vexDeviceImuStatusGet
 .text.vexDisplayForegroundColor
                0x0000000003802f68       0x24 /Applications/VEXcode V5 Text.app/Contents/Resources/sdk/vexv5/libv5rt.a(v5_apijump.c.obj)
                0x0000000003802f68                vexDisplayForegroundColor
 .text.vexDisplayBackgroundColor
                0x0000000003802f8c       0x24 /Applications/VEXcode V5 Text.app/Contents/Resources/sdk/vexv5/libv5rt.a(v5_apijump.c.obj)
                0x0000000003802f8c                vexDisplayBackgroundColor
 .text.vexDisplayBackgroundColorGet
                0x0000000003802fb0       0x1c /Applications/VEXcode V5 Text.app/Contents/Resources/sdk/vexv5/libv5rt.a(v5_apijump.c.obj)
                0x0000000003802fb0                vexDisplayBackgroundColorGet
 .text.vexDisplayRectClear
                0x0000000003802fcc       0x4c /Applications/VEXcode V5 Text.app/Contents/Resources/sdk/vexv5/libv5rt.a(v5_apijump.c.obj)
                0x0000000003802fcc                vexDisplayRectClear
 .text.vexDisplayPrintf
                0x0000000003803018       0x68 /Applications/VEXcode V5 Text.app/Contents/Resources/sdk/vexv5/libv5rt.a(v5_apijump.c.obj)
                0x0000000003803018                vexDisplayPrintf
 .text.vexDisplayTextReference
                0x0000000003803080       0x24 /Applications/VEXcode V5 Text.app/Contents/Resources/sdk/vexv5/libv5rt.a(v5_apijump.c.obj)
                0x0000000003803080                vexDisplayTextReference
 .text.vexDisplayTextSize
                0x00000000038030a4       0x2c /Applications/VEXcode V5 Text.app/Contents/Resources/sdk/vexv5/libv5rt.a(v5_apijump.c.obj)
                0x00000000038030a4                vexDisplayTextSize
 .text.vexDisplayFontNamedSet
                0x00000000038030d0       0x24 /Applications/VEXcode V5 Text.app/Contents/Resources/sdk/vexv5/libv5rt.a(v5_apijump.c.obj)
                0x00000000038030d0                vexDisplayFontNamedSet
 .text.vexDisplayStringWidthGet
                0x00000000038030f4       0x24 /Applications/VEXcode V5 Text.app/Contents/Resources/sdk/vexv5/libv5rt.a(v5_apijump.c.obj)
                0x00000000038030f4                vexDisplayStringWidthGet
 .text.vexSystemStdlibImpureDataAddr
                0x0000000003803118       0x28 /Applications/VEXcode V5 Text.app/Contents/Resources/sdk/vexv5/libv5rt.a(v5_apijump.c.obj)
                0x0000000003803118                vexSystemStdlibImpureDataAddr
 .text.vexSystemStdlibImpureDataSize
                0x0000000003803140       0x28 /Applications/VEXcode V5 Text.app/Contents/Resources/sdk/vexv5/libv5rt.a(v5_apijump.c.obj)
                0x0000000003803140                vexSystemStdlibImpureDataSize
 .text.vexSystemSaveUserData
                0x0000000003803168       0x3c /Applications/VEXcode V5 Text.app/Contents/Resources/sdk/vexv5/libv5rt.a(v5_apijump.c.obj)
                0x0000000003803168                vexSystemSaveUserData
 .text.vexDisplayThemeIdGet
                0x00000000038031a4       0x38 /Applications/VEXcode V5 Text.app/Contents/Resources/sdk/vexv5/libv5rt.a(v5_apijump.c.obj)
                0x00000000038031a4                vexDisplayThemeIdGet
 .text.vexDeviceEventMaskSet
                0x00000000038031dc       0x48 /Applications/VEXcode V5 Text.app/Contents/Resources/sdk/vexv5/libv5rt.a(v5_apijump.c.obj)
                0x00000000038031dc                vexDeviceEventMaskSet
 .text.vexDeviceEventMaskGet
                0x0000000003803224       0x3c /Applications/VEXcode V5 Text.app/Contents/Resources/sdk/vexv5/libv5rt.a(v5_apijump.c.obj)
                0x0000000003803224                vexDeviceEventMaskGet
 .text.vexSystemVersion
                0x0000000003803260       0x10 /Applications/VEXcode V5 Text.app/Contents/Resources/sdk/vexv5/libv5rt.a(v5_apiversions.c.obj)
                0x0000000003803260                vexSystemVersion
 .text.vexStdlibVersion
                0x0000000003803270       0x10 /Applications/VEXcode V5 Text.app/Contents/Resources/sdk/vexv5/libv5rt.a(v5_apiversions.c.obj)
                0x0000000003803270                vexStdlibVersion
 .text._ZN3vex4waitEdNS_9timeUnitsE
                0x0000000003803280       0x30 /Applications/VEXcode V5 Text.app/Contents/Resources/sdk/vexv5/libv5rt.a(vex_global.cpp.obj)
                0x0000000003803280                vex::wait(double, vex::timeUnits)
 .text._ZN3vex5motor9installedEv
                0x00000000038032b0       0x18 /Applications/VEXcode V5 Text.app/Contents/Resources/sdk/vexv5/libv5rt.a(vex_motor.cpp.obj)
                0x00000000038032b0                vex::motor::installed()
 .text._ZN3vex5motorD2Ev
                0x00000000038032c8       0x20 /Applications/VEXcode V5 Text.app/Contents/Resources/sdk/vexv5/libv5rt.a(vex_motor.cpp.obj)
                0x00000000038032c8                vex::motor::~motor()
                0x00000000038032c8                vex::motor::~motor()
 .text._ZN3vex5motor15defaultStoppingENS_9brakeTypeE
                0x00000000038032e8       0x30 /Applications/VEXcode V5 Text.app/Contents/Resources/sdk/vexv5/libv5rt.a(vex_motor.cpp.obj)
                0x00000000038032e8                vex::motor::defaultStopping(vex::brakeType)
 .text._ZN3vex5motorC2El
                0x0000000003803318       0x78 /Applications/VEXcode V5 Text.app/Contents/Resources/sdk/vexv5/libv5rt.a(vex_motor.cpp.obj)
                0x0000000003803318                vex::motor::motor(long)
                0x0000000003803318                vex::motor::motor(long)
 .text._ZN3vex5motorC2ElNS_11gearSettingEb
                0x0000000003803390       0x34 /Applications/VEXcode V5 Text.app/Contents/Resources/sdk/vexv5/libv5rt.a(vex_motor.cpp.obj)
                0x0000000003803390                vex::motor::motor(long, vex::gearSetting, bool)
                0x0000000003803390                vex::motor::motor(long, vex::gearSetting, bool)
 .text._ZN3vex5motor10isSpinningEv
                0x00000000038033c4       0x38 /Applications/VEXcode V5 Text.app/Contents/Resources/sdk/vexv5/libv5rt.a(vex_motor.cpp.obj)
                0x00000000038033c4                vex::motor::isSpinning()
 .text._ZN3vex5motor4stopENS_9brakeTypeE
                0x00000000038033fc       0x30 /Applications/VEXcode V5 Text.app/Contents/Resources/sdk/vexv5/libv5rt.a(vex_motor.cpp.obj)
                0x00000000038033fc                vex::motor::stop(vex::brakeType)
 .text._ZN3vex5motor4stopEv
                0x000000000380342c        0x8 /Applications/VEXcode V5 Text.app/Contents/Resources/sdk/vexv5/libv5rt.a(vex_motor.cpp.obj)
                0x000000000380342c                vex::motor::stop()
 .text._ZN3vex5motor16velocityToScaledEdNS_13velocityUnitsE
                0x0000000003803434       0x5c /Applications/VEXcode V5 Text.app/Contents/Resources/sdk/vexv5/libv5rt.a(vex_motor.cpp.obj)
                0x0000000003803434                vex::motor::velocityToScaled(double, vex::velocityUnits)
 .text._ZN3vex5motor8velocityENS_13velocityUnitsE
                0x0000000003803490       0x30 /Applications/VEXcode V5 Text.app/Contents/Resources/sdk/vexv5/libv5rt.a(vex_motor.cpp.obj)
                0x0000000003803490                vex::motor::velocity(vex::velocityUnits)
 .text._ZN3vex5motor5valueEv
                0x00000000038034c0       0x1c /Applications/VEXcode V5 Text.app/Contents/Resources/sdk/vexv5/libv5rt.a(vex_motor.cpp.obj)
                0x00000000038034c0                vex::motor::value()
 .text._ZN3vex5motor16scaledToVelocityEdNS_13velocityUnitsE
                0x00000000038034dc       0xa4 /Applications/VEXcode V5 Text.app/Contents/Resources/sdk/vexv5/libv5rt.a(vex_motor.cpp.obj)
                0x00000000038034dc                vex::motor::scaledToVelocity(double, vex::velocityUnits)
 .text._ZN3vex5motor4spinENS_13directionTypeEdNS_13velocityUnitsE
                0x0000000003803580       0x5c /Applications/VEXcode V5 Text.app/Contents/Resources/sdk/vexv5/libv5rt.a(vex_motor.cpp.obj)
                0x0000000003803580                vex::motor::spin(vex::directionType, double, vex::velocityUnits)
 .text._ZN3vex5motor11setVelocityEdNS_13velocityUnitsE
                0x00000000038035dc       0x54 /Applications/VEXcode V5 Text.app/Contents/Resources/sdk/vexv5/libv5rt.a(vex_motor.cpp.obj)
                0x00000000038035dc                vex::motor::setVelocity(double, vex::velocityUnits)
 .text._ZN3vex5motor16setRotationUnitsENS_13rotationUnitsE
                0x0000000003803630       0x1c /Applications/VEXcode V5 Text.app/Contents/Resources/sdk/vexv5/libv5rt.a(vex_motor.cpp.obj)
                0x0000000003803630                vex::motor::setRotationUnits(vex::rotationUnits)
 .text._ZN3vex5motor9rotateForEdNS_13rotationUnitsEdNS_13velocityUnitsEb
                0x000000000380364c       0xe0 /Applications/VEXcode V5 Text.app/Contents/Resources/sdk/vexv5/libv5rt.a(vex_motor.cpp.obj)
                0x000000000380364c                vex::motor::rotateFor(double, vex::rotationUnits, double, vex::velocityUnits, bool)
 .text._ZN3vex5motor9rotateForENS_13directionTypeEdNS_13rotationUnitsEdNS_13velocityUnitsEb
                0x000000000380372c       0x34 /Applications/VEXcode V5 Text.app/Contents/Resources/sdk/vexv5/libv5rt.a(vex_motor.cpp.obj)
                0x000000000380372c                vex::motor::rotateFor(vex::directionType, double, vex::rotationUnits, double, vex::velocityUnits, bool)
 .text._ZN3vex5motor9rotateForENS_13directionTypeEdNS_13rotationUnitsEb
                0x0000000003803760       0x3c /Applications/VEXcode V5 Text.app/Contents/Resources/sdk/vexv5/libv5rt.a(vex_motor.cpp.obj)
                0x0000000003803760                vex::motor::rotateFor(vex::directionType, double, vex::rotationUnits, bool)
 *fill*         0x000000000380379c        0x4 
 .text._ZN3vex8inertial10setHeadingEdNS_13rotationUnitsE
                0x00000000038037a0       0x60 /Applications/VEXcode V5 Text.app/Contents/Resources/sdk/vexv5/libv5rt.a(vex_imu.cpp.obj)
                0x00000000038037a0                vex::inertial::setHeading(double, vex::rotationUnits)
 .text._ZThn16_N3vex8inertial10setHeadingEdNS_13rotationUnitsE
                0x0000000003803800        0x8 /Applications/VEXcode V5 Text.app/Contents/Resources/sdk/vexv5/libv5rt.a(vex_imu.cpp.obj)
                0x0000000003803800                non-virtual thunk to vex::inertial::setHeading(double, vex::rotationUnits)
 .text._ZN3vex8inertial11setRotationEdNS_13rotationUnitsE
                0x0000000003803808       0x60 /Applications/VEXcode V5 Text.app/Contents/Resources/sdk/vexv5/libv5rt.a(vex_imu.cpp.obj)
                0x0000000003803808                vex::inertial::setRotation(double, vex::rotationUnits)
 .text._ZThn16_N3vex8inertial11setRotationEdNS_13rotationUnitsE
                0x0000000003803868        0x8 /Applications/VEXcode V5 Text.app/Contents/Resources/sdk/vexv5/libv5rt.a(vex_imu.cpp.obj)
                0x0000000003803868                non-virtual thunk to vex::inertial::setRotation(double, vex::rotationUnits)
 .text._ZN3vex8inertial9installedEv
                0x0000000003803870       0x18 /Applications/VEXcode V5 Text.app/Contents/Resources/sdk/vexv5/libv5rt.a(vex_imu.cpp.obj)
                0x0000000003803870                vex::inertial::installed()
 .text._ZN3vex8inertial5angleENS_13rotationUnitsE
                0x0000000003803888       0x60 /Applications/VEXcode V5 Text.app/Contents/Resources/sdk/vexv5/libv5rt.a(vex_imu.cpp.obj)
                0x0000000003803888                vex::inertial::angle(vex::rotationUnits)
 .text._ZThn16_N3vex8inertial5angleENS_13rotationUnitsE
                0x00000000038038e8        0x8 /Applications/VEXcode V5 Text.app/Contents/Resources/sdk/vexv5/libv5rt.a(vex_imu.cpp.obj)
                0x00000000038038e8                non-virtual thunk to vex::inertial::angle(vex::rotationUnits)
 .text._ZN3vex8inertial7headingENS_13rotationUnitsE
                0x00000000038038f0        0x4 /Applications/VEXcode V5 Text.app/Contents/Resources/sdk/vexv5/libv5rt.a(vex_imu.cpp.obj)
                0x00000000038038f0                vex::inertial::heading(vex::rotationUnits)
 .text._ZThn16_N3vex8inertial7headingENS_13rotationUnitsE
                0x00000000038038f4        0x8 /Applications/VEXcode V5 Text.app/Contents/Resources/sdk/vexv5/libv5rt.a(vex_imu.cpp.obj)
                0x00000000038038f4                non-virtual thunk to vex::inertial::heading(vex::rotationUnits)
 .text._ZN3vex8inertial5valueEv
                0x00000000038038fc       0x1c /Applications/VEXcode V5 Text.app/Contents/Resources/sdk/vexv5/libv5rt.a(vex_imu.cpp.obj)
                0x00000000038038fc                vex::inertial::value()
 .text._ZN3vex8inertial8rotationENS_13rotationUnitsE
                0x0000000003803918       0x40 /Applications/VEXcode V5 Text.app/Contents/Resources/sdk/vexv5/libv5rt.a(vex_imu.cpp.obj)
                0x0000000003803918                vex::inertial::rotation(vex::rotationUnits)
 .text._ZThn16_N3vex8inertial8rotationENS_13rotationUnitsE
                0x0000000003803958        0x8 /Applications/VEXcode V5 Text.app/Contents/Resources/sdk/vexv5/libv5rt.a(vex_imu.cpp.obj)
                0x0000000003803958                non-virtual thunk to vex::inertial::rotation(vex::rotationUnits)
 .text._ZN3vex8inertial13isCalibratingEv
                0x0000000003803960       0x38 /Applications/VEXcode V5 Text.app/Contents/Resources/sdk/vexv5/libv5rt.a(vex_imu.cpp.obj)
                0x0000000003803960                vex::inertial::isCalibrating()
 .text._ZThn16_N3vex8inertial13isCalibratingEv
                0x0000000003803998        0x8 /Applications/VEXcode V5 Text.app/Contents/Resources/sdk/vexv5/libv5rt.a(vex_imu.cpp.obj)
                0x0000000003803998                non-virtual thunk to vex::inertial::isCalibrating()
 .text._ZN3vex8inertialC2El
                0x00000000038039a0       0x48 /Applications/VEXcode V5 Text.app/Contents/Resources/sdk/vexv5/libv5rt.a(vex_imu.cpp.obj)
                0x00000000038039a0                vex::inertial::inertial(long)
                0x00000000038039a0                vex::inertial::inertial(long)
 .text._ZN3vex8inertialD2Ev
                0x00000000038039e8       0x20 /Applications/VEXcode V5 Text.app/Contents/Resources/sdk/vexv5/libv5rt.a(vex_imu.cpp.obj)
                0x00000000038039e8                vex::inertial::~inertial()
                0x00000000038039e8                vex::inertial::~inertial()
 .text._ZN3vex8inertial12resetHeadingEv
                0x0000000003803a08       0x20 /Applications/VEXcode V5 Text.app/Contents/Resources/sdk/vexv5/libv5rt.a(vex_imu.cpp.obj)
                0x0000000003803a08                vex::inertial::resetHeading()
 .text._ZN3vex8inertial13resetRotationEv
                0x0000000003803a28       0x20 /Applications/VEXcode V5 Text.app/Contents/Resources/sdk/vexv5/libv5rt.a(vex_imu.cpp.obj)
                0x0000000003803a28                vex::inertial::resetRotation()
 .text._ZN3vex8inertial16startCalibrationEl
                0x0000000003803a48       0x20 /Applications/VEXcode V5 Text.app/Contents/Resources/sdk/vexv5/libv5rt.a(vex_imu.cpp.obj)
                0x0000000003803a48                vex::inertial::startCalibration(long)
 .text._ZN3vex8inertial9calibrateEl
                0x0000000003803a68        0xc /Applications/VEXcode V5 Text.app/Contents/Resources/sdk/vexv5/libv5rt.a(vex_imu.cpp.obj)
                0x0000000003803a68                vex::inertial::calibrate(long)
                0x0000000003803a6c                non-virtual thunk to vex::inertial::calibrate(long)
 .text._ZN3vex10controllerD2Ev
                0x0000000003803a74        0x4 /Applications/VEXcode V5 Text.app/Contents/Resources/sdk/vexv5/libv5rt.a(vex_controller.cpp.obj)
                0x0000000003803a74                vex::controller::~controller()
                0x0000000003803a74                vex::controller::~controller()
 .text._ZN3vex10controller5valueE19_V5_ControllerIndex
                0x0000000003803a78        0x8 /Applications/VEXcode V5 Text.app/Contents/Resources/sdk/vexv5/libv5rt.a(vex_controller.cpp.obj)
                0x0000000003803a78                vex::controller::value(_V5_ControllerIndex)
 .text._ZN3vex10controller6button8pressingEv
                0x0000000003803a80       0xc8 /Applications/VEXcode V5 Text.app/Contents/Resources/sdk/vexv5/libv5rt.a(vex_controller.cpp.obj)
                0x0000000003803a80                vex::controller::button::pressing()
 .text._ZN3vex10controller6button21_buttonToPressedEventEv
                0x0000000003803b48       0x20 /Applications/VEXcode V5 Text.app/Contents/Resources/sdk/vexv5/libv5rt.a(vex_controller.cpp.obj)
                0x0000000003803b48                vex::controller::button::_buttonToPressedEvent()
 .text._ZN3vex10controller6button22_buttonToReleasedEventEv
                0x0000000003803b68       0x20 /Applications/VEXcode V5 Text.app/Contents/Resources/sdk/vexv5/libv5rt.a(vex_controller.cpp.obj)
                0x0000000003803b68                vex::controller::button::_buttonToReleasedEvent()
 .text._ZN3vex10controller6buttonC2ENS0_11tButtonTypeEPS0_
                0x0000000003803b88       0x48 /Applications/VEXcode V5 Text.app/Contents/Resources/sdk/vexv5/libv5rt.a(vex_controller.cpp.obj)
                0x0000000003803b88                vex::controller::button::button(vex::controller::tButtonType, vex::controller*)
                0x0000000003803b88                vex::controller::button::button(vex::controller::tButtonType, vex::controller*)
 .text._ZN3vex10controller4axis5valueEv
                0x0000000003803bd0       0x58 /Applications/VEXcode V5 Text.app/Contents/Resources/sdk/vexv5/libv5rt.a(vex_controller.cpp.obj)
                0x0000000003803bd0                vex::controller::axis::value()
 .text._ZN3vex10controller4axis23_joystickToChangedEventEv
                0x0000000003803c28       0x20 /Applications/VEXcode V5 Text.app/Contents/Resources/sdk/vexv5/libv5rt.a(vex_controller.cpp.obj)
                0x0000000003803c28                vex::controller::axis::_joystickToChangedEvent()
 .text._ZN3vex10controller4axisC2ENS0_9tAxisTypeEPS0_
                0x0000000003803c48       0x2c /Applications/VEXcode V5 Text.app/Contents/Resources/sdk/vexv5/libv5rt.a(vex_controller.cpp.obj)
                0x0000000003803c48                vex::controller::axis::axis(vex::controller::tAxisType, vex::controller*)
                0x0000000003803c48                vex::controller::axis::axis(vex::controller::tAxisType, vex::controller*)
 .text._ZN3vex10controllerC2ENS_14controllerTypeE
                0x0000000003803c74      0x204 /Applications/VEXcode V5 Text.app/Contents/Resources/sdk/vexv5/libv5rt.a(vex_controller.cpp.obj)
                0x0000000003803c74                vex::controller::controller(vex::controllerType)
                0x0000000003803c74                vex::controller::controller(vex::controllerType)
 .text._ZN3vex4taskC2EPFivE
                0x0000000003803e78       0x54 /Applications/VEXcode V5 Text.app/Contents/Resources/sdk/vexv5/libv5rt.a(vex_task.cpp.obj)
                0x0000000003803e78                vex::task::task(int (*)())
                0x0000000003803e78                vex::task::task(int (*)())
 .text._ZN3vex4taskD2Ev
                0x0000000003803ecc        0x4 /Applications/VEXcode V5 Text.app/Contents/Resources/sdk/vexv5/libv5rt.a(vex_task.cpp.obj)
                0x0000000003803ecc                vex::task::~task()
                0x0000000003803ecc                vex::task::~task()
 .text._ZN3vex4task4stopEPFivE
                0x0000000003803ed0        0xc /Applications/VEXcode V5 Text.app/Contents/Resources/sdk/vexv5/libv5rt.a(vex_task.cpp.obj)
                0x0000000003803ed0                vex::task::stop(int (*)())
 .text._ZN3vex4task5sleepEm
                0x0000000003803edc        0x4 /Applications/VEXcode V5 Text.app/Contents/Resources/sdk/vexv5/libv5rt.a(vex_task.cpp.obj)
                0x0000000003803edc                vex::task::sleep(unsigned long)
 .text._ZN3vex4task6_indexEPFivE
                0x0000000003803ee0       0x14 /Applications/VEXcode V5 Text.app/Contents/Resources/sdk/vexv5/libv5rt.a(vex_task.cpp.obj)
                0x0000000003803ee0                vex::task::_index(int (*)())
 .text._ZN3vex4task8_stopAllEv
                0x0000000003803ef4       0x3c /Applications/VEXcode V5 Text.app/Contents/Resources/sdk/vexv5/libv5rt.a(vex_task.cpp.obj)
                0x0000000003803ef4                vex::task::_stopAll()
 .text._ZN3vex11this_thread9sleep_forEm
                0x0000000003803f30        0x4 /Applications/VEXcode V5 Text.app/Contents/Resources/sdk/vexv5/libv5rt.a(vex_thread.cpp.obj)
                0x0000000003803f30                vex::this_thread::sleep_for(unsigned long)
 .text._ZN3vex5event4initEmmPFvvE
                0x0000000003803f34        0x4 /Applications/VEXcode V5 Text.app/Contents/Resources/sdk/vexv5/libv5rt.a(vex_event.cpp.obj)
                0x0000000003803f34                vex::event::init(unsigned long, unsigned long, void (*)())
 .text._ZN3vex5event4initEmmPFvPvES1_
                0x0000000003803f38        0x4 /Applications/VEXcode V5 Text.app/Contents/Resources/sdk/vexv5/libv5rt.a(vex_event.cpp.obj)
                0x0000000003803f38                vex::event::init(unsigned long, unsigned long, void (*)(void*), void*)
 .text._ZN3vex5event9userindexEv
                0x0000000003803f3c        0x4 /Applications/VEXcode V5 Text.app/Contents/Resources/sdk/vexv5/libv5rt.a(vex_event.cpp.obj)
                0x0000000003803f3c                vex::event::userindex()
 .text._ZZN3vex6meventC4EmmENUlvE_4_FUNEv
                0x0000000003803f40        0x4 /Applications/VEXcode V5 Text.app/Contents/Resources/sdk/vexv5/libv5rt.a(vex_mevent.cpp.obj)
 .text._ZN3vex6meventC2Emm
                0x0000000003803f44       0x70 /Applications/VEXcode V5 Text.app/Contents/Resources/sdk/vexv5/libv5rt.a(vex_mevent.cpp.obj)
                0x0000000003803f44                vex::mevent::mevent(unsigned long, unsigned long)
                0x0000000003803f44                vex::mevent::mevent(unsigned long, unsigned long)
 .text._ZN3vex5brainD2Ev
                0x0000000003803fb4       0x20 /Applications/VEXcode V5 Text.app/Contents/Resources/sdk/vexv5/libv5rt.a(vex_brain.cpp.obj)
                0x0000000003803fb4                vex::brain::~brain()
                0x0000000003803fb4                vex::brain::~brain()
 .text._ZN3vex5brain9_getIndexEv
                0x0000000003803fd4       0x10 /Applications/VEXcode V5 Text.app/Contents/Resources/sdk/vexv5/libv5rt.a(vex_brain.cpp.obj)
                0x0000000003803fd4                vex::brain::_getIndex()
 .text._ZN3vex5brain3lcd9setCursorEll
                0x0000000003803fe4       0x44 /Applications/VEXcode V5 Text.app/Contents/Resources/sdk/vexv5/libv5rt.a(vex_brain.cpp.obj)
                0x0000000003803fe4                vex::brain::lcd::setCursor(long, long)
 .text._ZN3vex5brain3lcd7setFontENS_8fontTypeE
                0x0000000003804028      0x23c /Applications/VEXcode V5 Text.app/Contents/Resources/sdk/vexv5/libv5rt.a(vex_brain.cpp.obj)
                0x0000000003804028                vex::brain::lcd::setFont(vex::fontType)
 .text._ZN3vex5brain3lcdC2Ev
                0x0000000003804264       0x94 /Applications/VEXcode V5 Text.app/Contents/Resources/sdk/vexv5/libv5rt.a(vex_brain.cpp.obj)
                0x0000000003804264                vex::brain::lcd::lcd()
                0x0000000003804264                vex::brain::lcd::lcd()
 .text._ZN3vex5brainC2Ev
                0x00000000038042f8       0x38 /Applications/VEXcode V5 Text.app/Contents/Resources/sdk/vexv5/libv5rt.a(vex_brain.cpp.obj)
                0x00000000038042f8                vex::brain::brain()
                0x00000000038042f8                vex::brain::brain()
 .text._ZN3vex5brain3lcd12_clearScreenEm
                0x0000000003804330       0x38 /Applications/VEXcode V5 Text.app/Contents/Resources/sdk/vexv5/libv5rt.a(vex_brain.cpp.obj)
                0x0000000003804330                vex::brain::lcd::_clearScreen(unsigned long)
 .text._ZN3vex5brain3lcd11clearScreenERKNS_5colorE
                0x0000000003804368       0x20 /Applications/VEXcode V5 Text.app/Contents/Resources/sdk/vexv5/libv5rt.a(vex_brain.cpp.obj)
                0x0000000003804368                vex::brain::lcd::clearScreen(vex::color const&)
 .text._ZN3vex5brain3lcd11clearScreenEv
                0x0000000003804388       0x2c /Applications/VEXcode V5 Text.app/Contents/Resources/sdk/vexv5/libv5rt.a(vex_brain.cpp.obj)
                0x0000000003804388                vex::brain::lcd::clearScreen()
 .text._ZN3vex5brain3lcd10rowToPixelEl
                0x00000000038043b4       0x34 /Applications/VEXcode V5 Text.app/Contents/Resources/sdk/vexv5/libv5rt.a(vex_brain.cpp.obj)
                0x00000000038043b4                vex::brain::lcd::rowToPixel(long)
 .text._ZN3vex5brain3lcd10colToPixelEl
                0x00000000038043e8       0x1c /Applications/VEXcode V5 Text.app/Contents/Resources/sdk/vexv5/libv5rt.a(vex_brain.cpp.obj)
                0x00000000038043e8                vex::brain::lcd::colToPixel(long)
 .text._ZN3vex5brain3lcd5printEPKcz
                0x0000000003804404       0xa0 /Applications/VEXcode V5 Text.app/Contents/Resources/sdk/vexv5/libv5rt.a(vex_brain.cpp.obj)
                0x0000000003804404                vex::brain::lcd::print(char const*, ...)
 .text._ZN3vex11competition8_disableEPv
                0x00000000038044a4       0x9c /Applications/VEXcode V5 Text.app/Contents/Resources/sdk/vexv5/libv5rt.a(vex_competition.cpp.obj)
                0x00000000038044a4                vex::competition::_disable(void*)
 .text._ZN3vex11competition11_autonomousEv
                0x0000000003804540       0x7c /Applications/VEXcode V5 Text.app/Contents/Resources/sdk/vexv5/libv5rt.a(vex_competition.cpp.obj)
                0x0000000003804540                vex::competition::_autonomous()
 .text._ZN3vex11competition14_drivercontrolEv
                0x00000000038045bc       0x7c /Applications/VEXcode V5 Text.app/Contents/Resources/sdk/vexv5/libv5rt.a(vex_competition.cpp.obj)
                0x00000000038045bc                vex::competition::_drivercontrol()
 .text._ZN3vex11competitionC2Ev
                0x0000000003804638      0x13c /Applications/VEXcode V5 Text.app/Contents/Resources/sdk/vexv5/libv5rt.a(vex_competition.cpp.obj)
                0x0000000003804638                vex::competition::competition()
                0x0000000003804638                vex::competition::competition()
 .text._ZN3vex11competitionD2Ev
                0x0000000003804774        0x4 /Applications/VEXcode V5 Text.app/Contents/Resources/sdk/vexv5/libv5rt.a(vex_competition.cpp.obj)
                0x0000000003804774                vex::competition::~competition()
                0x0000000003804774                vex::competition::~competition()
 .text._ZN3vex11competition10autonomousEPFvvE
                0x0000000003804778       0x44 /Applications/VEXcode V5 Text.app/Contents/Resources/sdk/vexv5/libv5rt.a(vex_competition.cpp.obj)
                0x0000000003804778                vex::competition::autonomous(void (*)())
 .text._ZN3vex11competition13drivercontrolEPFvvE
                0x00000000038047bc       0x44 /Applications/VEXcode V5 Text.app/Contents/Resources/sdk/vexv5/libv5rt.a(vex_competition.cpp.obj)
                0x00000000038047bc                vex::competition::drivercontrol(void (*)())
 .text._ZN3vex4gyro7headingENS_13rotationUnitsE
                0x0000000003804800        0xc /Applications/VEXcode V5 Text.app/Contents/Resources/sdk/vexv5/libv5rt.a(vex_triport.cpp.obj)
                0x0000000003804800                vex::gyro::heading(vex::rotationUnits)
 .text._ZN3vex7triport9installedEv
                0x000000000380480c       0x18 /Applications/VEXcode V5 Text.app/Contents/Resources/sdk/vexv5/libv5rt.a(vex_triport.cpp.obj)
                0x000000000380480c                vex::triport::installed()
 .text._ZN3vex7triportD2Ev
                0x0000000003804824       0x38 /Applications/VEXcode V5 Text.app/Contents/Resources/sdk/vexv5/libv5rt.a(vex_triport.cpp.obj)
                0x0000000003804824                vex::triport::~triport()
                0x0000000003804824                vex::triport::~triport()
 .text._ZN3vex7triport4portC2ElPS0_
                0x000000000380485c       0x74 /Applications/VEXcode V5 Text.app/Contents/Resources/sdk/vexv5/libv5rt.a(vex_triport.cpp.obj)
                0x000000000380485c                vex::triport::port::port(long, vex::triport*)
                0x000000000380485c                vex::triport::port::port(long, vex::triport*)
 .text._ZN3vex7triportC2El
                0x00000000038048d0       0xf0 /Applications/VEXcode V5 Text.app/Contents/Resources/sdk/vexv5/libv5rt.a(vex_triport.cpp.obj)
                0x00000000038048d0                vex::triport::triport(long)
                0x00000000038048d0                vex::triport::triport(long)
 .text._ZN3vex7triport4port4typeENS_11triportTypeE
                0x00000000038049c0       0x30 /Applications/VEXcode V5 Text.app/Contents/Resources/sdk/vexv5/libv5rt.a(vex_triport.cpp.obj)
                0x00000000038049c0                vex::triport::port::type(vex::triportType)
 .text._ZN3vex7triport4port4typeEv
                0x00000000038049f0       0x38 /Applications/VEXcode V5 Text.app/Contents/Resources/sdk/vexv5/libv5rt.a(vex_triport.cpp.obj)
                0x00000000038049f0                vex::triport::port::type()
 .text._ZN3vex7triport4port5valueEv
                0x0000000003804a28       0x14 /Applications/VEXcode V5 Text.app/Contents/Resources/sdk/vexv5/libv5rt.a(vex_triport.cpp.obj)
                0x0000000003804a28                vex::triport::port::value()
 .text._ZN3vex7triport4port5valueEl
                0x0000000003804a3c       0x18 /Applications/VEXcode V5 Text.app/Contents/Resources/sdk/vexv5/libv5rt.a(vex_triport.cpp.obj)
                0x0000000003804a3c                vex::triport::port::value(long)
 *fill*         0x0000000003804a54        0x4 
 .text._ZN3vex7triport4port11setRotationEdNS_13rotationUnitsE
                0x0000000003804a58       0x50 /Applications/VEXcode V5 Text.app/Contents/Resources/sdk/vexv5/libv5rt.a(vex_triport.cpp.obj)
                0x0000000003804a58                vex::triport::port::setRotation(double, vex::rotationUnits)
 .text._ZN3vex7triport4port13resetRotationEv
                0x0000000003804aa8       0x20 /Applications/VEXcode V5 Text.app/Contents/Resources/sdk/vexv5/libv5rt.a(vex_triport.cpp.obj)
                0x0000000003804aa8                vex::triport::port::resetRotation()
 .text._ZN3vex7triport4port8rotationENS_13rotationUnitsE
                0x0000000003804ac8       0x40 /Applications/VEXcode V5 Text.app/Contents/Resources/sdk/vexv5/libv5rt.a(vex_triport.cpp.obj)
                0x0000000003804ac8                vex::triport::port::rotation(vex::rotationUnits)
 .text._ZN3vex7triport4port14_convertAnalogENS_11analogUnitsE
                0x0000000003804b08       0x58 /Applications/VEXcode V5 Text.app/Contents/Resources/sdk/vexv5/libv5rt.a(vex_triport.cpp.obj)
                0x0000000003804b08                vex::triport::port::_convertAnalog(vex::analogUnits)
 .text._ZN3vex7triport4port14_virtual_valueEl
                0x0000000003804b60       0x14 /Applications/VEXcode V5 Text.app/Contents/Resources/sdk/vexv5/libv5rt.a(vex_triport.cpp.obj)
                0x0000000003804b60                vex::triport::port::_virtual_value(long)
 .text._ZN3vex11__trideviceC2ERNS_7triport4portENS_11triportTypeE
                0x0000000003804b74       0x5c /Applications/VEXcode V5 Text.app/Contents/Resources/sdk/vexv5/libv5rt.a(vex_triport.cpp.obj)
                0x0000000003804b74                vex::__tridevice::__tridevice(vex::triport::port&, vex::triportType)
                0x0000000003804b74                vex::__tridevice::__tridevice(vex::triport::port&, vex::triportType)
 .text._ZN3vex11__tridevice14_convertAnalogENS_11analogUnitsE
                0x0000000003804bd0        0x8 /Applications/VEXcode V5 Text.app/Contents/Resources/sdk/vexv5/libv5rt.a(vex_triport.cpp.obj)
                0x0000000003804bd0                vex::__tridevice::_convertAnalog(vex::analogUnits)
 .text._ZN3vex4gyro13isCalibratingEv
                0x0000000003804bd8       0x3c /Applications/VEXcode V5 Text.app/Contents/Resources/sdk/vexv5/libv5rt.a(vex_triport.cpp.obj)
                0x0000000003804bd8                vex::gyro::isCalibrating()
 .text._ZN3vex11__tridevice14_virtual_valueEl
                0x0000000003804c14        0x8 /Applications/VEXcode V5 Text.app/Contents/Resources/sdk/vexv5/libv5rt.a(vex_triport.cpp.obj)
                0x0000000003804c14                vex::__tridevice::_virtual_value(long)
 *fill*         0x0000000003804c1c        0x4 
 .text._ZN3vex4gyro5angleENS_13rotationUnitsE
                0x0000000003804c20       0x68 /Applications/VEXcode V5 Text.app/Contents/Resources/sdk/vexv5/libv5rt.a(vex_triport.cpp.obj)
                0x0000000003804c20                vex::gyro::angle(vex::rotationUnits)
 .text._ZN3vex4gyro8rotationENS_13rotationUnitsE
                0x0000000003804c88       0x58 /Applications/VEXcode V5 Text.app/Contents/Resources/sdk/vexv5/libv5rt.a(vex_triport.cpp.obj)
                0x0000000003804c88                vex::gyro::rotation(vex::rotationUnits)
 .text._ZN3vex4gyro11setRotationEdNS_13rotationUnitsE
                0x0000000003804ce0       0x60 /Applications/VEXcode V5 Text.app/Contents/Resources/sdk/vexv5/libv5rt.a(vex_triport.cpp.obj)
                0x0000000003804ce0                vex::gyro::setRotation(double, vex::rotationUnits)
 .text._ZN3vex6bumperC2ERNS_7triport4portE
                0x0000000003804d40       0x28 /Applications/VEXcode V5 Text.app/Contents/Resources/sdk/vexv5/libv5rt.a(vex_triport.cpp.obj)
                0x0000000003804d40                vex::bumper::bumper(vex::triport::port&)
                0x0000000003804d40                vex::bumper::bumper(vex::triport::port&)
 .text._ZN3vex6bumperD2Ev
                0x0000000003804d68        0x4 /Applications/VEXcode V5 Text.app/Contents/Resources/sdk/vexv5/libv5rt.a(vex_triport.cpp.obj)
                0x0000000003804d68                vex::bumper::~bumper()
                0x0000000003804d68                vex::bumper::~bumper()
 .text._ZN3vex3potC2ERNS_7triport4portE
                0x0000000003804d6c       0x20 /Applications/VEXcode V5 Text.app/Contents/Resources/sdk/vexv5/libv5rt.a(vex_triport.cpp.obj)
                0x0000000003804d6c                vex::pot::pot(vex::triport::port&)
                0x0000000003804d6c                vex::pot::pot(vex::triport::port&)
 .text._ZN3vex3potD2Ev
                0x0000000003804d8c        0x4 /Applications/VEXcode V5 Text.app/Contents/Resources/sdk/vexv5/libv5rt.a(vex_triport.cpp.obj)
                0x0000000003804d8c                vex::pot::~pot()
                0x0000000003804d8c                vex::pot::~pot()
 .text._ZN3vex3pot5valueENS_13rotationUnitsE
                0x0000000003804d90       0x60 /Applications/VEXcode V5 Text.app/Contents/Resources/sdk/vexv5/libv5rt.a(vex_triport.cpp.obj)
                0x0000000003804d90                vex::pot::value(vex::rotationUnits)
 .text._ZN3vex4gyroC2ERNS_7triport4portE
                0x0000000003804df0       0x48 /Applications/VEXcode V5 Text.app/Contents/Resources/sdk/vexv5/libv5rt.a(vex_triport.cpp.obj)
                0x0000000003804df0                vex::gyro::gyro(vex::triport::port&)
                0x0000000003804df0                vex::gyro::gyro(vex::triport::port&)
 .text._ZN3vex4gyroD2Ev
                0x0000000003804e38        0x4 /Applications/VEXcode V5 Text.app/Contents/Resources/sdk/vexv5/libv5rt.a(vex_triport.cpp.obj)
                0x0000000003804e38                vex::gyro::~gyro()
                0x0000000003804e38                vex::gyro::~gyro()
 *fill*         0x0000000003804e3c        0x4 
 .text._ZN3vex4gyro10resetAngleEdNS_13rotationUnitsE
                0x0000000003804e40       0x60 /Applications/VEXcode V5 Text.app/Contents/Resources/sdk/vexv5/libv5rt.a(vex_triport.cpp.obj)
                0x0000000003804e40                vex::gyro::resetAngle(double, vex::rotationUnits)
 .text._ZN3vex4gyro10setHeadingEdNS_13rotationUnitsE
                0x0000000003804ea0        0x4 /Applications/VEXcode V5 Text.app/Contents/Resources/sdk/vexv5/libv5rt.a(vex_triport.cpp.obj)
                0x0000000003804ea0                vex::gyro::setHeading(double, vex::rotationUnits)
 .text._ZN3vex4gyro16startCalibrationEl
                0x0000000003804ea4       0x20 /Applications/VEXcode V5 Text.app/Contents/Resources/sdk/vexv5/libv5rt.a(vex_triport.cpp.obj)
                0x0000000003804ea4                vex::gyro::startCalibration(long)
 .text._ZN3vex4gyro9calibrateEl
                0x0000000003804ec4        0x4 /Applications/VEXcode V5 Text.app/Contents/Resources/sdk/vexv5/libv5rt.a(vex_triport.cpp.obj)
                0x0000000003804ec4                vex::gyro::calibrate(long)
 .text._ZN3vex7encoderC2ERNS_7triport4portE
                0x0000000003804ec8       0x20 /Applications/VEXcode V5 Text.app/Contents/Resources/sdk/vexv5/libv5rt.a(vex_triport.cpp.obj)
                0x0000000003804ec8                vex::encoder::encoder(vex::triport::port&)
                0x0000000003804ec8                vex::encoder::encoder(vex::triport::port&)
 .text._ZN3vex7encoderD2Ev
                0x0000000003804ee8        0x4 /Applications/VEXcode V5 Text.app/Contents/Resources/sdk/vexv5/libv5rt.a(vex_triport.cpp.obj)
                0x0000000003804ee8                vex::encoder::~encoder()
                0x0000000003804ee8                vex::encoder::~encoder()
 .text._ZN3vex7encoder13resetRotationEv
                0x0000000003804eec        0x8 /Applications/VEXcode V5 Text.app/Contents/Resources/sdk/vexv5/libv5rt.a(vex_triport.cpp.obj)
                0x0000000003804eec                vex::encoder::resetRotation()
 .text._ZN3vex7encoder8rotationENS_13rotationUnitsE
                0x0000000003804ef4        0x8 /Applications/VEXcode V5 Text.app/Contents/Resources/sdk/vexv5/libv5rt.a(vex_triport.cpp.obj)
                0x0000000003804ef4                vex::encoder::rotation(vex::rotationUnits)
 .text.startup._GLOBAL__sub_I__ZN3vex7triportC2El
                0x0000000003804efc       0x30 /Applications/VEXcode V5 Text.app/Contents/Resources/sdk/vexv5/libv5rt.a(vex_triport.cpp.obj)
 .text._ZN3vex5colorD2Ev
                0x0000000003804f2c        0x4 /Applications/VEXcode V5 Text.app/Contents/Resources/sdk/vexv5/libv5rt.a(vex_color.cpp.obj)
                0x0000000003804f2c                vex::color::~color()
                0x0000000003804f2c                vex::color::~color()
 .text._ZNK3vex5colorcvmEv
                0x0000000003804f30        0x8 /Applications/VEXcode V5 Text.app/Contents/Resources/sdk/vexv5/libv5rt.a(vex_color.cpp.obj)
                0x0000000003804f30                vex::color::operator unsigned long() const
 .text.startup._GLOBAL__sub_I__ZN3vex5color5blackE
                0x0000000003804f38      0x164 /Applications/VEXcode V5 Text.app/Contents/Resources/sdk/vexv5/libv5rt.a(vex_color.cpp.obj)
 .text._ZN3vex5timerD2Ev
                0x000000000380509c        0x4 /Applications/VEXcode V5 Text.app/Contents/Resources/sdk/vexv5/libv5rt.a(vex_timer.cpp.obj)
                0x000000000380509c                vex::timer::~timer()
                0x000000000380509c                vex::timer::~timer()
 .text._ZN3vex5timer5clearEv
                0x00000000038050a0       0x1c /Applications/VEXcode V5 Text.app/Contents/Resources/sdk/vexv5/libv5rt.a(vex_timer.cpp.obj)
                0x00000000038050a0                vex::timer::clear()
 .text._ZN3vex5timerC2Ev
                0x00000000038050bc       0x14 /Applications/VEXcode V5 Text.app/Contents/Resources/sdk/vexv5/libv5rt.a(vex_timer.cpp.obj)
                0x00000000038050bc                vex::timer::timer()
                0x00000000038050bc                vex::timer::timer()
 .text._ZN3vex11motor_group18motor_group_motorsC2Ev
                0x00000000038050d0       0x28 /Applications/VEXcode V5 Text.app/Contents/Resources/sdk/vexv5/libv5rt.a(vex_motorgroup.cpp.obj)
                0x00000000038050d0                vex::motor_group::motor_group_motors::motor_group_motors()
                0x00000000038050d0                vex::motor_group::motor_group_motors::motor_group_motors()
 .text._ZN3vex11motor_groupC2Ev
                0x00000000038050f8       0x1c /Applications/VEXcode V5 Text.app/Contents/Resources/sdk/vexv5/libv5rt.a(vex_motorgroup.cpp.obj)
                0x00000000038050f8                vex::motor_group::motor_group()
                0x00000000038050f8                vex::motor_group::motor_group()
 .text._ZN3vex11motor_groupD2Ev
                0x0000000003805114        0x4 /Applications/VEXcode V5 Text.app/Contents/Resources/sdk/vexv5/libv5rt.a(vex_motorgroup.cpp.obj)
                0x0000000003805114                vex::motor_group::~motor_group()
                0x0000000003805114                vex::motor_group::~motor_group()
 .text._ZN3vex11motor_group9_addMotorERNS_5motorE
                0x0000000003805118       0x24 /Applications/VEXcode V5 Text.app/Contents/Resources/sdk/vexv5/libv5rt.a(vex_motorgroup.cpp.obj)
                0x0000000003805118                vex::motor_group::_addMotor(vex::motor&)
 .text._ZN3vex11motor_group11setVelocityEdNS_13velocityUnitsE
                0x000000000380513c       0x4c /Applications/VEXcode V5 Text.app/Contents/Resources/sdk/vexv5/libv5rt.a(vex_motorgroup.cpp.obj)
                0x000000000380513c                vex::motor_group::setVelocity(double, vex::velocityUnits)
 .text._ZN3vex11motor_group4spinENS_13directionTypeEdNS_13velocityUnitsE
                0x0000000003805188       0x54 /Applications/VEXcode V5 Text.app/Contents/Resources/sdk/vexv5/libv5rt.a(vex_motorgroup.cpp.obj)
                0x0000000003805188                vex::motor_group::spin(vex::directionType, double, vex::velocityUnits)
 .text._ZN3vex11motor_group10isSpinningEv
                0x00000000038051dc       0x40 /Applications/VEXcode V5 Text.app/Contents/Resources/sdk/vexv5/libv5rt.a(vex_motorgroup.cpp.obj)
                0x00000000038051dc                vex::motor_group::isSpinning()
 .text._ZN3vex11motor_group6isDoneEv
                0x000000000380521c       0x14 /Applications/VEXcode V5 Text.app/Contents/Resources/sdk/vexv5/libv5rt.a(vex_motorgroup.cpp.obj)
                0x000000000380521c                vex::motor_group::isDone()
 .text._ZN3vex11motor_group4stopEv
                0x0000000003805230       0x30 /Applications/VEXcode V5 Text.app/Contents/Resources/sdk/vexv5/libv5rt.a(vex_motorgroup.cpp.obj)
                0x0000000003805230                vex::motor_group::stop()
 .text._ZN3vex11motor_group20waitForCompletionAllEv
                0x0000000003805260       0x60 /Applications/VEXcode V5 Text.app/Contents/Resources/sdk/vexv5/libv5rt.a(vex_motorgroup.cpp.obj)
                0x0000000003805260                vex::motor_group::waitForCompletionAll()
 .text._ZN3vex11motor_group9rotateForENS_13directionTypeEdNS_13rotationUnitsEdNS_13velocityUnitsEb
                0x00000000038052c0       0xa8 /Applications/VEXcode V5 Text.app/Contents/Resources/sdk/vexv5/libv5rt.a(vex_motorgroup.cpp.obj)
                0x00000000038052c0                vex::motor_group::rotateFor(vex::directionType, double, vex::rotationUnits, double, vex::velocityUnits, bool)
 .text._ZN3vex11motor_group9rotateForENS_13directionTypeEdNS_13rotationUnitsEb
                0x0000000003805368       0x80 /Applications/VEXcode V5 Text.app/Contents/Resources/sdk/vexv5/libv5rt.a(vex_motorgroup.cpp.obj)
                0x0000000003805368                vex::motor_group::rotateFor(vex::directionType, double, vex::rotationUnits, bool)
 .text._ZN3vex10drivetrain8isMovingEv
                0x00000000038053e8       0x24 /Applications/VEXcode V5 Text.app/Contents/Resources/sdk/vexv5/libv5rt.a(vex_drivetrain.cpp.obj)
                0x00000000038053e8                vex::drivetrain::isMoving()
 .text._ZN3vex10drivetrainD2Ev
                0x000000000380540c       0x28 /Applications/VEXcode V5 Text.app/Contents/Resources/sdk/vexv5/libv5rt.a(vex_drivetrain.cpp.obj)
                0x000000000380540c                vex::drivetrain::~drivetrain()
                0x000000000380540c                vex::drivetrain::~drivetrain()
 .text._ZN3vex10drivetrain16setDriveVelocityEdNS_13velocityUnitsE
                0x0000000003805434       0x54 /Applications/VEXcode V5 Text.app/Contents/Resources/sdk/vexv5/libv5rt.a(vex_drivetrain.cpp.obj)
                0x0000000003805434                vex::drivetrain::setDriveVelocity(double, vex::velocityUnits)
 .text._ZN3vex10drivetrain12setGearRatioEd
                0x0000000003805488       0x54 /Applications/VEXcode V5 Text.app/Contents/Resources/sdk/vexv5/libv5rt.a(vex_drivetrain.cpp.obj)
                0x0000000003805488                vex::drivetrain::setGearRatio(double)
 .text._ZN3vex10drivetrain16setDriveVelocityEdNS_12percentUnitsE
                0x00000000038054dc        0x4 /Applications/VEXcode V5 Text.app/Contents/Resources/sdk/vexv5/libv5rt.a(vex_drivetrain.cpp.obj)
                0x00000000038054dc                vex::drivetrain::setDriveVelocity(double, vex::percentUnits)
 .text._ZN3vex10drivetrain10timeoutGetEv
                0x00000000038054e0        0x8 /Applications/VEXcode V5 Text.app/Contents/Resources/sdk/vexv5/libv5rt.a(vex_drivetrain.cpp.obj)
                0x00000000038054e0                vex::drivetrain::timeoutGet()
 .text._ZN3vex10drivetrain4turnENS_8turnTypeE
                0x00000000038054e8       0x50 /Applications/VEXcode V5 Text.app/Contents/Resources/sdk/vexv5/libv5rt.a(vex_drivetrain.cpp.obj)
                0x00000000038054e8                vex::drivetrain::turn(vex::turnType)
 .text._ZN3vex10drivetrain15setTurnVelocityEdNS_13velocityUnitsE
                0x0000000003805538       0x28 /Applications/VEXcode V5 Text.app/Contents/Resources/sdk/vexv5/libv5rt.a(vex_drivetrain.cpp.obj)
                0x0000000003805538                vex::drivetrain::setTurnVelocity(double, vex::velocityUnits)
 .text._ZN3vex10drivetrain4turnENS_8turnTypeEdNS_13velocityUnitsE
                0x0000000003805560       0x6c /Applications/VEXcode V5 Text.app/Contents/Resources/sdk/vexv5/libv5rt.a(vex_drivetrain.cpp.obj)
                0x0000000003805560                vex::drivetrain::turn(vex::turnType, double, vex::velocityUnits)
 .text._ZN3vex10drivetrain6isDoneEv
                0x00000000038055cc       0x14 /Applications/VEXcode V5 Text.app/Contents/Resources/sdk/vexv5/libv5rt.a(vex_drivetrain.cpp.obj)
                0x00000000038055cc                vex::drivetrain::isDone()
 .text._ZN3vex10drivetrain4stopEv
                0x00000000038055e0       0x24 /Applications/VEXcode V5 Text.app/Contents/Resources/sdk/vexv5/libv5rt.a(vex_drivetrain.cpp.obj)
                0x00000000038055e0                vex::drivetrain::stop()
 .text._ZN3vex10drivetrain21_waitForCompletionAllEv
                0x0000000003805604       0x60 /Applications/VEXcode V5 Text.app/Contents/Resources/sdk/vexv5/libv5rt.a(vex_drivetrain.cpp.obj)
                0x0000000003805604                vex::drivetrain::_waitForCompletionAll()
 *fill*         0x0000000003805664        0x4 
 .text._ZN3vex10drivetrain12distanceToMmEdNS_13distanceUnitsE
                0x0000000003805668       0x38 /Applications/VEXcode V5 Text.app/Contents/Resources/sdk/vexv5/libv5rt.a(vex_drivetrain.cpp.obj)
                0x0000000003805668                vex::drivetrain::distanceToMm(double, vex::distanceUnits)
 .text._ZN3vex10drivetrainC2ERNS_11motor_groupES2_dddNS_13distanceUnitsEd
                0x00000000038056a0       0xe8 /Applications/VEXcode V5 Text.app/Contents/Resources/sdk/vexv5/libv5rt.a(vex_drivetrain.cpp.obj)
                0x00000000038056a0                vex::drivetrain::drivetrain(vex::motor_group&, vex::motor_group&, double, double, double, vex::distanceUnits, double)
                0x00000000038056a0                vex::drivetrain::drivetrain(vex::motor_group&, vex::motor_group&, double, double, double, vex::distanceUnits, double)
 .text._ZN3vex10drivetrain15_distanceToRevsEdNS_13distanceUnitsE
                0x0000000003805788       0x34 /Applications/VEXcode V5 Text.app/Contents/Resources/sdk/vexv5/libv5rt.a(vex_drivetrain.cpp.obj)
                0x0000000003805788                vex::drivetrain::_distanceToRevs(double, vex::distanceUnits)
 .text._ZN3vex10drivetrain8driveForENS_13directionTypeEdNS_13distanceUnitsEb
                0x00000000038057bc       0x88 /Applications/VEXcode V5 Text.app/Contents/Resources/sdk/vexv5/libv5rt.a(vex_drivetrain.cpp.obj)
                0x00000000038057bc                vex::drivetrain::driveFor(vex::directionType, double, vex::distanceUnits, bool)
 .text._ZN3vex10drivetrain8driveForEdNS_13distanceUnitsEb
                0x0000000003805844       0x10 /Applications/VEXcode V5 Text.app/Contents/Resources/sdk/vexv5/libv5rt.a(vex_drivetrain.cpp.obj)
                0x0000000003805844                vex::drivetrain::driveFor(double, vex::distanceUnits, bool)
 *fill*         0x0000000003805854        0x4 
 .text._ZN3vex10drivetrain12_angleToRevsEdNS_13rotationUnitsE
                0x0000000003805858       0xc0 /Applications/VEXcode V5 Text.app/Contents/Resources/sdk/vexv5/libv5rt.a(vex_drivetrain.cpp.obj)
                0x0000000003805858                vex::drivetrain::_angleToRevs(double, vex::rotationUnits)
 .text._ZN3vex10drivetrain7turnForENS_8turnTypeEdNS_13rotationUnitsEb
                0x0000000003805918       0xbc /Applications/VEXcode V5 Text.app/Contents/Resources/sdk/vexv5/libv5rt.a(vex_drivetrain.cpp.obj)
                0x0000000003805918                vex::drivetrain::turnFor(vex::turnType, double, vex::rotationUnits, bool)
 .text._ZN3vex10drivetrain7turnForEdNS_13rotationUnitsEb
                0x00000000038059d4       0x10 /Applications/VEXcode V5 Text.app/Contents/Resources/sdk/vexv5/libv5rt.a(vex_drivetrain.cpp.obj)
                0x00000000038059d4                vex::drivetrain::turnFor(double, vex::rotationUnits, bool)
 .text._ZN3vex10drivetrain7turnForENS_8turnTypeEdNS_13rotationUnitsEdNS_13velocityUnitsEb
                0x00000000038059e4       0xd0 /Applications/VEXcode V5 Text.app/Contents/Resources/sdk/vexv5/libv5rt.a(vex_drivetrain.cpp.obj)
                0x00000000038059e4                vex::drivetrain::turnFor(vex::turnType, double, vex::rotationUnits, double, vex::velocityUnits, bool)
 .text._ZN3vex10drivetrain7turnForEdNS_13rotationUnitsEdNS_13velocityUnitsEb
                0x0000000003805ab4       0x18 /Applications/VEXcode V5 Text.app/Contents/Resources/sdk/vexv5/libv5rt.a(vex_drivetrain.cpp.obj)
                0x0000000003805ab4                vex::drivetrain::turnFor(double, vex::rotationUnits, double, vex::velocityUnits, bool)
 .text._ZN3vex10smartdriveC2ERNS_11motor_groupES2_RNS_8inertialEdddNS_13distanceUnitsEd
                0x0000000003805acc       0x78 /Applications/VEXcode V5 Text.app/Contents/Resources/sdk/vexv5/libv5rt.a(vex_smartdrive.cpp.obj)
                0x0000000003805acc                vex::smartdrive::smartdrive(vex::motor_group&, vex::motor_group&, vex::inertial&, double, double, double, vex::distanceUnits, double)
                0x0000000003805acc                vex::smartdrive::smartdrive(vex::motor_group&, vex::motor_group&, vex::inertial&, double, double, double, vex::distanceUnits, double)
 .text._ZN3vex10smartdriveD2Ev
                0x0000000003805b44       0x3c /Applications/VEXcode V5 Text.app/Contents/Resources/sdk/vexv5/libv5rt.a(vex_smartdrive.cpp.obj)
                0x0000000003805b44                vex::smartdrive::~smartdrive()
                0x0000000003805b44                vex::smartdrive::~smartdrive()
 .text._ZN3vex10smartdrive8rotationENS_13rotationUnitsE
                0x0000000003805b80       0x10 /Applications/VEXcode V5 Text.app/Contents/Resources/sdk/vexv5/libv5rt.a(vex_smartdrive.cpp.obj)
                0x0000000003805b80                vex::smartdrive::rotation(vex::rotationUnits)
 .text._ZN3vex10smartdrive9isTurningEv
                0x0000000003805b90       0x14 /Applications/VEXcode V5 Text.app/Contents/Resources/sdk/vexv5/libv5rt.a(vex_smartdrive.cpp.obj)
                0x0000000003805b90                vex::smartdrive::isTurning()
 .text._ZN3vex10smartdrive8isMovingEv
                0x0000000003805ba4        0x4 /Applications/VEXcode V5 Text.app/Contents/Resources/sdk/vexv5/libv5rt.a(vex_smartdrive.cpp.obj)
                0x0000000003805ba4                vex::smartdrive::isMoving()
 .text._ZN3vex10smartdrive11_initeventsEv
                0x0000000003805ba8       0x50 /Applications/VEXcode V5 Text.app/Contents/Resources/sdk/vexv5/libv5rt.a(vex_smartdrive.cpp.obj)
                0x0000000003805ba8                vex::smartdrive::_initevents()
 .text._ZN3vex10smartdrive22_testForCompletionGyroEv
                0x0000000003805bf8      0x11c /Applications/VEXcode V5 Text.app/Contents/Resources/sdk/vexv5/libv5rt.a(vex_smartdrive.cpp.obj)
                0x0000000003805bf8                vex::smartdrive::_testForCompletionGyro()
 .text._ZN3vex10smartdrive9_gyrotaskEPv
                0x0000000003805d14       0x7c /Applications/VEXcode V5 Text.app/Contents/Resources/sdk/vexv5/libv5rt.a(vex_smartdrive.cpp.obj)
                0x0000000003805d14                vex::smartdrive::_gyrotask(void*)
 .text._ZN3vex10smartdrive22_waitForCompletionGyroEv
                0x0000000003805d90       0x88 /Applications/VEXcode V5 Text.app/Contents/Resources/sdk/vexv5/libv5rt.a(vex_smartdrive.cpp.obj)
                0x0000000003805d90                vex::smartdrive::_waitForCompletionGyro()
 .text._ZN3vex10smartdrive7turnForENS_8turnTypeEdNS_13rotationUnitsEdNS_13velocityUnitsEb
                0x0000000003805e18      0x170 /Applications/VEXcode V5 Text.app/Contents/Resources/sdk/vexv5/libv5rt.a(vex_smartdrive.cpp.obj)
                0x0000000003805e18                vex::smartdrive::turnFor(vex::turnType, double, vex::rotationUnits, double, vex::velocityUnits, bool)
 .text._ZN3vex10smartdrive7turnForENS_8turnTypeEdNS_13rotationUnitsEb
                0x0000000003805f88       0x34 /Applications/VEXcode V5 Text.app/Contents/Resources/sdk/vexv5/libv5rt.a(vex_smartdrive.cpp.obj)
                0x0000000003805f88                vex::smartdrive::turnFor(vex::turnType, double, vex::rotationUnits, bool)
 .text._ZN3vex10smartdrive7turnForEdNS_13rotationUnitsEb
                0x0000000003805fbc       0x10 /Applications/VEXcode V5 Text.app/Contents/Resources/sdk/vexv5/libv5rt.a(vex_smartdrive.cpp.obj)
                0x0000000003805fbc                vex::smartdrive::turnFor(double, vex::rotationUnits, bool)
 .text._ZN3vex10smartdrive7turnForEdNS_13rotationUnitsEdNS_13velocityUnitsEb
                0x0000000003805fcc       0x18 /Applications/VEXcode V5 Text.app/Contents/Resources/sdk/vexv5/libv5rt.a(vex_smartdrive.cpp.obj)
                0x0000000003805fcc                vex::smartdrive::turnFor(double, vex::rotationUnits, double, vex::velocityUnits, bool)
 .text.vexAdiPortConfigSet
                0x0000000003805fe4       0x28 /Applications/VEXcode V5 Text.app/Contents/Resources/sdk/vexv5/libv5rt.a(v5_apiuser.c.obj)
                0x0000000003805fe4                vexAdiPortConfigSet
 .text.vexAdiPortConfigGet
                0x000000000380600c       0x28 /Applications/VEXcode V5 Text.app/Contents/Resources/sdk/vexv5/libv5rt.a(v5_apiuser.c.obj)
                0x000000000380600c                vexAdiPortConfigGet
 .text.vexAdiValueSet
                0x0000000003806034       0x28 /Applications/VEXcode V5 Text.app/Contents/Resources/sdk/vexv5/libv5rt.a(v5_apiuser.c.obj)
                0x0000000003806034                vexAdiValueSet
 .text.vexAdiValueGet
                0x000000000380605c       0x20 /Applications/VEXcode V5 Text.app/Contents/Resources/sdk/vexv5/libv5rt.a(v5_apiuser.c.obj)
                0x000000000380605c                vexAdiValueGet
 .text.vexMotorVelocitySet
                0x000000000380607c       0x20 /Applications/VEXcode V5 Text.app/Contents/Resources/sdk/vexv5/libv5rt.a(v5_apiuser.c.obj)
                0x000000000380607c                vexMotorVelocitySet
 .text.vexMotorActualVelocityGet
                0x000000000380609c       0x24 /Applications/VEXcode V5 Text.app/Contents/Resources/sdk/vexv5/libv5rt.a(v5_apiuser.c.obj)
                0x000000000380609c                vexMotorActualVelocityGet
 .text.vexMotorZeroPositionFlagGet
                0x00000000038060c0       0x18 /Applications/VEXcode V5 Text.app/Contents/Resources/sdk/vexv5/libv5rt.a(v5_apiuser.c.obj)
                0x00000000038060c0                vexMotorZeroPositionFlagGet
 .text.vexMotorReverseFlagSet
                0x00000000038060d8       0x20 /Applications/VEXcode V5 Text.app/Contents/Resources/sdk/vexv5/libv5rt.a(v5_apiuser.c.obj)
                0x00000000038060d8                vexMotorReverseFlagSet
 .text.vexMotorEncoderUnitsSet
                0x00000000038060f8       0x20 /Applications/VEXcode V5 Text.app/Contents/Resources/sdk/vexv5/libv5rt.a(v5_apiuser.c.obj)
                0x00000000038060f8                vexMotorEncoderUnitsSet
 .text.vexMotorBrakeModeSet
                0x0000000003806118       0x20 /Applications/VEXcode V5 Text.app/Contents/Resources/sdk/vexv5/libv5rt.a(v5_apiuser.c.obj)
                0x0000000003806118                vexMotorBrakeModeSet
 .text.vexMotorPositionSet
                0x0000000003806138       0x28 /Applications/VEXcode V5 Text.app/Contents/Resources/sdk/vexv5/libv5rt.a(v5_apiuser.c.obj)
                0x0000000003806138                vexMotorPositionSet
 .text.vexMotorRelativeTargetSet
                0x0000000003806160       0x30 /Applications/VEXcode V5 Text.app/Contents/Resources/sdk/vexv5/libv5rt.a(v5_apiuser.c.obj)
                0x0000000003806160                vexMotorRelativeTargetSet
 .text.vexMotorGearingSet
                0x0000000003806190       0x20 /Applications/VEXcode V5 Text.app/Contents/Resources/sdk/vexv5/libv5rt.a(v5_apiuser.c.obj)
                0x0000000003806190                vexMotorGearingSet
 .text.vexMotorGearingGet
                0x00000000038061b0       0x18 /Applications/VEXcode V5 Text.app/Contents/Resources/sdk/vexv5/libv5rt.a(v5_apiuser.c.obj)
                0x00000000038061b0                vexMotorGearingGet
 .text.vexImuReset
                0x00000000038061c8       0x10 /Applications/VEXcode V5 Text.app/Contents/Resources/sdk/vexv5/libv5rt.a(v5_apiuser.c.obj)
                0x00000000038061c8                vexImuReset
 .text.vexImuHeadingGet
                0x00000000038061d8       0x10 /Applications/VEXcode V5 Text.app/Contents/Resources/sdk/vexv5/libv5rt.a(v5_apiuser.c.obj)
                0x00000000038061d8                vexImuHeadingGet
 .text.vexImuDegreesGet
                0x00000000038061e8       0x10 /Applications/VEXcode V5 Text.app/Contents/Resources/sdk/vexv5/libv5rt.a(v5_apiuser.c.obj)
                0x00000000038061e8                vexImuDegreesGet
 .text.vexImuStatusGet
                0x00000000038061f8       0x10 /Applications/VEXcode V5 Text.app/Contents/Resources/sdk/vexv5/libv5rt.a(v5_apiuser.c.obj)
                0x00000000038061f8                vexImuStatusGet
 .text.vexEventMaskSet
                0x0000000003806208       0x28 /Applications/VEXcode V5 Text.app/Contents/Resources/sdk/vexv5/libv5rt.a(v5_apiuser.c.obj)
                0x0000000003806208                vexEventMaskSet
 .text.vexEventMaskGet
                0x0000000003806230       0x18 /Applications/VEXcode V5 Text.app/Contents/Resources/sdk/vexv5/libv5rt.a(v5_apiuser.c.obj)
                0x0000000003806230                vexEventMaskGet
 .text._ZN3vex6device5valueEv
                0x0000000003806248        0x8 /Applications/VEXcode V5 Text.app/Contents/Resources/sdk/vexv5/libv5rt.a(vex_device.cpp.obj)
                0x0000000003806248                vex::device::value()
 .text._ZN3vex6deviceD2Ev
                0x0000000003806250        0x4 /Applications/VEXcode V5 Text.app/Contents/Resources/sdk/vexv5/libv5rt.a(vex_device.cpp.obj)
                0x0000000003806250                vex::device::~device()
                0x0000000003806250                vex::device::~device()
 .text._ZN3vex6device4initEl
                0x0000000003806254       0x30 /Applications/VEXcode V5 Text.app/Contents/Resources/sdk/vexv5/libv5rt.a(vex_device.cpp.obj)
                0x0000000003806254                vex::device::init(long)
 .text._ZN3vex6deviceC2El
                0x0000000003806284       0x20 /Applications/VEXcode V5 Text.app/Contents/Resources/sdk/vexv5/libv5rt.a(vex_device.cpp.obj)
                0x0000000003806284                vex::device::device(long)
                0x0000000003806284                vex::device::device(long)
 .text._ZN3vex6device4typeEv
                0x00000000038062a4       0x10 /Applications/VEXcode V5 Text.app/Contents/Resources/sdk/vexv5/libv5rt.a(vex_device.cpp.obj)
                0x00000000038062a4                vex::device::type()
 .text._ZN3vex6device9installedEv
                0x00000000038062b4       0x14 /Applications/VEXcode V5 Text.app/Contents/Resources/sdk/vexv5/libv5rt.a(vex_device.cpp.obj)
                0x00000000038062b4                vex::device::installed()
 .text.__aeabi_memcpy
                0x00000000038062c8        0x4 /Applications/VEXcode V5 Text.app/Contents/Resources/sdk/vexv5/gcc/libs/libc.a(lib_a-aeabi_memcpy.o)
                0x00000000038062c8                __aeabi_memcpy4
                0x00000000038062c8                __aeabi_memcpy
                0x00000000038062c8                __aeabi_memcpy8
 .text.__libc_fini_array
                0x00000000038062cc       0x30 /Applications/VEXcode V5 Text.app/Contents/Resources/sdk/vexv5/gcc/libs/libc.a(lib_a-fini.o)
                0x00000000038062cc                __libc_fini_array
 .text.__libc_init_array
                0x00000000038062fc       0x58 /Applications/VEXcode V5 Text.app/Contents/Resources/sdk/vexv5/gcc/libs/libc.a(lib_a-init.o)
                0x00000000038062fc                __libc_init_array
 .text.memcpy   0x0000000003806354       0xa8 /Applications/VEXcode V5 Text.app/Contents/Resources/sdk/vexv5/gcc/libs/libc.a(lib_a-memcpy.o)
                0x0000000003806354                memcpy
 *fill*         0x00000000038063fc        0x4 
 .text.memcpy.__stub
                0x0000000003806400       0x18 linker stubs
 *(.gnu.linkonce.t.*)
 *(.plt)
 *(.gnu_warning)
 *(.gcc_except_table)
 *(.glue_7)
 .glue_7        0x0000000003806418        0x0 linker stubs
 *(.glue_7t)
 .glue_7t       0x0000000003806418        0x0 linker stubs
 *(.vfp11_veneer)
 .vfp11_veneer  0x0000000003806418        0x0 linker stubs
 *(.ARM.extab)
 *(.gnu.linkonce.armextab.*)

.v4_bx          0x0000000003806418        0x0
 .v4_bx         0x0000000003806418        0x0 linker stubs

.iplt           0x0000000003806418        0x0
 .iplt          0x0000000003806418        0x0 build/src/main.o

.init
 *(.init)

.fini
 *(.fini)

.rodata         0x0000000003806418      0x44c
                0x0000000003806418                __rodata_start = .
 *(.rodata)
 *(.rodata.*)
 .rodata..Lconstinit
                0x0000000003806418      0x200 build/src/main.o
 .rodata.str1.1
                0x0000000003806618       0x6c build/src/main.o
 .rodata.str1.1
                0x0000000003806684       0x2e /Applications/VEXcode V5 Text.app/Contents/Resources/sdk/vexv5/libv5rt.a(v5_startup.c.obj)
 *fill*         0x00000000038066b2        0x2 
 .rodata._ZN3vex5PORT1E
                0x00000000038066b4        0x4 /Applications/VEXcode V5 Text.app/Contents/Resources/sdk/vexv5/libv5rt.a(vex_global.cpp.obj)
                0x00000000038066b4                vex::PORT1
 .rodata._ZN3vex6PORT10E
                0x00000000038066b8        0x4 /Applications/VEXcode V5 Text.app/Contents/Resources/sdk/vexv5/libv5rt.a(vex_global.cpp.obj)
                0x00000000038066b8                vex::PORT10
 .rodata._ZN3vex4msecE
                0x00000000038066bc        0x4 /Applications/VEXcode V5 Text.app/Contents/Resources/sdk/vexv5/libv5rt.a(vex_global.cpp.obj)
                0x00000000038066bc                vex::msec
 .rodata._ZN3vex6PORT21E
                0x00000000038066c0        0x4 /Applications/VEXcode V5 Text.app/Contents/Resources/sdk/vexv5/libv5rt.a(vex_global.cpp.obj)
                0x00000000038066c0                vex::PORT21
 .rodata._ZN3vex5PORT6E
                0x00000000038066c4        0x4 /Applications/VEXcode V5 Text.app/Contents/Resources/sdk/vexv5/libv5rt.a(vex_global.cpp.obj)
                0x00000000038066c4                vex::PORT6
 .rodata._ZN3vex7primaryE
                0x00000000038066c8        0x4 /Applications/VEXcode V5 Text.app/Contents/Resources/sdk/vexv5/libv5rt.a(vex_global.cpp.obj)
                0x00000000038066c8                vex::primary
 .rodata._ZN3vex7percentE
                0x00000000038066cc        0x4 /Applications/VEXcode V5 Text.app/Contents/Resources/sdk/vexv5/libv5rt.a(vex_global.cpp.obj)
                0x00000000038066cc                vex::percent
 .rodata._ZN3vex6PORT19E
                0x00000000038066d0        0x4 /Applications/VEXcode V5 Text.app/Contents/Resources/sdk/vexv5/libv5rt.a(vex_global.cpp.obj)
                0x00000000038066d0                vex::PORT19
 .rodata._ZN3vex7degreesE
                0x00000000038066d4        0x4 /Applications/VEXcode V5 Text.app/Contents/Resources/sdk/vexv5/libv5rt.a(vex_global.cpp.obj)
                0x00000000038066d4                vex::degrees
 .rodata._ZN3vex6PORT22E
                0x00000000038066d8        0x4 /Applications/VEXcode V5 Text.app/Contents/Resources/sdk/vexv5/libv5rt.a(vex_global.cpp.obj)
                0x00000000038066d8                vex::PORT22
 .rodata._ZN3vex6PORT12E
                0x00000000038066dc        0x4 /Applications/VEXcode V5 Text.app/Contents/Resources/sdk/vexv5/libv5rt.a(vex_global.cpp.obj)
                0x00000000038066dc                vex::PORT12
 .rodata._ZN3vex5PORT7E
                0x00000000038066e0        0x4 /Applications/VEXcode V5 Text.app/Contents/Resources/sdk/vexv5/libv5rt.a(vex_global.cpp.obj)
                0x00000000038066e0                vex::PORT7
 .rodata._ZN3vex6PORT16E
                0x00000000038066e4        0x4 /Applications/VEXcode V5 Text.app/Contents/Resources/sdk/vexv5/libv5rt.a(vex_global.cpp.obj)
                0x00000000038066e4                vex::PORT16
 .rodata._ZN3vex2mmE
                0x00000000038066e8        0x4 /Applications/VEXcode V5 Text.app/Contents/Resources/sdk/vexv5/libv5rt.a(vex_global.cpp.obj)
                0x00000000038066e8                vex::mm
 .rodata._ZN3vex6PORT13E
                0x00000000038066ec        0x4 /Applications/VEXcode V5 Text.app/Contents/Resources/sdk/vexv5/libv5rt.a(vex_global.cpp.obj)
                0x00000000038066ec                vex::PORT13
 .rodata._ZN3vex9ratio18_1E
                0x00000000038066f0        0x4 /Applications/VEXcode V5 Text.app/Contents/Resources/sdk/vexv5/libv5rt.a(vex_global.cpp.obj)
                0x00000000038066f0                vex::ratio18_1
 .rodata._ZN3vex6inchesE
                0x00000000038066f4        0x4 /Applications/VEXcode V5 Text.app/Contents/Resources/sdk/vexv5/libv5rt.a(vex_global.cpp.obj)
                0x00000000038066f4                vex::inches
 .rodata._ZTVN3vex5motorE
                0x00000000038066f8       0x10 /Applications/VEXcode V5 Text.app/Contents/Resources/sdk/vexv5/libv5rt.a(vex_motor.cpp.obj)
                0x00000000038066f8                vtable for vex::motor
 .rodata._ZTVN3vex8inertialE
                0x0000000003806708       0x50 /Applications/VEXcode V5 Text.app/Contents/Resources/sdk/vexv5/libv5rt.a(vex_imu.cpp.obj)
                0x0000000003806708                vtable for vex::inertial
 .rodata.CSWTCH.15
                0x0000000003806758        0xb /Applications/VEXcode V5 Text.app/Contents/Resources/sdk/vexv5/libv5rt.a(vex_controller.cpp.obj)
 .rodata.CSWTCH.17
                0x0000000003806763        0xb /Applications/VEXcode V5 Text.app/Contents/Resources/sdk/vexv5/libv5rt.a(vex_controller.cpp.obj)
 .rodata.CSWTCH.23
                0x000000000380676e        0x3 /Applications/VEXcode V5 Text.app/Contents/Resources/sdk/vexv5/libv5rt.a(vex_controller.cpp.obj)
 .rodata.str1.1
                0x0000000003806771       0x14 /Applications/VEXcode V5 Text.app/Contents/Resources/sdk/vexv5/libv5rt.a(vex_task.cpp.obj)
 .rodata.str1.1
                0x0000000003806785       0x2b /Applications/VEXcode V5 Text.app/Contents/Resources/sdk/vexv5/libv5rt.a(vex_brain.cpp.obj)
 .rodata._ZTVN3vex7triportE
                0x00000000038067b0       0x10 /Applications/VEXcode V5 Text.app/Contents/Resources/sdk/vexv5/libv5rt.a(vex_triport.cpp.obj)
                0x00000000038067b0                vtable for vex::triport
 .rodata._ZTVN3vex4gyroE
                0x00000000038067c0       0x24 /Applications/VEXcode V5 Text.app/Contents/Resources/sdk/vexv5/libv5rt.a(vex_triport.cpp.obj)
                0x00000000038067c0                vtable for vex::gyro
 .rodata.CSWTCH.34
                0x00000000038067e4       0x10 /Applications/VEXcode V5 Text.app/Contents/Resources/sdk/vexv5/libv5rt.a(vex_triport.cpp.obj)
 .rodata.CSWTCH.29
                0x00000000038067f4        0xe /Applications/VEXcode V5 Text.app/Contents/Resources/sdk/vexv5/libv5rt.a(vex_triport.cpp.obj)
 *fill*         0x0000000003806802        0x6 
 .rodata._ZTVN3vex10drivetrainE
                0x0000000003806808       0x1c /Applications/VEXcode V5 Text.app/Contents/Resources/sdk/vexv5/libv5rt.a(vex_drivetrain.cpp.obj)
                0x0000000003806808                vtable for vex::drivetrain
 .rodata.str1.1
                0x0000000003806824        0xa /Applications/VEXcode V5 Text.app/Contents/Resources/sdk/vexv5/libv5rt.a(vex_smartdrive.cpp.obj)
 *fill*         0x000000000380682e        0x2 
 .rodata._ZTVN3vex10smartdriveE
                0x0000000003806830       0x1c /Applications/VEXcode V5 Text.app/Contents/Resources/sdk/vexv5/libv5rt.a(vex_smartdrive.cpp.obj)
                0x0000000003806830                vtable for vex::smartdrive
 *fill*         0x000000000380684c        0x4 
 .rodata._ZTVN3vex6deviceE
                0x0000000003806850       0x10 /Applications/VEXcode V5 Text.app/Contents/Resources/sdk/vexv5/libv5rt.a(vex_device.cpp.obj)
                0x0000000003806850                vtable for vex::device
 .rodata.str1.4
                0x0000000003806860        0x4 /Applications/VEXcode V5 Text.app/Contents/Resources/sdk/vexv5/gcc/libs/libc.a(lib_a-impure.o)
                                          0x2 (size before relaxing)
 *(.gnu.linkonce.r.*)
                0x0000000003806864                __rodata_end = .

.rodata1        0x0000000003806864        0x0
                0x0000000003806864                __rodata1_start = .
 *(.rodata1)
 *(.rodata1.*)
                0x0000000003806864                __rodata1_end = .

.sdata2         0x0000000003806864        0x0
                0x0000000003806864                __sdata2_start = .
 *(.sdata2)
 *(.sdata2.*)
 *(.gnu.linkonce.s2.*)
                0x0000000003806864                __sdata2_end = .

.sbss2          0x0000000003806864        0x0
                0x0000000003806864                __sbss2_start = .
 *(.sbss2)
 *(.sbss2.*)
 *(.gnu.linkonce.sb2.*)
                0x0000000003806864                __sbss2_end = .

.data           0x0000000003806868      0x43c
                0x0000000003806868                __data_start = .
 *(.data)
 *(.data.*)
 .data.RemoteControlCodeEnabled
                0x0000000003806868        0x1 build/src/main.o
                0x0000000003806868                RemoteControlCodeEnabled
 *fill*         0x0000000003806869        0x3 
 .data.appRunning
                0x000000000380686c        0x4 /Applications/VEXcode V5 Text.app/Contents/Resources/sdk/vexv5/libv5rt.a(v5_startup.c.obj)
                0x000000000380686c                appRunning
 .data.__yoff   0x0000000003806870        0x4 /Applications/VEXcode V5 Text.app/Contents/Resources/sdk/vexv5/libv5rt.a(v5_apijump.c.obj)
 .data._ZN3vex24__default_motor_velocityE
                0x0000000003806874        0x4 /Applications/VEXcode V5 Text.app/Contents/Resources/sdk/vexv5/libv5rt.a(vex_motor.cpp.obj)
                0x0000000003806874                vex::__default_motor_velocity
 .data.impure_data
                0x0000000003806878      0x428 /Applications/VEXcode V5 Text.app/Contents/Resources/sdk/vexv5/gcc/libs/libc.a(lib_a-impure.o)
 .data._impure_ptr
                0x0000000003806ca0        0x4 /Applications/VEXcode V5 Text.app/Contents/Resources/sdk/vexv5/gcc/libs/libc.a(lib_a-impure.o)
                0x0000000003806ca0                _impure_ptr
 *(.gnu.linkonce.d.*)
 *(.jcr)
 *(.got)
 *(.got.plt)
                0x0000000003806ca4                __data_end = .

.igot.plt       0x0000000003806ca4        0x0
 .igot.plt      0x0000000003806ca4        0x0 build/src/main.o

.data1          0x0000000003806ca4        0x0
                0x0000000003806ca4                __data1_start = .
 *(.data1)
 *(.data1.*)
                0x0000000003806ca4                __data1_end = .

.got
 *(.got)

.ctors          0x0000000003806ca4        0x0
                0x0000000003806ca4                __CTOR_LIST__ = .
                0x0000000003806ca4                ___CTORS_LIST___ = .
 *crtbegin.o(.ctors)
 *(EXCLUDE_FILE(*crtend.o) .ctors)
 *(SORT_BY_NAME(.ctors.*))
 *(.ctors)
                0x0000000003806ca4                __CTOR_END__ = .
                0x0000000003806ca4                ___CTORS_END___ = .

.dtors          0x0000000003806ca4        0x0
                0x0000000003806ca4                __DTOR_LIST__ = .
                0x0000000003806ca4                ___DTORS_LIST___ = .
 *crtbegin.o(.dtors)
 *(EXCLUDE_FILE(*crtend.o) .dtors)
 *(SORT_BY_NAME(.dtors.*))
 *(.dtors)
                0x0000000003806ca4                __DTOR_END__ = .
                0x0000000003806ca4                ___DTORS_END___ = .

.fixup          0x0000000003806ca4        0x0
                0x0000000003806ca4                __fixup_start = .
 *(.fixup)
                0x0000000003806ca4                __fixup_end = .

.eh_frame
 *(.eh_frame)

.eh_framehdr    0x0000000003806ca4        0x0
                0x0000000003806ca4                __eh_framehdr_start = .
 *(.eh_framehdr)
                0x0000000003806ca4                __eh_framehdr_end = .

.gcc_except_table
 *(.gcc_except_table)

.mmu_tbl        0x0000000003808000        0x0
                0x0000000003808000                __mmu_tbl_start = .
 *(.mmu_tbl)
                0x0000000003808000                __mmu_tbl_end = .

.ARM.exidx      0x0000000003806ca4        0x8
                0x0000000003806ca4                __exidx_start = .
 *(.ARM.exidx*)
 .ARM.exidx.text._ZN13pidController5speedEdd
                0x0000000003806ca4        0x8 build/src/main.o
 .ARM.exidx.text._ZN4base8leftSpinEi
                0x0000000003806cac        0x0 build/src/main.o
                                          0x8 (size before relaxing)
 .ARM.exidx.text._ZN4base9rightSpinEi
                0x0000000003806cac        0x0 build/src/main.o
                                          0x8 (size before relaxing)
 .ARM.exidx.text._ZN4base5BrakeEv
                0x0000000003806cac        0x0 build/src/main.o
                                          0x8 (size before relaxing)
 .ARM.exidx.text._ZN4base11userControlEib
                0x0000000003806cac        0x0 build/src/main.o
                                          0x8 (size before relaxing)
 .ARM.exidx.text._ZN4base8drivePIDEddd
                0x0000000003806cac        0x0 build/src/main.o
                                          0x8 (size before relaxing)
 .ARM.exidx.text._ZN4base12driveBackPIDEddd
                0x0000000003806cac        0x0 build/src/main.o
                                          0x8 (size before relaxing)
 .ARM.exidx.text._ZN4base7turnPIDEddd
                0x0000000003806cac        0x0 build/src/main.o
                                          0x8 (size before relaxing)
 .ARM.exidx.text._ZN6intake11userControlEv
                0x0000000003806cac        0x0 build/src/main.o
                                          0x8 (size before relaxing)
 .ARM.exidx.text._ZN4lift4SpinEii
                0x0000000003806cac        0x0 build/src/main.o
                                          0x8 (size before relaxing)
 .ARM.exidx.text._ZN4lift6liftUpEiii
                0x0000000003806cac        0x0 build/src/main.o
                                          0x8 (size before relaxing)
 .ARM.exidx.text._ZN4lift8liftDownEiii
                0x0000000003806cac        0x0 build/src/main.o
                                          0x8 (size before relaxing)
 .ARM.exidx.text._ZN4lift11userControlEv